Archive member included to satisfy reference by file (symbol)

c:/program files/microchip/xc8/v2.40/avr/bin/../lib/gcc/avr/5.4.0/avrxmega3/short-calls\libgcc.a(_divmodhi4.o)
                              build/default/production/main.o (__divmodhi4)
c:/program files/microchip/xc8/v2.40/avr/bin/../lib/gcc/avr/5.4.0/avrxmega3/short-calls\libgcc.a(_copy_data.o)
                              build/default/production/mcc_generated_files/src/spi0.o (__do_copy_data)
c:/program files/microchip/xc8/v2.40/avr/bin/../lib/gcc/avr/5.4.0/avrxmega3/short-calls\libgcc.a(_udivmodhi4.o)
                              c:/program files/microchip/xc8/v2.40/avr/bin/../lib/gcc/avr/5.4.0/avrxmega3/short-calls\libgcc.a(_divmodhi4.o) (__udivmodhi4)
c:/program files/microchip/xc8/v2.40/avr/bin/../lib/gcc/avr/5.4.0/../../../../avr/lib/avrxmega3/short-calls\libc.a(exit.o)
                              C:/Program Files/Microchip/MPLABX/v6.00/packs/Microchip/ATtiny_DFP/2.7.128/xc8/avr/lib/avrxmega3/short-calls/crtattiny406.o (exit)
c:/program files/microchip/xc8/v2.40/avr/bin/../lib/gcc/avr/5.4.0/../../../../avr/lib/avrxmega3/short-calls\libc.a(_Exit.o)
                              c:/program files/microchip/xc8/v2.40/avr/bin/../lib/gcc/avr/5.4.0/../../../../avr/lib/avrxmega3/short-calls\libc.a(exit.o) (_Exit)
c:/program files/microchip/xc8/v2.40/avr/bin/../lib/gcc/avr/5.4.0/avrxmega3/short-calls\libgcc.a(_exit.o)
                              c:/program files/microchip/xc8/v2.40/avr/bin/../lib/gcc/avr/5.4.0/../../../../avr/lib/avrxmega3/short-calls\libc.a(_Exit.o) (_exit)

Discarded input sections

 .data          0x0000000000000000        0x0 C:/Program Files/Microchip/MPLABX/v6.00/packs/Microchip/ATtiny_DFP/2.7.128/xc8/avr/lib/avrxmega3/short-calls/crtattiny406.o
 .bss           0x0000000000000000        0x0 C:/Program Files/Microchip/MPLABX/v6.00/packs/Microchip/ATtiny_DFP/2.7.128/xc8/avr/lib/avrxmega3/short-calls/crtattiny406.o
 .text          0x0000000000000000        0x0 build/default/production/mcc_generated_files/examples/twi0_master_example.o
 .data          0x0000000000000000        0x0 build/default/production/mcc_generated_files/examples/twi0_master_example.o
 .bss           0x0000000000000000        0x0 build/default/production/mcc_generated_files/examples/twi0_master_example.o
 .text.wr1RegCompleteHandler_example
                0x0000000000000000       0x14 build/default/production/mcc_generated_files/examples/twi0_master_example.o
 .text.rd1RegCompleteHandler_example
                0x0000000000000000       0x14 build/default/production/mcc_generated_files/examples/twi0_master_example.o
 .text.rd2RegCompleteHandler_example
                0x0000000000000000       0x14 build/default/production/mcc_generated_files/examples/twi0_master_example.o
 .text.wr2RegCompleteHandler_example
                0x0000000000000000       0x14 build/default/production/mcc_generated_files/examples/twi0_master_example.o
 .text.rdBlkRegCompleteHandler_example
                0x0000000000000000       0x1a build/default/production/mcc_generated_files/examples/twi0_master_example.o
 .text.I2C0_example_write1ByteRegister
                0x0000000000000000       0x4e build/default/production/mcc_generated_files/examples/twi0_master_example.o
 .text.I2C0_example_writeNBytes
                0x0000000000000000       0x3c build/default/production/mcc_generated_files/examples/twi0_master_example.o
 .text.I2C0_example_read1ByteRegister
                0x0000000000000000       0x6e build/default/production/mcc_generated_files/examples/twi0_master_example.o
 .text.I2C0_example_read2ByteRegister
                0x0000000000000000       0x5a build/default/production/mcc_generated_files/examples/twi0_master_example.o
 .text.I2C0_example_write2ByteRegister
                0x0000000000000000       0x54 build/default/production/mcc_generated_files/examples/twi0_master_example.o
 .text.I2C0_example_readDataBlock
                0x0000000000000000       0x5a build/default/production/mcc_generated_files/examples/twi0_master_example.o
 .text.I2C0_example_readNBytes
                0x0000000000000000       0x32 build/default/production/mcc_generated_files/examples/twi0_master_example.o
 .debug_info    0x0000000000000000      0xccc build/default/production/mcc_generated_files/examples/twi0_master_example.o
 .debug_abbrev  0x0000000000000000      0x14e build/default/production/mcc_generated_files/examples/twi0_master_example.o
 .debug_loc     0x0000000000000000      0x512 build/default/production/mcc_generated_files/examples/twi0_master_example.o
 .debug_aranges
                0x0000000000000000       0x78 build/default/production/mcc_generated_files/examples/twi0_master_example.o
 .debug_ranges  0x0000000000000000       0x68 build/default/production/mcc_generated_files/examples/twi0_master_example.o
 .debug_line    0x0000000000000000      0x368 build/default/production/mcc_generated_files/examples/twi0_master_example.o
 .debug_str     0x0000000000000000       0x8b build/default/production/mcc_generated_files/examples/twi0_master_example.o
 .comment       0x0000000000000000       0x30 build/default/production/mcc_generated_files/examples/twi0_master_example.o
 .debug_frame   0x0000000000000000      0x18c build/default/production/mcc_generated_files/examples/twi0_master_example.o
 .text          0x0000000000000000        0x0 build/default/production/mcc_generated_files/src/protected_io.o
 .data          0x0000000000000000        0x0 build/default/production/mcc_generated_files/src/protected_io.o
 .bss           0x0000000000000000        0x0 build/default/production/mcc_generated_files/src/protected_io.o
 .text          0x0000000000000000        0x0 build/default/production/mcc_generated_files/src/pin_manager.o
 .data          0x0000000000000000        0x0 build/default/production/mcc_generated_files/src/pin_manager.o
 .bss           0x0000000000000000        0x0 build/default/production/mcc_generated_files/src/pin_manager.o
 .text.PORTB_LED_verte_3_DefaultInterruptHandler
                0x0000000000000000        0x2 build/default/production/mcc_generated_files/src/pin_manager.o
 .text.PORTA_PA2_DefaultInterruptHandler
                0x0000000000000000        0x2 build/default/production/mcc_generated_files/src/pin_manager.o
 .text.PORTB_LED_verte_2_DefaultInterruptHandler
                0x0000000000000000        0x2 build/default/production/mcc_generated_files/src/pin_manager.o
 .text.PORTC_LEDs_rouge_DefaultInterruptHandler
                0x0000000000000000        0x2 build/default/production/mcc_generated_files/src/pin_manager.o
 .text.PORTA_PA1_DefaultInterruptHandler
                0x0000000000000000        0x2 build/default/production/mcc_generated_files/src/pin_manager.o
 .text.PORTA_NRF_CE_DefaultInterruptHandler
                0x0000000000000000        0x2 build/default/production/mcc_generated_files/src/pin_manager.o
 .text.PORTB_LED_verte_5_DefaultInterruptHandler
                0x0000000000000000        0x2 build/default/production/mcc_generated_files/src/pin_manager.o
 .text.PORTB_LED_verte_4_DefaultInterruptHandler
                0x0000000000000000        0x2 build/default/production/mcc_generated_files/src/pin_manager.o
 .text.PORTA_PA3_DefaultInterruptHandler
                0x0000000000000000        0x2 build/default/production/mcc_generated_files/src/pin_manager.o
 .text.PORTA_NRF_CSN_DefaultInterruptHandler
                0x0000000000000000        0x2 build/default/production/mcc_generated_files/src/pin_manager.o
 .text.PORTA_LED_verte_1_DefaultInterruptHandler
                0x0000000000000000        0x2 build/default/production/mcc_generated_files/src/pin_manager.o
 .text.PORTC_BTN_RESET_DefaultInterruptHandler
                0x0000000000000000        0x2 build/default/production/mcc_generated_files/src/pin_manager.o
 .text.PORTB_PB1_DefaultInterruptHandler
                0x0000000000000000        0x2 build/default/production/mcc_generated_files/src/pin_manager.o
 .text.PORTB_PB0_DefaultInterruptHandler
                0x0000000000000000        0x2 build/default/production/mcc_generated_files/src/pin_manager.o
 .text.PORTB_LED_verte_3_SetInterruptHandler
                0x0000000000000000        0x2 build/default/production/mcc_generated_files/src/pin_manager.o
 .text.PORTA_PA2_SetInterruptHandler
                0x0000000000000000        0x2 build/default/production/mcc_generated_files/src/pin_manager.o
 .text.PORTB_LED_verte_2_SetInterruptHandler
                0x0000000000000000        0x2 build/default/production/mcc_generated_files/src/pin_manager.o
 .text.PORTC_LEDs_rouge_SetInterruptHandler
                0x0000000000000000        0x2 build/default/production/mcc_generated_files/src/pin_manager.o
 .text.PORTA_PA1_SetInterruptHandler
                0x0000000000000000        0x2 build/default/production/mcc_generated_files/src/pin_manager.o
 .text.PORTA_NRF_CE_SetInterruptHandler
                0x0000000000000000        0x2 build/default/production/mcc_generated_files/src/pin_manager.o
 .text.PORTB_LED_verte_5_SetInterruptHandler
                0x0000000000000000        0x2 build/default/production/mcc_generated_files/src/pin_manager.o
 .text.PORTB_LED_verte_4_SetInterruptHandler
                0x0000000000000000        0x2 build/default/production/mcc_generated_files/src/pin_manager.o
 .text.PORTA_PA3_SetInterruptHandler
                0x0000000000000000        0x2 build/default/production/mcc_generated_files/src/pin_manager.o
 .text.PORTA_NRF_CSN_SetInterruptHandler
                0x0000000000000000        0x2 build/default/production/mcc_generated_files/src/pin_manager.o
 .text.PORTA_LED_verte_1_SetInterruptHandler
                0x0000000000000000        0x2 build/default/production/mcc_generated_files/src/pin_manager.o
 .text.PORTC_BTN_RESET_SetInterruptHandler
                0x0000000000000000        0x2 build/default/production/mcc_generated_files/src/pin_manager.o
 .text.PORTB_PB1_SetInterruptHandler
                0x0000000000000000        0x2 build/default/production/mcc_generated_files/src/pin_manager.o
 .text.PORTB_PB0_SetInterruptHandler
                0x0000000000000000        0x2 build/default/production/mcc_generated_files/src/pin_manager.o
 .text          0x0000000000000000        0x0 build/default/production/mcc_generated_files/src/spi0.o
 .data          0x0000000000000000        0x0 build/default/production/mcc_generated_files/src/spi0.o
 .bss           0x0000000000000000        0x0 build/default/production/mcc_generated_files/src/spi0.o
 .text.SPI0_Enable
                0x0000000000000000        0xc build/default/production/mcc_generated_files/src/spi0.o
 .text.SPI0_Disable
                0x0000000000000000        0xc build/default/production/mcc_generated_files/src/spi0.o
 .text.SPI0_ExchangeByte
                0x0000000000000000       0x14 build/default/production/mcc_generated_files/src/spi0.o
 .text.SPI0_Selected
                0x0000000000000000        0x4 build/default/production/mcc_generated_files/src/spi0.o
 .text.SPI0_GetRxData
                0x0000000000000000        0x6 build/default/production/mcc_generated_files/src/spi0.o
 .text.SPI0_WriteTxData
                0x0000000000000000        0x6 build/default/production/mcc_generated_files/src/spi0.o
 .text.SPI0_WaitDataready
                0x0000000000000000        0xc build/default/production/mcc_generated_files/src/spi0.o
 .text.SPI0_ExchangeBlock
                0x0000000000000000       0x26 build/default/production/mcc_generated_files/src/spi0.o
 .text.SPI0_ReadBlock
                0x0000000000000000       0x24 build/default/production/mcc_generated_files/src/spi0.o
 .text.SPI0_WriteByte
                0x0000000000000000        0x6 build/default/production/mcc_generated_files/src/spi0.o
 .text          0x0000000000000000        0x0 build/default/production/mcc_generated_files/src/cpuint.o
 .data          0x0000000000000000        0x0 build/default/production/mcc_generated_files/src/cpuint.o
 .bss           0x0000000000000000        0x0 build/default/production/mcc_generated_files/src/cpuint.o
 .text          0x0000000000000000        0x0 build/default/production/mcc_generated_files/src/twi0_master.o
 .data          0x0000000000000000        0x0 build/default/production/mcc_generated_files/src/twi0_master.o
 .bss           0x0000000000000000        0x0 build/default/production/mcc_generated_files/src/twi0_master.o
 .text.I2C0_set_callback
                0x0000000000000000       0x4a build/default/production/mcc_generated_files/src/twi0_master.o
 .text.I2C0_SetDataCompleteCallback
                0x0000000000000000        0xa build/default/production/mcc_generated_files/src/twi0_master.o
 .text.I2C0_SetWriteCollisionCallback
                0x0000000000000000        0xa build/default/production/mcc_generated_files/src/twi0_master.o
 .text.I2C0_SetAddressNackCallback
                0x0000000000000000        0xa build/default/production/mcc_generated_files/src/twi0_master.o
 .text.I2C0_SetDataNackCallback
                0x0000000000000000        0xa build/default/production/mcc_generated_files/src/twi0_master.o
 .text.I2C0_SetTimeoutCallback
                0x0000000000000000        0xa build/default/production/mcc_generated_files/src/twi0_master.o
 .text.I2C0_SetAddress
                0x0000000000000000        0x6 build/default/production/mcc_generated_files/src/twi0_master.o
 .text.I2C0_MasterOpen
                0x0000000000000000        0x8 build/default/production/mcc_generated_files/src/twi0_master.o
 .text.I2C0_MasterClose
                0x0000000000000000        0x6 build/default/production/mcc_generated_files/src/twi0_master.o
 .text.I2C0_MasterEnableIrq
                0x0000000000000000        0xc build/default/production/mcc_generated_files/src/twi0_master.o
 .text.I2C0_MasterIsIrqEnabled
                0x0000000000000000       0x20 build/default/production/mcc_generated_files/src/twi0_master.o
 .text.I2C0_SetTimeout
                0x0000000000000000       0x18 build/default/production/mcc_generated_files/src/twi0_master.o
 .text.I2C0_MasterRead
                0x0000000000000000        0x6 build/default/production/mcc_generated_files/src/twi0_master.o
 .text.I2C0_MasterGetRxData
                0x0000000000000000        0x6 build/default/production/mcc_generated_files/src/twi0_master.o
 .text.I2C0_MasterTxData
                0x0000000000000000        0x6 build/default/production/mcc_generated_files/src/twi0_master.o
 .text.I2C0_MasterTxAddr
                0x0000000000000000        0x6 build/default/production/mcc_generated_files/src/twi0_master.o
 .text.I2C0_SetReturnStopCallback
                0x0000000000000000        0x4 build/default/production/mcc_generated_files/src/twi0_master.o
 .text.I2C0_SetReturnResetCallback
                0x0000000000000000        0x4 build/default/production/mcc_generated_files/src/twi0_master.o
 .text.I2C0_SetRestartWriteCallback
                0x0000000000000000        0x4 build/default/production/mcc_generated_files/src/twi0_master.o
 .text.I2C0_SetRestartReadCallback
                0x0000000000000000        0x4 build/default/production/mcc_generated_files/src/twi0_master.o
 .text          0x0000000000000000        0x0 build/default/production/mcc_generated_files/mcc.o
 .data          0x0000000000000000        0x0 build/default/production/mcc_generated_files/mcc.o
 .bss           0x0000000000000000        0x0 build/default/production/mcc_generated_files/mcc.o
 .text.WDT_Initialize
                0x0000000000000000        0x4 build/default/production/mcc_generated_files/mcc.o
 .text          0x0000000000000000        0x0 build/default/production/mcc_generated_files/device_config.o
 .data          0x0000000000000000        0x0 build/default/production/mcc_generated_files/device_config.o
 .bss           0x0000000000000000        0x0 build/default/production/mcc_generated_files/device_config.o
 .text          0x0000000000000000        0x0 build/default/production/main.o
 .data          0x0000000000000000        0x0 build/default/production/main.o
 .bss           0x0000000000000000        0x0 build/default/production/main.o
 .rodata.slave2write
                0x0000000000000000        0x1 build/default/production/main.o
 .text          0x0000000000000000        0x0 c:/program files/microchip/xc8/v2.40/avr/bin/../lib/gcc/avr/5.4.0/avrxmega3/short-calls\libgcc.a(_divmodhi4.o)
 .data          0x0000000000000000        0x0 c:/program files/microchip/xc8/v2.40/avr/bin/../lib/gcc/avr/5.4.0/avrxmega3/short-calls\libgcc.a(_divmodhi4.o)
 .bss           0x0000000000000000        0x0 c:/program files/microchip/xc8/v2.40/avr/bin/../lib/gcc/avr/5.4.0/avrxmega3/short-calls\libgcc.a(_divmodhi4.o)
 .text.libgcc.mul
                0x0000000000000000        0x0 c:/program files/microchip/xc8/v2.40/avr/bin/../lib/gcc/avr/5.4.0/avrxmega3/short-calls\libgcc.a(_divmodhi4.o)
 .stack.descriptors
                0x0000000000000000       0x19 c:/program files/microchip/xc8/v2.40/avr/bin/../lib/gcc/avr/5.4.0/avrxmega3/short-calls\libgcc.a(_divmodhi4.o)
 .text.libgcc   0x0000000000000000        0x0 c:/program files/microchip/xc8/v2.40/avr/bin/../lib/gcc/avr/5.4.0/avrxmega3/short-calls\libgcc.a(_divmodhi4.o)
 .text.libgcc.prologue
                0x0000000000000000        0x0 c:/program files/microchip/xc8/v2.40/avr/bin/../lib/gcc/avr/5.4.0/avrxmega3/short-calls\libgcc.a(_divmodhi4.o)
 .text.libgcc.builtins
                0x0000000000000000        0x0 c:/program files/microchip/xc8/v2.40/avr/bin/../lib/gcc/avr/5.4.0/avrxmega3/short-calls\libgcc.a(_divmodhi4.o)
 .text.libgcc.fmul
                0x0000000000000000        0x0 c:/program files/microchip/xc8/v2.40/avr/bin/../lib/gcc/avr/5.4.0/avrxmega3/short-calls\libgcc.a(_divmodhi4.o)
 .text.libgcc.fixed
                0x0000000000000000        0x0 c:/program files/microchip/xc8/v2.40/avr/bin/../lib/gcc/avr/5.4.0/avrxmega3/short-calls\libgcc.a(_divmodhi4.o)
 .text          0x0000000000000000        0x0 c:/program files/microchip/xc8/v2.40/avr/bin/../lib/gcc/avr/5.4.0/avrxmega3/short-calls\libgcc.a(_copy_data.o)
 .data          0x0000000000000000        0x0 c:/program files/microchip/xc8/v2.40/avr/bin/../lib/gcc/avr/5.4.0/avrxmega3/short-calls\libgcc.a(_copy_data.o)
 .bss           0x0000000000000000        0x0 c:/program files/microchip/xc8/v2.40/avr/bin/../lib/gcc/avr/5.4.0/avrxmega3/short-calls\libgcc.a(_copy_data.o)
 .text.libgcc.mul
                0x0000000000000000        0x0 c:/program files/microchip/xc8/v2.40/avr/bin/../lib/gcc/avr/5.4.0/avrxmega3/short-calls\libgcc.a(_copy_data.o)
 .text.libgcc.div
                0x0000000000000000        0x0 c:/program files/microchip/xc8/v2.40/avr/bin/../lib/gcc/avr/5.4.0/avrxmega3/short-calls\libgcc.a(_copy_data.o)
 .text.libgcc   0x0000000000000000        0x0 c:/program files/microchip/xc8/v2.40/avr/bin/../lib/gcc/avr/5.4.0/avrxmega3/short-calls\libgcc.a(_copy_data.o)
 .text.libgcc.prologue
                0x0000000000000000        0x0 c:/program files/microchip/xc8/v2.40/avr/bin/../lib/gcc/avr/5.4.0/avrxmega3/short-calls\libgcc.a(_copy_data.o)
 .text.libgcc.builtins
                0x0000000000000000        0x0 c:/program files/microchip/xc8/v2.40/avr/bin/../lib/gcc/avr/5.4.0/avrxmega3/short-calls\libgcc.a(_copy_data.o)
 .text.libgcc.fmul
                0x0000000000000000        0x0 c:/program files/microchip/xc8/v2.40/avr/bin/../lib/gcc/avr/5.4.0/avrxmega3/short-calls\libgcc.a(_copy_data.o)
 .text.libgcc.fixed
                0x0000000000000000        0x0 c:/program files/microchip/xc8/v2.40/avr/bin/../lib/gcc/avr/5.4.0/avrxmega3/short-calls\libgcc.a(_copy_data.o)
 .text          0x0000000000000000        0x0 c:/program files/microchip/xc8/v2.40/avr/bin/../lib/gcc/avr/5.4.0/avrxmega3/short-calls\libgcc.a(_udivmodhi4.o)
 .data          0x0000000000000000        0x0 c:/program files/microchip/xc8/v2.40/avr/bin/../lib/gcc/avr/5.4.0/avrxmega3/short-calls\libgcc.a(_udivmodhi4.o)
 .bss           0x0000000000000000        0x0 c:/program files/microchip/xc8/v2.40/avr/bin/../lib/gcc/avr/5.4.0/avrxmega3/short-calls\libgcc.a(_udivmodhi4.o)
 .text.libgcc.mul
                0x0000000000000000        0x0 c:/program files/microchip/xc8/v2.40/avr/bin/../lib/gcc/avr/5.4.0/avrxmega3/short-calls\libgcc.a(_udivmodhi4.o)
 .stack.descriptors
                0x0000000000000000       0x1a c:/program files/microchip/xc8/v2.40/avr/bin/../lib/gcc/avr/5.4.0/avrxmega3/short-calls\libgcc.a(_udivmodhi4.o)
 .text.libgcc   0x0000000000000000        0x0 c:/program files/microchip/xc8/v2.40/avr/bin/../lib/gcc/avr/5.4.0/avrxmega3/short-calls\libgcc.a(_udivmodhi4.o)
 .text.libgcc.prologue
                0x0000000000000000        0x0 c:/program files/microchip/xc8/v2.40/avr/bin/../lib/gcc/avr/5.4.0/avrxmega3/short-calls\libgcc.a(_udivmodhi4.o)
 .text.libgcc.builtins
                0x0000000000000000        0x0 c:/program files/microchip/xc8/v2.40/avr/bin/../lib/gcc/avr/5.4.0/avrxmega3/short-calls\libgcc.a(_udivmodhi4.o)
 .text.libgcc.fmul
                0x0000000000000000        0x0 c:/program files/microchip/xc8/v2.40/avr/bin/../lib/gcc/avr/5.4.0/avrxmega3/short-calls\libgcc.a(_udivmodhi4.o)
 .text.libgcc.fixed
                0x0000000000000000        0x0 c:/program files/microchip/xc8/v2.40/avr/bin/../lib/gcc/avr/5.4.0/avrxmega3/short-calls\libgcc.a(_udivmodhi4.o)
 .text          0x0000000000000000        0x0 c:/program files/microchip/xc8/v2.40/avr/bin/../lib/gcc/avr/5.4.0/../../../../avr/lib/avrxmega3/short-calls\libc.a(exit.o)
 .data          0x0000000000000000        0x0 c:/program files/microchip/xc8/v2.40/avr/bin/../lib/gcc/avr/5.4.0/../../../../avr/lib/avrxmega3/short-calls\libc.a(exit.o)
 .bss           0x0000000000000000        0x0 c:/program files/microchip/xc8/v2.40/avr/bin/../lib/gcc/avr/5.4.0/../../../../avr/lib/avrxmega3/short-calls\libc.a(exit.o)
 .text          0x0000000000000000        0x0 c:/program files/microchip/xc8/v2.40/avr/bin/../lib/gcc/avr/5.4.0/../../../../avr/lib/avrxmega3/short-calls\libc.a(_Exit.o)
 .data          0x0000000000000000        0x0 c:/program files/microchip/xc8/v2.40/avr/bin/../lib/gcc/avr/5.4.0/../../../../avr/lib/avrxmega3/short-calls\libc.a(_Exit.o)
 .bss           0x0000000000000000        0x0 c:/program files/microchip/xc8/v2.40/avr/bin/../lib/gcc/avr/5.4.0/../../../../avr/lib/avrxmega3/short-calls\libc.a(_Exit.o)
 .text          0x0000000000000000        0x0 c:/program files/microchip/xc8/v2.40/avr/bin/../lib/gcc/avr/5.4.0/avrxmega3/short-calls\libgcc.a(_exit.o)
 .data          0x0000000000000000        0x0 c:/program files/microchip/xc8/v2.40/avr/bin/../lib/gcc/avr/5.4.0/avrxmega3/short-calls\libgcc.a(_exit.o)
 .bss           0x0000000000000000        0x0 c:/program files/microchip/xc8/v2.40/avr/bin/../lib/gcc/avr/5.4.0/avrxmega3/short-calls\libgcc.a(_exit.o)
 .text.libgcc.mul
                0x0000000000000000        0x0 c:/program files/microchip/xc8/v2.40/avr/bin/../lib/gcc/avr/5.4.0/avrxmega3/short-calls\libgcc.a(_exit.o)
 .text.libgcc.div
                0x0000000000000000        0x0 c:/program files/microchip/xc8/v2.40/avr/bin/../lib/gcc/avr/5.4.0/avrxmega3/short-calls\libgcc.a(_exit.o)
 .text.libgcc   0x0000000000000000        0x0 c:/program files/microchip/xc8/v2.40/avr/bin/../lib/gcc/avr/5.4.0/avrxmega3/short-calls\libgcc.a(_exit.o)
 .text.libgcc.prologue
                0x0000000000000000        0x0 c:/program files/microchip/xc8/v2.40/avr/bin/../lib/gcc/avr/5.4.0/avrxmega3/short-calls\libgcc.a(_exit.o)
 .stack.descriptors
                0x0000000000000000       0x13 c:/program files/microchip/xc8/v2.40/avr/bin/../lib/gcc/avr/5.4.0/avrxmega3/short-calls\libgcc.a(_exit.o)
 .text.libgcc.builtins
                0x0000000000000000        0x0 c:/program files/microchip/xc8/v2.40/avr/bin/../lib/gcc/avr/5.4.0/avrxmega3/short-calls\libgcc.a(_exit.o)
 .text.libgcc.fmul
                0x0000000000000000        0x0 c:/program files/microchip/xc8/v2.40/avr/bin/../lib/gcc/avr/5.4.0/avrxmega3/short-calls\libgcc.a(_exit.o)
 .text.libgcc.fixed
                0x0000000000000000        0x0 c:/program files/microchip/xc8/v2.40/avr/bin/../lib/gcc/avr/5.4.0/avrxmega3/short-calls\libgcc.a(_exit.o)

Memory Configuration

Name             Origin             Length             Attributes
text             0x0000000000000000 0x0000000000001000 xr
data             0x0000000000803f00 0x0000000000000100 rw !x
eeprom           0x0000000000810000 0x0000000000000080 rw !x
fuse             0x0000000000820000 0x000000000000000a rw !x
lock             0x0000000000830000 0x0000000000000400 rw !x
signature        0x0000000000840000 0x0000000000000400 rw !x
user_signatures  0x0000000000850000 0x0000000000000400 rw !x
*default*        0x0000000000000000 0xffffffffffffffff

Linker script and memory map

Address of section .data set to 0x803f00
                0x0000000000008000                __RODATA_PM_OFFSET__ = 0x8000
LOAD C:/Program Files/Microchip/MPLABX/v6.00/packs/Microchip/ATtiny_DFP/2.7.128/xc8/avr/lib/avrxmega3/short-calls/crtattiny406.o
                0x0000000000000001                __MPLAB_BUILD = 0x1
LOAD build/default/production/mcc_generated_files/examples/twi0_master_example.o
LOAD build/default/production/mcc_generated_files/src/protected_io.o
LOAD build/default/production/mcc_generated_files/src/pin_manager.o
LOAD build/default/production/mcc_generated_files/src/spi0.o
LOAD build/default/production/mcc_generated_files/src/cpuint.o
LOAD build/default/production/mcc_generated_files/src/twi0_master.o
LOAD build/default/production/mcc_generated_files/mcc.o
LOAD build/default/production/mcc_generated_files/device_config.o
LOAD build/default/production/main.o
START GROUP
LOAD c:/program files/microchip/xc8/v2.40/avr/bin/../lib/gcc/avr/5.4.0/../../../../avr/lib/avrxmega3/short-calls\libm.a
END GROUP
START GROUP
LOAD c:/program files/microchip/xc8/v2.40/avr/bin/../lib/gcc/avr/5.4.0/avrxmega3/short-calls\libgcc.a
LOAD c:/program files/microchip/xc8/v2.40/avr/bin/../lib/gcc/avr/5.4.0/../../../../avr/lib/avrxmega3/short-calls\libm.a
LOAD c:/program files/microchip/xc8/v2.40/avr/bin/../lib/gcc/avr/5.4.0/../../../../avr/lib/avrxmega3/short-calls\libc.a
LOAD C:/Program Files/Microchip/MPLABX/v6.00/packs/Microchip/ATtiny_DFP/2.7.128/xc8/avr/lib/avrxmega3/short-calls\libattiny406.a
END GROUP
                [0x0000000000000000]                __TEXT_REGION_ORIGIN__ = DEFINED (__TEXT_REGION_ORIGIN__)?__TEXT_REGION_ORIGIN__:0x0
                [0x0000000000803f00]                __DATA_REGION_ORIGIN__ = DEFINED (__DATA_REGION_ORIGIN__)?__DATA_REGION_ORIGIN__:0x802000
                [0x0000000000001000]                __TEXT_REGION_LENGTH__ = DEFINED (__TEXT_REGION_LENGTH__)?__TEXT_REGION_LENGTH__:0x100000
                [0x0000000000000100]                __DATA_REGION_LENGTH__ = DEFINED (__DATA_REGION_LENGTH__)?__DATA_REGION_LENGTH__:0xffa0
                [0x0000000000000080]                __EEPROM_REGION_LENGTH__ = DEFINED (__EEPROM_REGION_LENGTH__)?__EEPROM_REGION_LENGTH__:0x10000
                [0x000000000000000a]                __FUSE_REGION_LENGTH__ = DEFINED (__FUSE_REGION_LENGTH__)?__FUSE_REGION_LENGTH__:0x400
                0x0000000000000400                __LOCK_REGION_LENGTH__ = DEFINED (__LOCK_REGION_LENGTH__)?__LOCK_REGION_LENGTH__:0x400
                0x0000000000000400                __SIGNATURE_REGION_LENGTH__ = DEFINED (__SIGNATURE_REGION_LENGTH__)?__SIGNATURE_REGION_LENGTH__:0x400
                0x0000000000000400                __USER_SIGNATURE_REGION_LENGTH__ = DEFINED (__USER_SIGNATURE_REGION_LENGTH__)?__USER_SIGNATURE_REGION_LENGTH__:0x400
                0x0000000000008000                __RODATA_PM_OFFSET__ = DEFINED (__RODATA_PM_OFFSET__)?__RODATA_PM_OFFSET__:0x8000

.hash
 *(.hash)

.dynsym
 *(.dynsym)

.dynstr
 *(.dynstr)

.gnu.version
 *(.gnu.version)

.gnu.version_d
 *(.gnu.version_d)

.gnu.version_r
 *(.gnu.version_r)

.rel.init
 *(.rel.init)

.rela.init
 *(.rela.init)

.rel.text
 *(.rel.text)
 *(.rel.text.*)
 *(.rel.gnu.linkonce.t*)

.rela.text
 *(.rela.text)
 *(.rela.text.*)
 *(.rela.gnu.linkonce.t*)

.rel.fini
 *(.rel.fini)

.rela.fini
 *(.rela.fini)

.rel.rodata
 *(.rel.rodata)
 *(.rel.rodata.*)
 *(.rel.gnu.linkonce.r*)

.rela.rodata
 *(.rela.rodata)
 *(.rela.rodata.*)
 *(.rela.gnu.linkonce.r*)

.rel.data
 *(.rel.data)
 *(.rel.data.*)
 *(.rel.gnu.linkonce.d*)

.rela.data
 *(.rela.data)
 *(.rela.data.*)
 *(.rela.gnu.linkonce.d*)

.rel.ctors
 *(.rel.ctors)

.rela.ctors
 *(.rela.ctors)

.rel.dtors
 *(.rel.dtors)

.rela.dtors
 *(.rela.dtors)

.rel.got
 *(.rel.got)

.rela.got
 *(.rela.got)

.rel.bss
 *(.rel.bss)

.rela.bss
 *(.rela.bss)

.rel.plt
 *(.rel.plt)

.rela.plt
 *(.rela.plt)

.text           0x0000000000000000       0xa8
 *(.vectors)
 .vectors       0x0000000000000000       0x34 C:/Program Files/Microchip/MPLABX/v6.00/packs/Microchip/ATtiny_DFP/2.7.128/xc8/avr/lib/avrxmega3/short-calls/crtattiny406.o
                0x0000000000000000                __vector_default
                0x0000000000000000                __vectors
 *(.vectors)
 *(.progmem.gcc*)
 *(.dinit)
 .dinit         0x0000000000000034       0x24 data_init
                0x0000000000000058                . = ALIGN (0x2)
                0x0000000000000058                __trampolines_start = .
 *(.trampolines)
 .trampolines   0x0000000000000058        0x0 linker stubs
 *(.trampolines*)
                0x0000000000000058                __trampolines_end = .
 *libprintf_flt.a:*(.progmem.data)
 *libc.a:*(.progmem.data)
                0x0000000000000058                . = ALIGN (0x2)
 *(.jumptables)
 *(.jumptables*)
 *(.lowtext)
 *(.lowtext*)
                0x0000000000000058                __ctors_start = .
 *(.ctors)
                0x0000000000000058                __ctors_end = .
                0x0000000000000058                __dtors_start = .
 *(.dtors)
                0x0000000000000058                __dtors_end = .
 SORT(*)(.ctors)
 SORT(*)(.dtors)
 *(.init0)
 .init0         0x0000000000000058        0x0 C:/Program Files/Microchip/MPLABX/v6.00/packs/Microchip/ATtiny_DFP/2.7.128/xc8/avr/lib/avrxmega3/short-calls/crtattiny406.o
                0x0000000000000058                __init
 *(.init0)
 *(.init1)
 *(.init1)
 *(.init2)
 .init2         0x0000000000000058        0xc C:/Program Files/Microchip/MPLABX/v6.00/packs/Microchip/ATtiny_DFP/2.7.128/xc8/avr/lib/avrxmega3/short-calls/crtattiny406.o
 *(.init2)
 *(.init3)
 *(.init3)
 *(.init4)
 .init4         0x0000000000000064       0x3c c:/program files/microchip/xc8/v2.40/avr/bin/../lib/gcc/avr/5.4.0/avrxmega3/short-calls\libgcc.a(_copy_data.o)
                0x0000000000000064                __do_copy_data
                0x0000000000000092                __do_clear_bss
 *(.init4)
 *(.init5)
 *(.init5)
 *(.init6)
 *(.init6)
 *(.init7)
 *(.init7)
 *(.init8)
 *(.init8)
 *(.init9)
 .init9         0x00000000000000a0        0x4 C:/Program Files/Microchip/MPLABX/v6.00/packs/Microchip/ATtiny_DFP/2.7.128/xc8/avr/lib/avrxmega3/short-calls/crtattiny406.o
 *(.init9)
                0x00000000000000a4                . = ALIGN (0x2)
 *(.fini9)
 .fini9         0x00000000000000a4        0x0 c:/program files/microchip/xc8/v2.40/avr/bin/../lib/gcc/avr/5.4.0/avrxmega3/short-calls\libgcc.a(_exit.o)
                0x00000000000000a4                _exit
 *(.fini9)
 *(.fini8)
 *(.fini8)
 *(.fini7)
 *(.fini7)
 *(.fini6)
 *(.fini6)
 *(.fini5)
 *(.fini5)
 *(.fini4)
 *(.fini4)
 *(.fini3)
 *(.fini3)
 *(.fini2)
 *(.fini2)
 *(.fini1)
 *(.fini1)
 *(.fini0)
 .fini0         0x00000000000000a4        0x4 c:/program files/microchip/xc8/v2.40/avr/bin/../lib/gcc/avr/5.4.0/avrxmega3/short-calls\libgcc.a(_exit.o)
 *(.fini0)
                0x00000000000000a8                _etext = .

.data           0x0000000000803f00        0x0 load address 0x00000000000000a8
                [!provide]                        PROVIDE (__data_start, .)
 *(.gnu.linkonce.d*)
                0x0000000000803f00                . = ALIGN (0x2)
                0x0000000000803f00                _edata = .
                [!provide]                        PROVIDE (__data_end, .)

.bss            0x0000000000803f00        0x0
                [!provide]                        PROVIDE (__bss_start, .)
 *(COMMON)
                [!provide]                        PROVIDE (__bss_end, .)
                0x00000000000000a8                __data_load_start = LOADADDR (.data)
                0x00000000000000a8                __data_load_end = (__data_load_start + SIZEOF (.data))

.noinit         0x0000000000803f00        0x0
                [!provide]                        PROVIDE (__noinit_start, .)
 *(.noinit*)
                [!provide]                        PROVIDE (__noinit_end, .)
                0x0000000000803f00                _end = .

.eeprom         0x0000000000810000        0x0
 *(.eeprom*)
                0x0000000000810000                __eeprom_end = .

.fuse           0x0000000000820000        0x9
 *(.fuse)
 .fuse          0x0000000000820000        0x9 build/default/production/mcc_generated_files/device_config.o
                0x0000000000820000                __fuse
 *(.lfuse)
 *(.hfuse)
 *(.efuse)

.lock
 *(.lock*)

.signature
 *(.signature*)

.user_signatures
 *(.user_signatures*)

.stab
 *(.stab)

.stabstr
 *(.stabstr)

.stab.excl
 *(.stab.excl)

.stab.exclstr
 *(.stab.exclstr)

.stab.index
 *(.stab.index)

.stab.indexstr
 *(.stab.indexstr)

.comment        0x0000000000000000       0x2f
 *(.comment)
 .comment       0x0000000000000000       0x2f build/default/production/mcc_generated_files/src/pin_manager.o
                                         0x30 (size before relaxing)
 .comment       0x000000000000002f       0x30 build/default/production/mcc_generated_files/src/spi0.o
 .comment       0x000000000000002f       0x30 build/default/production/mcc_generated_files/src/cpuint.o
 .comment       0x000000000000002f       0x30 build/default/production/mcc_generated_files/src/twi0_master.o
 .comment       0x000000000000002f       0x30 build/default/production/mcc_generated_files/mcc.o
 .comment       0x000000000000002f       0x30 build/default/production/mcc_generated_files/device_config.o
 .comment       0x000000000000002f       0x30 build/default/production/main.o
 .comment       0x000000000000002f       0x30 c:/program files/microchip/xc8/v2.40/avr/bin/../lib/gcc/avr/5.4.0/../../../../avr/lib/avrxmega3/short-calls\libc.a(exit.o)
 .comment       0x000000000000002f       0x30 c:/program files/microchip/xc8/v2.40/avr/bin/../lib/gcc/avr/5.4.0/../../../../avr/lib/avrxmega3/short-calls\libc.a(_Exit.o)

.stack.descriptors.hdr
                0x0000000000000000       0x2a
 .stack.descriptors.hdr
                0x0000000000000000        0xe c:/program files/microchip/xc8/v2.40/avr/bin/../lib/gcc/avr/5.4.0/avrxmega3/short-calls\libgcc.a(_divmodhi4.o)
 .stack.descriptors.hdr
                0x000000000000000e        0xe c:/program files/microchip/xc8/v2.40/avr/bin/../lib/gcc/avr/5.4.0/avrxmega3/short-calls\libgcc.a(_udivmodhi4.o)
 .stack.descriptors.hdr
                0x000000000000001c        0xe c:/program files/microchip/xc8/v2.40/avr/bin/../lib/gcc/avr/5.4.0/avrxmega3/short-calls\libgcc.a(_exit.o)

.note.GNU-stack
                0x0000000000000000        0x0
 .note.GNU-stack
                0x0000000000000000        0x0 c:/program files/microchip/xc8/v2.40/avr/bin/../lib/gcc/avr/5.4.0/../../../../avr/lib/avrxmega3/short-calls\libc.a(exit.o)
 .note.GNU-stack
                0x0000000000000000        0x0 c:/program files/microchip/xc8/v2.40/avr/bin/../lib/gcc/avr/5.4.0/../../../../avr/lib/avrxmega3/short-calls\libc.a(_Exit.o)

.note.gnu.build-id
 *(.note.gnu.build-id)

.debug
 *(.debug)

.line
 *(.line)

.debug_srcinfo
 *(.debug_srcinfo)

.debug_sfnames
 *(.debug_sfnames)

.debug_aranges  0x0000000000000000      0x4c8
 *(.debug_aranges)
 .debug_aranges
                0x0000000000000000       0x20 build/default/production/mcc_generated_files/src/protected_io.o
 .debug_aranges
                0x0000000000000020      0x108 build/default/production/mcc_generated_files/src/pin_manager.o
 .debug_aranges
                0x0000000000000128       0x98 build/default/production/mcc_generated_files/src/spi0.o
 .debug_aranges
                0x00000000000001c0       0x20 build/default/production/mcc_generated_files/src/cpuint.o
 .debug_aranges
                0x00000000000001e0      0x1f8 build/default/production/mcc_generated_files/src/twi0_master.o
 .debug_aranges
                0x00000000000003d8       0x48 build/default/production/mcc_generated_files/mcc.o
 .debug_aranges
                0x0000000000000420       0x18 build/default/production/mcc_generated_files/device_config.o
 .debug_aranges
                0x0000000000000438       0x90 build/default/production/main.o

.debug_pubnames
 *(.debug_pubnames)

.debug_info     0x0000000000000000     0x745b
 *(.debug_info .gnu.linkonce.wi.*)
 .debug_info    0x0000000000000000     0x1482 C:/Program Files/Microchip/MPLABX/v6.00/packs/Microchip/ATtiny_DFP/2.7.128/xc8/avr/lib/avrxmega3/short-calls/crtattiny406.o
 .debug_info    0x0000000000001482       0x7f build/default/production/mcc_generated_files/src/protected_io.o
 .debug_info    0x0000000000001501      0xf5b build/default/production/mcc_generated_files/src/pin_manager.o
 .debug_info    0x000000000000245c      0x7a8 build/default/production/mcc_generated_files/src/spi0.o
 .debug_info    0x0000000000002c04      0x3dc build/default/production/mcc_generated_files/src/cpuint.o
 .debug_info    0x0000000000002fe0     0x1a1d build/default/production/mcc_generated_files/src/twi0_master.o
 .debug_info    0x00000000000049fd      0x8a3 build/default/production/mcc_generated_files/mcc.o
 .debug_info    0x00000000000052a0      0x810 build/default/production/mcc_generated_files/device_config.o
 .debug_info    0x0000000000005ab0     0x19ab build/default/production/main.o

.debug_abbrev   0x0000000000000000     0x200f
 *(.debug_abbrev)
 .debug_abbrev  0x0000000000000000     0x1366 C:/Program Files/Microchip/MPLABX/v6.00/packs/Microchip/ATtiny_DFP/2.7.128/xc8/avr/lib/avrxmega3/short-calls/crtattiny406.o
 .debug_abbrev  0x0000000000001366       0x14 build/default/production/mcc_generated_files/src/protected_io.o
 .debug_abbrev  0x000000000000137a      0x198 build/default/production/mcc_generated_files/src/pin_manager.o
 .debug_abbrev  0x0000000000001512      0x1c4 build/default/production/mcc_generated_files/src/spi0.o
 .debug_abbrev  0x00000000000016d6       0xfa build/default/production/mcc_generated_files/src/cpuint.o
 .debug_abbrev  0x00000000000017d0      0x383 build/default/production/mcc_generated_files/src/twi0_master.o
 .debug_abbrev  0x0000000000001b53      0x193 build/default/production/mcc_generated_files/mcc.o
 .debug_abbrev  0x0000000000001ce6       0x97 build/default/production/mcc_generated_files/device_config.o
 .debug_abbrev  0x0000000000001d7d      0x292 build/default/production/main.o

.debug_line     0x0000000000000000     0x217e
 *(.debug_line .debug_line.* .debug_line_end)
 .debug_line    0x0000000000000000      0x136 C:/Program Files/Microchip/MPLABX/v6.00/packs/Microchip/ATtiny_DFP/2.7.128/xc8/avr/lib/avrxmega3/short-calls/crtattiny406.o
 .debug_line    0x0000000000000136       0x66 build/default/production/mcc_generated_files/src/protected_io.o
 .debug_line    0x000000000000019c      0x414 build/default/production/mcc_generated_files/src/pin_manager.o
 .debug_line    0x00000000000005b0      0x364 build/default/production/mcc_generated_files/src/spi0.o
 .debug_line    0x0000000000000914      0x18a build/default/production/mcc_generated_files/src/cpuint.o
 .debug_line    0x0000000000000a9e      0xac8 build/default/production/mcc_generated_files/src/twi0_master.o
 .debug_line    0x0000000000001566      0x25d build/default/production/mcc_generated_files/mcc.o
 .debug_line    0x00000000000017c3       0xf5 build/default/production/mcc_generated_files/device_config.o
 .debug_line    0x00000000000018b8      0x8c6 build/default/production/main.o

.debug_frame    0x0000000000000000      0x930
 *(.debug_frame)
 .debug_frame   0x0000000000000000      0x200 build/default/production/mcc_generated_files/src/pin_manager.o
 .debug_frame   0x0000000000000200      0x114 build/default/production/mcc_generated_files/src/spi0.o
 .debug_frame   0x0000000000000314       0x24 build/default/production/mcc_generated_files/src/cpuint.o
 .debug_frame   0x0000000000000338      0x400 build/default/production/mcc_generated_files/src/twi0_master.o
 .debug_frame   0x0000000000000738       0x74 build/default/production/mcc_generated_files/mcc.o
 .debug_frame   0x00000000000007ac      0x184 build/default/production/main.o

.debug_str      0x0000000000000000      0xa16
 *(.debug_str)
 .debug_str     0x0000000000000000      0x8b5 C:/Program Files/Microchip/MPLABX/v6.00/packs/Microchip/ATtiny_DFP/2.7.128/xc8/avr/lib/avrxmega3/short-calls/crtattiny406.o
 .debug_str     0x00000000000008b5       0x1c build/default/production/mcc_generated_files/src/pin_manager.o
 .debug_str     0x00000000000008d1       0x17 build/default/production/mcc_generated_files/src/spi0.o
 .debug_str     0x00000000000008e8       0x13 build/default/production/mcc_generated_files/src/cpuint.o
 .debug_str     0x00000000000008fb        0xf build/default/production/mcc_generated_files/src/twi0_master.o
 .debug_str     0x000000000000090a       0x72 build/default/production/mcc_generated_files/mcc.o
 .debug_str     0x000000000000097c        0x0 build/default/production/mcc_generated_files/device_config.o
 .debug_str     0x000000000000097c       0x9a build/default/production/main.o

.debug_loc      0x0000000000000000      0xd7a
 *(.debug_loc)
 .debug_loc     0x0000000000000000       0x36 build/default/production/mcc_generated_files/src/pin_manager.o
 .debug_loc     0x0000000000000036      0x27a build/default/production/mcc_generated_files/src/spi0.o
 .debug_loc     0x00000000000002b0       0x2a build/default/production/mcc_generated_files/src/cpuint.o
 .debug_loc     0x00000000000002da      0x507 build/default/production/mcc_generated_files/src/twi0_master.o
 .debug_loc     0x00000000000007e1      0x11f build/default/production/mcc_generated_files/mcc.o
 .debug_loc     0x0000000000000900      0x47a build/default/production/main.o

.debug_macinfo
 *(.debug_macinfo)

.debug_weaknames
 *(.debug_weaknames)

.debug_funcnames
 *(.debug_funcnames)

.debug_typenames
 *(.debug_typenames)

.debug_varnames
 *(.debug_varnames)

.debug_pubtypes
 *(.debug_pubtypes)

.debug_ranges   0x0000000000000000      0x430
 *(.debug_ranges)
 .debug_ranges  0x0000000000000000       0xf8 build/default/production/mcc_generated_files/src/pin_manager.o
 .debug_ranges  0x00000000000000f8       0x88 build/default/production/mcc_generated_files/src/spi0.o
 .debug_ranges  0x0000000000000180       0x10 build/default/production/mcc_generated_files/src/cpuint.o
 .debug_ranges  0x0000000000000190      0x1e8 build/default/production/mcc_generated_files/src/twi0_master.o
 .debug_ranges  0x0000000000000378       0x38 build/default/production/mcc_generated_files/mcc.o
 .debug_ranges  0x00000000000003b0       0x80 build/default/production/main.o

.debug_macro
 *(.debug_macro)
OUTPUT(dist/default/production/attiny406_moniteur_V3.X.production.elf elf32-avr)
LOAD linker stubs
LOAD data_init

.note.gnu.avr.deviceinfo
                0x0000000000000000       0x3c
 .note.gnu.avr.deviceinfo
                0x0000000000000000       0x3c C:/Program Files/Microchip/MPLABX/v6.00/packs/Microchip/ATtiny_DFP/2.7.128/xc8/avr/lib/avrxmega3/short-calls/crtattiny406.o

.bss.spi0_desc  0x0000000000803f61        0x1
 .bss.spi0_desc
                0x0000000000803f61        0x1 build/default/production/mcc_generated_files/src/spi0.o

.bss.I2C0_status
                0x0000000000803f24       0x24
 .bss.I2C0_status
                0x0000000000803f24       0x24 build/default/production/mcc_generated_files/src/twi0_master.o
                0x0000000000803f24                I2C0_status

.bss.compte_pts
                0x0000000000803f5f        0x2
 .bss.compte_pts
                0x0000000000803f5f        0x2 build/default/production/main.o
                0x0000000000803f5f                compte_pts

.bss.data_read  0x0000000000803f63        0x1
 .bss.data_read
                0x0000000000803f63        0x1 build/default/production/main.o
                0x0000000000803f63                data_read

.text.init_nrf  0x00000000000000a8      0x2cc
 .text.init_nrf
                0x00000000000000a8      0x2cc build/default/production/main.o
                0x00000000000000a8                init_nrf

.text.main      0x0000000000000374      0x1a6
 .text.main     0x0000000000000374      0x1a6 build/default/production/main.o
                0x0000000000000374                main

.text.I2C0_DO_RX
                0x000000000000051a       0x96
 .text.I2C0_DO_RX
                0x000000000000051a       0x96 build/default/production/mcc_generated_files/src/twi0_master.o

.text.PIN_MANAGER_Initialize
                0x00000000000005b0       0x88
 .text.PIN_MANAGER_Initialize
                0x00000000000005b0       0x88 build/default/production/mcc_generated_files/src/pin_manager.o
                0x00000000000005b0                PIN_MANAGER_Initialize

.text.I2C0_DO_TX_EMPTY
                0x0000000000000638       0x6c
 .text.I2C0_DO_TX_EMPTY
                0x0000000000000638       0x6c build/default/production/mcc_generated_files/src/twi0_master.o

.text.itoa_custom
                0x00000000000006a4       0x6a
 .text.itoa_custom
                0x00000000000006a4       0x6a build/default/production/main.o
                0x00000000000006a4                itoa_custom

.text.I2C0_DO_TX
                0x000000000000070e       0x68
 .text.I2C0_DO_TX
                0x000000000000070e       0x68 build/default/production/mcc_generated_files/src/twi0_master.o

.text.I2C0_Open
                0x0000000000000776       0x64
 .text.I2C0_Open
                0x0000000000000776       0x64 build/default/production/mcc_generated_files/src/twi0_master.o
                0x0000000000000776                I2C0_Open

.text.lcd_control
                0x00000000000007da       0x62
 .text.lcd_control
                0x00000000000007da       0x62 build/default/production/main.o
                0x00000000000007da                lcd_control

.text.printing  0x000000000000083c       0x5c
 .text.printing
                0x000000000000083c       0x5c build/default/production/main.o
                0x000000000000083c                printing

.text.I2C0_MasterIsr
                0x0000000000000898       0x52
 .text.I2C0_MasterIsr
                0x0000000000000898       0x52 build/default/production/mcc_generated_files/src/twi0_master.o

.rodata         0x00000000008088ea       0x4e load address 0x00000000000008ea
 .rodata        0x00000000008088ea       0x4e build/default/production/main.o

.text.nrf_read  0x0000000000000938       0x46
 .text.nrf_read
                0x0000000000000938       0x46 build/default/production/main.o
                0x0000000000000938                nrf_read

.text.I2C0_Close
                0x000000000000097e       0x42
 .text.I2C0_Close
                0x000000000000097e       0x42 build/default/production/mcc_generated_files/src/twi0_master.o
                0x000000000000097e                I2C0_Close

.text.I2C0_DO_ADDRESS_NACK
                0x00000000000009c0       0x3e
 .text.I2C0_DO_ADDRESS_NACK
                0x00000000000009c0       0x3e build/default/production/mcc_generated_files/src/twi0_master.o

.text.PORT_Initialize
                0x00000000000009fe       0x38
 .text.PORT_Initialize
                0x00000000000009fe       0x38 build/default/production/mcc_generated_files/src/pin_manager.o
                0x00000000000009fe                PORT_Initialize

.text.writing_2
                0x0000000000000a36       0x38
 .text.writing_2
                0x0000000000000a36       0x38 build/default/production/main.o
                0x0000000000000a36                writing_2

.text.I2C0_DO_BUS_COLLISION
                0x0000000000000a6e       0x36
 .text.I2C0_DO_BUS_COLLISION
                0x0000000000000a6e       0x36 build/default/production/mcc_generated_files/src/twi0_master.o

.text.CLKCTRL_Initialize
                0x0000000000000aa4       0x36
 .text.CLKCTRL_Initialize
                0x0000000000000aa4       0x36 build/default/production/mcc_generated_files/mcc.o
                0x0000000000000aa4                CLKCTRL_Initialize

.text.writing   0x0000000000000ada       0x32
 .text.writing  0x0000000000000ada       0x32 build/default/production/main.o
                0x0000000000000ada                writing

.text.Ciz_init  0x0000000000000b0c       0x32
 .text.Ciz_init
                0x0000000000000b0c       0x32 build/default/production/main.o
                0x0000000000000b0c                Ciz_init

.text.I2C0_MasterOperation
                0x0000000000000b3e       0x2e
 .text.I2C0_MasterOperation
                0x0000000000000b3e       0x2e build/default/production/mcc_generated_files/src/twi0_master.o
                0x0000000000000b3e                I2C0_MasterOperation

.text.libgcc.div
                0x0000000000000b6c       0x28
 .text.libgcc.div
                0x0000000000000b6c       0x28 c:/program files/microchip/xc8/v2.40/avr/bin/../lib/gcc/avr/5.4.0/avrxmega3/short-calls\libgcc.a(_udivmodhi4.o)
                0x0000000000000b6c                __udivmodhi4

.text.libgcc.div
                0x0000000000000b94       0x26
 .text.libgcc.div
                0x0000000000000b94       0x26 c:/program files/microchip/xc8/v2.40/avr/bin/../lib/gcc/avr/5.4.0/avrxmega3/short-calls\libgcc.a(_divmodhi4.o)
                0x0000000000000b94                _div
                0x0000000000000b94                __divmodhi4

.text.SPI0_WriteBlock
                0x0000000000000bba       0x24
 .text.SPI0_WriteBlock
                0x0000000000000bba       0x24 build/default/production/mcc_generated_files/src/spi0.o
                0x0000000000000bba                SPI0_WriteBlock

.text.I2C0_SetBuffer
                0x0000000000000bde       0x22
 .text.I2C0_SetBuffer
                0x0000000000000bde       0x22 build/default/production/mcc_generated_files/src/twi0_master.o
                0x0000000000000bde                I2C0_SetBuffer

.text.I2C0_Poller
                0x0000000000000c00       0x20
 .text.I2C0_Poller
                0x0000000000000c00       0x20 build/default/production/mcc_generated_files/src/twi0_master.o
                0x0000000000000c00                I2C0_Poller

.text.LED_OUT   0x0000000000000c20       0x20
 .text.LED_OUT  0x0000000000000c20       0x20 build/default/production/main.o
                0x0000000000000c20                LED_OUT

.text.LED_ROUGE
                0x0000000000000c40       0x20
 .text.LED_ROUGE
                0x0000000000000c40       0x20 build/default/production/main.o
                0x0000000000000c40                LED_ROUGE

.text.LED_VERTE
                0x0000000000000c60       0x20
 .text.LED_VERTE
                0x0000000000000c60       0x20 build/default/production/main.o
                0x0000000000000c60                LED_VERTE

.text.LED_JAUNE
                0x0000000000000c80       0x20
 .text.LED_JAUNE
                0x0000000000000c80       0x20 build/default/production/main.o
                0x0000000000000c80                LED_JAUNE

.text.SPI0_Open
                0x0000000000000ca0       0x1e
 .text.SPI0_Open
                0x0000000000000ca0       0x1e build/default/production/mcc_generated_files/src/spi0.o
                0x0000000000000ca0                SPI0_Open

.text.reset     0x0000000000000cbe       0x1e
 .text.reset    0x0000000000000cbe       0x1e build/default/production/main.o
                0x0000000000000cbe                reset

.text.I2C0_Initialize
                0x0000000000000cdc       0x1c
 .text.I2C0_Initialize
                0x0000000000000cdc       0x1c build/default/production/mcc_generated_files/src/twi0_master.o
                0x0000000000000cdc                I2C0_Initialize

.text.I2C0_DO_SEND_ADR_READ
                0x0000000000000cf8       0x1a
 .text.I2C0_DO_SEND_ADR_READ
                0x0000000000000cf8       0x1a build/default/production/mcc_generated_files/src/twi0_master.o

.text.I2C0_DO_SEND_ADR_WRITE
                0x0000000000000d12       0x18
 .text.I2C0_DO_SEND_ADR_WRITE
                0x0000000000000d12       0x18 build/default/production/mcc_generated_files/src/twi0_master.o

.text.SPI0_Initialize
                0x0000000000000d2a       0x16
 .text.SPI0_Initialize
                0x0000000000000d2a       0x16 build/default/production/mcc_generated_files/src/spi0.o
                0x0000000000000d2a                SPI0_Initialize

.text.CPUINT_Initialize
                0x0000000000000d40       0x16
 .text.CPUINT_Initialize
                0x0000000000000d40       0x16 build/default/production/mcc_generated_files/src/cpuint.o
                0x0000000000000d40                CPUINT_Initialize

.text.I2C0_DO_BUS_ERROR
                0x0000000000000d56       0x16
 .text.I2C0_DO_BUS_ERROR
                0x0000000000000d56       0x16 build/default/production/mcc_generated_files/src/twi0_master.o

.text.I2C0_DO_RX_NACK_STOP
                0x0000000000000d6c       0x16
 .text.I2C0_DO_RX_NACK_STOP
                0x0000000000000d6c       0x16 build/default/production/mcc_generated_files/src/twi0_master.o

.text.BOD_Initialize
                0x0000000000000d82       0x16
 .text.BOD_Initialize
                0x0000000000000d82       0x16 build/default/production/mcc_generated_files/mcc.o
                0x0000000000000d82                BOD_Initialize

.rodata.point3D
                0x0000000000808d98       0x15 load address 0x0000000000000d98
 .rodata.point3D
                0x0000000000808d98       0x15 build/default/production/main.o
                0x0000000000808d98                point3D

.rodata.point0  0x0000000000808dad       0x15 load address 0x0000000000000dad
 .rodata.point0
                0x0000000000808dad       0x15 build/default/production/main.o
                0x0000000000808dad                point0

.rodata.point1  0x0000000000808dc2       0x15 load address 0x0000000000000dc2
 .rodata.point1
                0x0000000000808dc2       0x15 build/default/production/main.o
                0x0000000000808dc2                point1

.rodata.point5D
                0x0000000000808dd7       0x15 load address 0x0000000000000dd7
 .rodata.point5D
                0x0000000000808dd7       0x15 build/default/production/main.o
                0x0000000000808dd7                point5D

.rodata.point5M
                0x0000000000808dec       0x15 load address 0x0000000000000dec
 .rodata.point5M
                0x0000000000808dec       0x15 build/default/production/main.o
                0x0000000000808dec                point5M

.rodata.point5F
                0x0000000000808e01       0x15 load address 0x0000000000000e01
 .rodata.point5F
                0x0000000000808e01       0x15 build/default/production/main.o
                0x0000000000808e01                point5F

.text.SPI0_OpenConfiguration
                0x0000000000000e16       0x14
 .text.SPI0_OpenConfiguration
                0x0000000000000e16       0x14 build/default/production/mcc_generated_files/src/spi0.o
                0x0000000000000e16                SPI0_OpenConfiguration

.text.I2C0_DO_RESET
                0x0000000000000e2a       0x14
 .text.I2C0_DO_RESET
                0x0000000000000e2a       0x14 build/default/production/mcc_generated_files/src/twi0_master.o

.text.I2C0_DO_SEND_STOP
                0x0000000000000e3e       0x14
 .text.I2C0_DO_SEND_STOP
                0x0000000000000e3e       0x14 build/default/production/mcc_generated_files/src/twi0_master.o

.text.compte_5  0x0000000000000e52       0x14
 .text.compte_5
                0x0000000000000e52       0x14 build/default/production/main.o
                0x0000000000000e52                compte_5

.rodata.FinJ    0x0000000000808e66       0x14 load address 0x0000000000000e66
 .rodata.FinJ   0x0000000000808e66       0x14 build/default/production/main.o
                0x0000000000808e66                FinJ

.text.I2C0_DO_IDLE
                0x0000000000000e7a       0x12
 .text.I2C0_DO_IDLE
                0x0000000000000e7a       0x12 build/default/production/mcc_generated_files/src/twi0_master.o

.text.I2C0_MasterResetBus
                0x0000000000000e8c       0x12
 .text.I2C0_MasterResetBus
                0x0000000000000e8c       0x12 build/default/production/mcc_generated_files/src/twi0_master.o
                0x0000000000000e8c                I2C0_MasterResetBus

.text.I2C0_MasterWaitForEvent
                0x0000000000000e9e       0x12
 .text.I2C0_MasterWaitForEvent
                0x0000000000000e9e       0x12 build/default/production/mcc_generated_files/src/twi0_master.o
                0x0000000000000e9e                I2C0_MasterWaitForEvent

.text.SYSTEM_Initialize
                0x0000000000000eb0       0x10
 .text.SYSTEM_Initialize
                0x0000000000000eb0       0x10 build/default/production/mcc_generated_files/mcc.o
                0x0000000000000eb0                SYSTEM_Initialize

.text.SLPCTRL_Initialize
                0x0000000000000ec0        0xe
 .text.SLPCTRL_Initialize
                0x0000000000000ec0        0xe build/default/production/mcc_generated_files/mcc.o
                0x0000000000000ec0                SLPCTRL_Initialize

.text.exit      0x0000000000000ece        0xe
 .text.exit     0x0000000000000ece        0xe c:/program files/microchip/xc8/v2.40/avr/bin/../lib/gcc/avr/5.4.0/../../../../avr/lib/avrxmega3/short-calls\libc.a(exit.o)
                0x0000000000000ece                exit

.text.I2C0_MasterDisableIrq
                0x0000000000000edc        0xc
 .text.I2C0_MasterDisableIrq
                0x0000000000000edc        0xc build/default/production/mcc_generated_files/src/twi0_master.o
                0x0000000000000edc                I2C0_MasterDisableIrq

.text.I2C0_MasterClearIrq
                0x0000000000000ee8        0xc
 .text.I2C0_MasterClearIrq
                0x0000000000000ee8        0xc build/default/production/mcc_generated_files/src/twi0_master.o
                0x0000000000000ee8                I2C0_MasterClearIrq

.text.I2C0_MasterBusErrorOverride
                0x0000000000000ef4        0xc
 .text.I2C0_MasterBusErrorOverride
                0x0000000000000ef4        0xc build/default/production/mcc_generated_files/src/twi0_master.o
                0x0000000000000ef4                I2C0_MasterBusErrorOverride

.text.I2C0_MasterArbitrationlostOverride
                0x0000000000000f00        0xc
 .text.I2C0_MasterArbitrationlostOverride
                0x0000000000000f00        0xc build/default/production/mcc_generated_files/src/twi0_master.o
                0x0000000000000f00                I2C0_MasterArbitrationlostOverride

.text.I2C0_MasterIsRxOrTx
                0x0000000000000f0c        0xc
 .text.I2C0_MasterIsRxOrTx
                0x0000000000000f0c        0xc build/default/production/mcc_generated_files/src/twi0_master.o
                0x0000000000000f0c                I2C0_MasterIsRxOrTx

.text.I2C0_MasterClearBusCollision
                0x0000000000000f18        0xc
 .text.I2C0_MasterClearBusCollision
                0x0000000000000f18        0xc build/default/production/mcc_generated_files/src/twi0_master.o
                0x0000000000000f18                I2C0_MasterClearBusCollision

.text.I2C0_MasterStop
                0x0000000000000f24        0xc
 .text.I2C0_MasterStop
                0x0000000000000f24        0xc build/default/production/mcc_generated_files/src/twi0_master.o
                0x0000000000000f24                I2C0_MasterStop

.text.I2C0_MasterSendAck
                0x0000000000000f30        0xc
 .text.I2C0_MasterSendAck
                0x0000000000000f30        0xc build/default/production/mcc_generated_files/src/twi0_master.o
                0x0000000000000f30                I2C0_MasterSendAck

.text.I2C0_MasterSendNack
                0x0000000000000f3c        0xc
 .text.I2C0_MasterSendNack
                0x0000000000000f3c        0xc build/default/production/mcc_generated_files/src/twi0_master.o
                0x0000000000000f3c                I2C0_MasterSendNack

.text.__vector_2
                0x0000000000000f48        0xc
 .text.__vector_2
                0x0000000000000f48        0xc build/default/production/mcc_generated_files/mcc.o
                0x0000000000000f48                __vector_2

.text.I2C0_MasterIsNack
                0x0000000000000f54        0xa
 .text.I2C0_MasterIsNack
                0x0000000000000f54        0xa build/default/production/mcc_generated_files/src/twi0_master.o
                0x0000000000000f54                I2C0_MasterIsNack

.text.protected_write_io
                0x0000000000000f5e        0x8
 .text.protected_write_io
                0x0000000000000f5e        0x8 build/default/production/mcc_generated_files/src/protected_io.o
                0x0000000000000f5e                protected_write_io

.rodata.buffer2
                0x0000000000808f66        0x7 load address 0x0000000000000f66
 .rodata.buffer2
                0x0000000000808f66        0x7 build/default/production/main.o
                0x0000000000808f66                buffer2

.rodata.datasend
                0x0000000000808f6d        0x1 load address 0x0000000000000f6d
 .rodata.datasend
                0x0000000000808f6d        0x1 build/default/production/main.o
                0x0000000000808f6d                datasend

.text.SPI0_Close
                0x0000000000000f6e        0x6
 .text.SPI0_Close
                0x0000000000000f6e        0x6 build/default/production/mcc_generated_files/src/spi0.o
                0x0000000000000f6e                SPI0_Close

.text.SPI0_ReadByte
                0x0000000000000f74        0x6
 .text.SPI0_ReadByte
                0x0000000000000f74        0x6 build/default/production/mcc_generated_files/src/spi0.o
                0x0000000000000f74                SPI0_ReadByte

.text.I2C0_MasterWrite
                0x0000000000000f7a        0x6
 .text.I2C0_MasterWrite
                0x0000000000000f7a        0x6 build/default/production/mcc_generated_files/src/twi0_master.o
                0x0000000000000f7a                I2C0_MasterWrite

.text.I2C0_DO_TX_ACK
                0x0000000000000f80        0x6
 .text.I2C0_DO_TX_ACK
                0x0000000000000f80        0x6 build/default/production/mcc_generated_files/src/twi0_master.o

.text.I2C0_DO_RX_ACK
                0x0000000000000f86        0x6
 .text.I2C0_DO_RX_ACK
                0x0000000000000f86        0x6 build/default/production/mcc_generated_files/src/twi0_master.o

.text.I2C0_DO_RX_NACK_RESTART
                0x0000000000000f8c        0x6
 .text.I2C0_DO_RX_NACK_RESTART
                0x0000000000000f8c        0x6 build/default/production/mcc_generated_files/src/twi0_master.o

.text.I2C0_RETURN_STOP
                0x0000000000000f92        0x4
 .text.I2C0_RETURN_STOP
                0x0000000000000f92        0x4 build/default/production/mcc_generated_files/src/twi0_master.o

.text.I2C0_RETURN_RESET
                0x0000000000000f96        0x4
 .text.I2C0_RETURN_RESET
                0x0000000000000f96        0x4 build/default/production/mcc_generated_files/src/twi0_master.o

.text.I2C0_DO_SEND_RESTART
                0x0000000000000f9a        0x4
 .text.I2C0_DO_SEND_RESTART
                0x0000000000000f9a        0x4 build/default/production/mcc_generated_files/src/twi0_master.o

.text.I2C0_DO_SEND_RESTART_READ
                0x0000000000000f9e        0x4
 .text.I2C0_DO_SEND_RESTART_READ
                0x0000000000000f9e        0x4 build/default/production/mcc_generated_files/src/twi0_master.o

.text.I2C0_DO_SEND_RESTART_WRITE
                0x0000000000000fa2        0x4
 .text.I2C0_DO_SEND_RESTART_WRITE
                0x0000000000000fa2        0x4 build/default/production/mcc_generated_files/src/twi0_master.o

.text           0x0000000000000fa6        0x2
 .text          0x0000000000000fa6        0x2 C:/Program Files/Microchip/MPLABX/v6.00/packs/Microchip/ATtiny_DFP/2.7.128/xc8/avr/lib/avrxmega3/short-calls/crtattiny406.o
                0x0000000000000fa6                __vector_22
                0x0000000000000fa6                __vector_1
                0x0000000000000fa6                __vector_24
                0x0000000000000fa6                __vector_12
                0x0000000000000fa6                __bad_interrupt
                0x0000000000000fa6                __vector_6
                0x0000000000000fa6                __vector_3
                0x0000000000000fa6                __vector_23
                0x0000000000000fa6                __vector_25
                0x0000000000000fa6                __vector_11
                0x0000000000000fa6                __vector_13
                0x0000000000000fa6                __vector_17
                0x0000000000000fa6                __vector_19
                0x0000000000000fa6                __vector_7
                0x0000000000000fa6                __vector_5
                0x0000000000000fa6                __vector_4
                0x0000000000000fa6                __vector_9
                0x0000000000000fa6                __vector_21
                0x0000000000000fa6                __vector_15
                0x0000000000000fa6                __vector_8
                0x0000000000000fa6                __vector_14
                0x0000000000000fa6                __vector_10
                0x0000000000000fa6                __vector_16
                0x0000000000000fa6                __vector_18
                0x0000000000000fa6                __vector_20

.rodata.switch_line
                0x0000000000808fa8        0x2 load address 0x0000000000000fa8
 .rodata.switch_line
                0x0000000000808fa8        0x2 build/default/production/main.o
                0x0000000000808fa8                switch_line

.rodata.clear_lcd
                0x0000000000808faa        0x2 load address 0x0000000000000faa
 .rodata.clear_lcd
                0x0000000000808faa        0x2 build/default/production/main.o
                0x0000000000808faa                clear_lcd

.rodata.buffer1
                0x0000000000808fac        0x2 load address 0x0000000000000fac
 .rodata.buffer1
                0x0000000000808fac        0x2 build/default/production/main.o
                0x0000000000808fac                buffer1

.text.__dummy_fini
                0x0000000000000fae        0x2
 .text.__dummy_fini
                0x0000000000000fae        0x2 c:/program files/microchip/xc8/v2.40/avr/bin/../lib/gcc/avr/5.4.0/../../../../avr/lib/avrxmega3/short-calls\libc.a(exit.o)
                0x0000000000000fae                _fini

.text.__dummy_funcs_on_exit
                0x0000000000000fb0        0x2
 .text.__dummy_funcs_on_exit
                0x0000000000000fb0        0x2 c:/program files/microchip/xc8/v2.40/avr/bin/../lib/gcc/avr/5.4.0/../../../../avr/lib/avrxmega3/short-calls\libc.a(exit.o)
                0x0000000000000fb0                __funcs_on_exit

.text.__dummy_simulator_exit
                0x0000000000000fb2        0x2
 .text.__dummy_simulator_exit
                0x0000000000000fb2        0x2 c:/program files/microchip/xc8/v2.40/avr/bin/../lib/gcc/avr/5.4.0/../../../../avr/lib/avrxmega3/short-calls\libc.a(exit.o)
                0x0000000000000fb2                __simulator_exit

.text._Exit     0x0000000000000fb4        0x2
 .text._Exit    0x0000000000000fb4        0x2 c:/program files/microchip/xc8/v2.40/avr/bin/../lib/gcc/avr/5.4.0/../../../../avr/lib/avrxmega3/short-calls\libc.a(_Exit.o)
                0x0000000000000fb4                _Exit

.data.I2C0_fsmStateTable
                0x0000000000803f00       0x24 load address 0x0000000000000fb6
 .data.I2C0_fsmStateTable
                0x0000000000803f00       0x24 build/default/production/mcc_generated_files/src/twi0_master.o
                0x0000000000803f00                I2C0_fsmStateTable

.data.texte_score
                0x0000000000803f48       0x15 load address 0x0000000000000fda
 .data.texte_score
                0x0000000000803f48       0x15 build/default/production/main.o
                0x0000000000803f48                texte_score

.data.spi0_configurations
                0x0000000000803f5d        0x2 load address 0x0000000000000fef
 .data.spi0_configurations
                0x0000000000803f5d        0x2 build/default/production/mcc_generated_files/src/spi0.o
                0x0000000000803f5d                spi0_configurations

.data.compteur_t
                0x0000000000803f62        0x1 load address 0x0000000000000ff1
 .data.compteur_t
                0x0000000000803f62        0x1 build/default/production/main.o
                0x0000000000803f62                compteur_t
