Archive member included to satisfy reference by file (symbol)

c:/program files/microchip/xc8/v2.40/avr/bin/../lib/gcc/avr/5.4.0/avrxmega3/short-calls\libgcc.a(_divmodhi4.o)
                              .ca/build/PRO_Comparison/production/main.o (__divmodhi4)
c:/program files/microchip/xc8/v2.40/avr/bin/../lib/gcc/avr/5.4.0/avrxmega3/short-calls\libgcc.a(_copy_data.o)
                              .ca/build/PRO_Comparison/production/mcc_generated_files/src/spi0.o (__do_copy_data)
c:/program files/microchip/xc8/v2.40/avr/bin/../lib/gcc/avr/5.4.0/avrxmega3/short-calls\libgcc.a(_udivmodhi4.o)
                              c:/program files/microchip/xc8/v2.40/avr/bin/../lib/gcc/avr/5.4.0/avrxmega3/short-calls\libgcc.a(_divmodhi4.o) (__udivmodhi4)
c:/program files/microchip/xc8/v2.40/avr/bin/../lib/gcc/avr/5.4.0/../../../../avr/lib/avrxmega3/short-calls\libc.a(exit.o)
                              C:/Program Files/Microchip/MPLABX/v6.00/packs/Microchip/ATtiny_DFP/2.7.128/xc8/avr/lib/avrxmega3/short-calls/crtattiny406.o (exit)
c:/program files/microchip/xc8/v2.40/avr/bin/../lib/gcc/avr/5.4.0/../../../../avr/lib/avrxmega3/short-calls\libc.a(_Exit.o)
                              c:/program files/microchip/xc8/v2.40/avr/bin/../lib/gcc/avr/5.4.0/../../../../avr/lib/avrxmega3/short-calls\libc.a(exit.o) (_Exit)
c:/program files/microchip/xc8/v2.40/avr/bin/../lib/gcc/avr/5.4.0/avrxmega3/short-calls\libgcc.a(_exit.o)
                              c:/program files/microchip/xc8/v2.40/avr/bin/../lib/gcc/avr/5.4.0/../../../../avr/lib/avrxmega3/short-calls\libc.a(_Exit.o) (_exit)

Discarded input sections

 .data          0x0000000000000000        0x0 C:/Program Files/Microchip/MPLABX/v6.00/packs/Microchip/ATtiny_DFP/2.7.128/xc8/avr/lib/avrxmega3/short-calls/crtattiny406.o
 .bss           0x0000000000000000        0x0 C:/Program Files/Microchip/MPLABX/v6.00/packs/Microchip/ATtiny_DFP/2.7.128/xc8/avr/lib/avrxmega3/short-calls/crtattiny406.o
 .text          0x0000000000000000        0x0 .ca/build/PRO_Comparison/production/mcc_generated_files/examples/twi0_master_example.o
 .data          0x0000000000000000        0x0 .ca/build/PRO_Comparison/production/mcc_generated_files/examples/twi0_master_example.o
 .bss           0x0000000000000000        0x0 .ca/build/PRO_Comparison/production/mcc_generated_files/examples/twi0_master_example.o
 .text.wr1RegCompleteHandler_example
                0x0000000000000000       0x14 .ca/build/PRO_Comparison/production/mcc_generated_files/examples/twi0_master_example.o
 .text.rd1RegCompleteHandler_example
                0x0000000000000000       0x14 .ca/build/PRO_Comparison/production/mcc_generated_files/examples/twi0_master_example.o
 .text.rd2RegCompleteHandler_example
                0x0000000000000000       0x14 .ca/build/PRO_Comparison/production/mcc_generated_files/examples/twi0_master_example.o
 .text.wr2RegCompleteHandler_example
                0x0000000000000000       0x14 .ca/build/PRO_Comparison/production/mcc_generated_files/examples/twi0_master_example.o
 .text.rdBlkRegCompleteHandler_example
                0x0000000000000000       0x1a .ca/build/PRO_Comparison/production/mcc_generated_files/examples/twi0_master_example.o
 .text.I2C0_example_write1ByteRegister
                0x0000000000000000       0x4e .ca/build/PRO_Comparison/production/mcc_generated_files/examples/twi0_master_example.o
 .text.I2C0_example_writeNBytes
                0x0000000000000000       0x3c .ca/build/PRO_Comparison/production/mcc_generated_files/examples/twi0_master_example.o
 .text.I2C0_example_read1ByteRegister
                0x0000000000000000       0x6e .ca/build/PRO_Comparison/production/mcc_generated_files/examples/twi0_master_example.o
 .text.I2C0_example_read2ByteRegister
                0x0000000000000000       0x5a .ca/build/PRO_Comparison/production/mcc_generated_files/examples/twi0_master_example.o
 .text.I2C0_example_write2ByteRegister
                0x0000000000000000       0x54 .ca/build/PRO_Comparison/production/mcc_generated_files/examples/twi0_master_example.o
 .text.I2C0_example_readDataBlock
                0x0000000000000000       0x5a .ca/build/PRO_Comparison/production/mcc_generated_files/examples/twi0_master_example.o
 .text.I2C0_example_readNBytes
                0x0000000000000000       0x32 .ca/build/PRO_Comparison/production/mcc_generated_files/examples/twi0_master_example.o
 .debug_info    0x0000000000000000      0xccc .ca/build/PRO_Comparison/production/mcc_generated_files/examples/twi0_master_example.o
 .debug_abbrev  0x0000000000000000      0x14e .ca/build/PRO_Comparison/production/mcc_generated_files/examples/twi0_master_example.o
 .debug_loc     0x0000000000000000      0x512 .ca/build/PRO_Comparison/production/mcc_generated_files/examples/twi0_master_example.o
 .debug_aranges
                0x0000000000000000       0x78 .ca/build/PRO_Comparison/production/mcc_generated_files/examples/twi0_master_example.o
 .debug_ranges  0x0000000000000000       0x68 .ca/build/PRO_Comparison/production/mcc_generated_files/examples/twi0_master_example.o
 .debug_line    0x0000000000000000      0x368 .ca/build/PRO_Comparison/production/mcc_generated_files/examples/twi0_master_example.o
 .debug_str     0x0000000000000000       0x8b .ca/build/PRO_Comparison/production/mcc_generated_files/examples/twi0_master_example.o
 .comment       0x0000000000000000       0x30 .ca/build/PRO_Comparison/production/mcc_generated_files/examples/twi0_master_example.o
 .debug_frame   0x0000000000000000      0x18c .ca/build/PRO_Comparison/production/mcc_generated_files/examples/twi0_master_example.o
 .text          0x0000000000000000        0x0 .ca/build/PRO_Comparison/production/mcc_generated_files/src/protected_io.o
 .data          0x0000000000000000        0x0 .ca/build/PRO_Comparison/production/mcc_generated_files/src/protected_io.o
 .bss           0x0000000000000000        0x0 .ca/build/PRO_Comparison/production/mcc_generated_files/src/protected_io.o
 .text          0x0000000000000000        0x0 .ca/build/PRO_Comparison/production/mcc_generated_files/src/pin_manager.o
 .data          0x0000000000000000        0x0 .ca/build/PRO_Comparison/production/mcc_generated_files/src/pin_manager.o
 .bss           0x0000000000000000        0x0 .ca/build/PRO_Comparison/production/mcc_generated_files/src/pin_manager.o
 .text.PORTB_LED_verte_3_DefaultInterruptHandler
                0x0000000000000000        0x2 .ca/build/PRO_Comparison/production/mcc_generated_files/src/pin_manager.o
 .text.PORTA_PA2_DefaultInterruptHandler
                0x0000000000000000        0x2 .ca/build/PRO_Comparison/production/mcc_generated_files/src/pin_manager.o
 .text.PORTB_LED_verte_2_DefaultInterruptHandler
                0x0000000000000000        0x2 .ca/build/PRO_Comparison/production/mcc_generated_files/src/pin_manager.o
 .text.PORTC_LEDs_rouge_DefaultInterruptHandler
                0x0000000000000000        0x2 .ca/build/PRO_Comparison/production/mcc_generated_files/src/pin_manager.o
 .text.PORTA_PA1_DefaultInterruptHandler
                0x0000000000000000        0x2 .ca/build/PRO_Comparison/production/mcc_generated_files/src/pin_manager.o
 .text.PORTA_NRF_CE_DefaultInterruptHandler
                0x0000000000000000        0x2 .ca/build/PRO_Comparison/production/mcc_generated_files/src/pin_manager.o
 .text.PORTB_LED_verte_5_DefaultInterruptHandler
                0x0000000000000000        0x2 .ca/build/PRO_Comparison/production/mcc_generated_files/src/pin_manager.o
 .text.PORTB_LED_verte_4_DefaultInterruptHandler
                0x0000000000000000        0x2 .ca/build/PRO_Comparison/production/mcc_generated_files/src/pin_manager.o
 .text.PORTA_PA3_DefaultInterruptHandler
                0x0000000000000000        0x2 .ca/build/PRO_Comparison/production/mcc_generated_files/src/pin_manager.o
 .text.PORTA_NRF_CSN_DefaultInterruptHandler
                0x0000000000000000        0x2 .ca/build/PRO_Comparison/production/mcc_generated_files/src/pin_manager.o
 .text.PORTA_LED_verte_1_DefaultInterruptHandler
                0x0000000000000000        0x2 .ca/build/PRO_Comparison/production/mcc_generated_files/src/pin_manager.o
 .text.PORTC_BTN_RESET_DefaultInterruptHandler
                0x0000000000000000        0x2 .ca/build/PRO_Comparison/production/mcc_generated_files/src/pin_manager.o
 .text.PORTB_PB1_DefaultInterruptHandler
                0x0000000000000000        0x2 .ca/build/PRO_Comparison/production/mcc_generated_files/src/pin_manager.o
 .text.PORTB_PB0_DefaultInterruptHandler
                0x0000000000000000        0x2 .ca/build/PRO_Comparison/production/mcc_generated_files/src/pin_manager.o
 .text.PORTB_LED_verte_3_SetInterruptHandler
                0x0000000000000000        0x2 .ca/build/PRO_Comparison/production/mcc_generated_files/src/pin_manager.o
 .text.PORTA_PA2_SetInterruptHandler
                0x0000000000000000        0x2 .ca/build/PRO_Comparison/production/mcc_generated_files/src/pin_manager.o
 .text.PORTB_LED_verte_2_SetInterruptHandler
                0x0000000000000000        0x2 .ca/build/PRO_Comparison/production/mcc_generated_files/src/pin_manager.o
 .text.PORTC_LEDs_rouge_SetInterruptHandler
                0x0000000000000000        0x2 .ca/build/PRO_Comparison/production/mcc_generated_files/src/pin_manager.o
 .text.PORTA_PA1_SetInterruptHandler
                0x0000000000000000        0x2 .ca/build/PRO_Comparison/production/mcc_generated_files/src/pin_manager.o
 .text.PORTA_NRF_CE_SetInterruptHandler
                0x0000000000000000        0x2 .ca/build/PRO_Comparison/production/mcc_generated_files/src/pin_manager.o
 .text.PORTB_LED_verte_5_SetInterruptHandler
                0x0000000000000000        0x2 .ca/build/PRO_Comparison/production/mcc_generated_files/src/pin_manager.o
 .text.PORTB_LED_verte_4_SetInterruptHandler
                0x0000000000000000        0x2 .ca/build/PRO_Comparison/production/mcc_generated_files/src/pin_manager.o
 .text.PORTA_PA3_SetInterruptHandler
                0x0000000000000000        0x2 .ca/build/PRO_Comparison/production/mcc_generated_files/src/pin_manager.o
 .text.PORTA_NRF_CSN_SetInterruptHandler
                0x0000000000000000        0x2 .ca/build/PRO_Comparison/production/mcc_generated_files/src/pin_manager.o
 .text.PORTA_LED_verte_1_SetInterruptHandler
                0x0000000000000000        0x2 .ca/build/PRO_Comparison/production/mcc_generated_files/src/pin_manager.o
 .text.PORTC_BTN_RESET_SetInterruptHandler
                0x0000000000000000        0x2 .ca/build/PRO_Comparison/production/mcc_generated_files/src/pin_manager.o
 .text.PORTB_PB1_SetInterruptHandler
                0x0000000000000000        0x2 .ca/build/PRO_Comparison/production/mcc_generated_files/src/pin_manager.o
 .text.PORTB_PB0_SetInterruptHandler
                0x0000000000000000        0x2 .ca/build/PRO_Comparison/production/mcc_generated_files/src/pin_manager.o
 .text          0x0000000000000000        0x0 .ca/build/PRO_Comparison/production/mcc_generated_files/src/spi0.o
 .data          0x0000000000000000        0x0 .ca/build/PRO_Comparison/production/mcc_generated_files/src/spi0.o
 .bss           0x0000000000000000        0x0 .ca/build/PRO_Comparison/production/mcc_generated_files/src/spi0.o
 .text.SPI0_Enable
                0x0000000000000000        0xc .ca/build/PRO_Comparison/production/mcc_generated_files/src/spi0.o
 .text.SPI0_Disable
                0x0000000000000000        0xc .ca/build/PRO_Comparison/production/mcc_generated_files/src/spi0.o
 .text.SPI0_ExchangeByte
                0x0000000000000000       0x14 .ca/build/PRO_Comparison/production/mcc_generated_files/src/spi0.o
 .text.SPI0_Selected
                0x0000000000000000        0x4 .ca/build/PRO_Comparison/production/mcc_generated_files/src/spi0.o
 .text.SPI0_GetRxData
                0x0000000000000000        0x6 .ca/build/PRO_Comparison/production/mcc_generated_files/src/spi0.o
 .text.SPI0_WriteTxData
                0x0000000000000000        0x6 .ca/build/PRO_Comparison/production/mcc_generated_files/src/spi0.o
 .text.SPI0_WaitDataready
                0x0000000000000000        0xc .ca/build/PRO_Comparison/production/mcc_generated_files/src/spi0.o
 .text.SPI0_ExchangeBlock
                0x0000000000000000       0x26 .ca/build/PRO_Comparison/production/mcc_generated_files/src/spi0.o
 .text.SPI0_ReadBlock
                0x0000000000000000       0x24 .ca/build/PRO_Comparison/production/mcc_generated_files/src/spi0.o
 .text.SPI0_WriteByte
                0x0000000000000000        0x6 .ca/build/PRO_Comparison/production/mcc_generated_files/src/spi0.o
 .text          0x0000000000000000        0x0 .ca/build/PRO_Comparison/production/mcc_generated_files/src/cpuint.o
 .data          0x0000000000000000        0x0 .ca/build/PRO_Comparison/production/mcc_generated_files/src/cpuint.o
 .bss           0x0000000000000000        0x0 .ca/build/PRO_Comparison/production/mcc_generated_files/src/cpuint.o
 .text          0x0000000000000000        0x0 .ca/build/PRO_Comparison/production/mcc_generated_files/src/twi0_master.o
 .data          0x0000000000000000        0x0 .ca/build/PRO_Comparison/production/mcc_generated_files/src/twi0_master.o
 .bss           0x0000000000000000        0x0 .ca/build/PRO_Comparison/production/mcc_generated_files/src/twi0_master.o
 .text.I2C0_set_callback
                0x0000000000000000       0x4a .ca/build/PRO_Comparison/production/mcc_generated_files/src/twi0_master.o
 .text.I2C0_SetDataCompleteCallback
                0x0000000000000000        0xa .ca/build/PRO_Comparison/production/mcc_generated_files/src/twi0_master.o
 .text.I2C0_SetWriteCollisionCallback
                0x0000000000000000        0xa .ca/build/PRO_Comparison/production/mcc_generated_files/src/twi0_master.o
 .text.I2C0_SetAddressNackCallback
                0x0000000000000000        0xa .ca/build/PRO_Comparison/production/mcc_generated_files/src/twi0_master.o
 .text.I2C0_SetDataNackCallback
                0x0000000000000000        0xa .ca/build/PRO_Comparison/production/mcc_generated_files/src/twi0_master.o
 .text.I2C0_SetTimeoutCallback
                0x0000000000000000        0xa .ca/build/PRO_Comparison/production/mcc_generated_files/src/twi0_master.o
 .text.I2C0_SetAddress
                0x0000000000000000        0x6 .ca/build/PRO_Comparison/production/mcc_generated_files/src/twi0_master.o
 .text.I2C0_MasterOpen
                0x0000000000000000        0x8 .ca/build/PRO_Comparison/production/mcc_generated_files/src/twi0_master.o
 .text.I2C0_MasterClose
                0x0000000000000000        0x6 .ca/build/PRO_Comparison/production/mcc_generated_files/src/twi0_master.o
 .text.I2C0_MasterEnableIrq
                0x0000000000000000        0xc .ca/build/PRO_Comparison/production/mcc_generated_files/src/twi0_master.o
 .text.I2C0_MasterIsIrqEnabled
                0x0000000000000000       0x20 .ca/build/PRO_Comparison/production/mcc_generated_files/src/twi0_master.o
 .text.I2C0_SetTimeout
                0x0000000000000000       0x18 .ca/build/PRO_Comparison/production/mcc_generated_files/src/twi0_master.o
 .text.I2C0_MasterRead
                0x0000000000000000        0x6 .ca/build/PRO_Comparison/production/mcc_generated_files/src/twi0_master.o
 .text.I2C0_MasterGetRxData
                0x0000000000000000        0x6 .ca/build/PRO_Comparison/production/mcc_generated_files/src/twi0_master.o
 .text.I2C0_MasterTxData
                0x0000000000000000        0x6 .ca/build/PRO_Comparison/production/mcc_generated_files/src/twi0_master.o
 .text.I2C0_MasterTxAddr
                0x0000000000000000        0x6 .ca/build/PRO_Comparison/production/mcc_generated_files/src/twi0_master.o
 .text.I2C0_SetReturnStopCallback
                0x0000000000000000        0x4 .ca/build/PRO_Comparison/production/mcc_generated_files/src/twi0_master.o
 .text.I2C0_SetReturnResetCallback
                0x0000000000000000        0x4 .ca/build/PRO_Comparison/production/mcc_generated_files/src/twi0_master.o
 .text.I2C0_SetRestartWriteCallback
                0x0000000000000000        0x4 .ca/build/PRO_Comparison/production/mcc_generated_files/src/twi0_master.o
 .text.I2C0_SetRestartReadCallback
                0x0000000000000000        0x4 .ca/build/PRO_Comparison/production/mcc_generated_files/src/twi0_master.o
 .text          0x0000000000000000        0x0 .ca/build/PRO_Comparison/production/mcc_generated_files/mcc.o
 .data          0x0000000000000000        0x0 .ca/build/PRO_Comparison/production/mcc_generated_files/mcc.o
 .bss           0x0000000000000000        0x0 .ca/build/PRO_Comparison/production/mcc_generated_files/mcc.o
 .text.WDT_Initialize
                0x0000000000000000        0x4 .ca/build/PRO_Comparison/production/mcc_generated_files/mcc.o
 .text          0x0000000000000000        0x0 .ca/build/PRO_Comparison/production/mcc_generated_files/device_config.o
 .data          0x0000000000000000        0x0 .ca/build/PRO_Comparison/production/mcc_generated_files/device_config.o
 .bss           0x0000000000000000        0x0 .ca/build/PRO_Comparison/production/mcc_generated_files/device_config.o
 .text          0x0000000000000000        0x0 .ca/build/PRO_Comparison/production/main.o
 .data          0x0000000000000000        0x0 .ca/build/PRO_Comparison/production/main.o
 .bss           0x0000000000000000        0x0 .ca/build/PRO_Comparison/production/main.o
 .data.point3D  0x0000000000000000       0x15 .ca/build/PRO_Comparison/production/main.o
 .data.point1D  0x0000000000000000       0x15 .ca/build/PRO_Comparison/production/main.o
 .data.point5D  0x0000000000000000       0x15 .ca/build/PRO_Comparison/production/main.o
 .data.point1M  0x0000000000000000       0x15 .ca/build/PRO_Comparison/production/main.o
 .data.point0M  0x0000000000000000       0x15 .ca/build/PRO_Comparison/production/main.o
 .data.point5M  0x0000000000000000       0x15 .ca/build/PRO_Comparison/production/main.o
 .data.point0F  0x0000000000000000       0x15 .ca/build/PRO_Comparison/production/main.o
 .data.point5F  0x0000000000000000       0x15 .ca/build/PRO_Comparison/production/main.o
 .text          0x0000000000000000        0x0 c:/program files/microchip/xc8/v2.40/avr/bin/../lib/gcc/avr/5.4.0/avrxmega3/short-calls\libgcc.a(_divmodhi4.o)
 .data          0x0000000000000000        0x0 c:/program files/microchip/xc8/v2.40/avr/bin/../lib/gcc/avr/5.4.0/avrxmega3/short-calls\libgcc.a(_divmodhi4.o)
 .bss           0x0000000000000000        0x0 c:/program files/microchip/xc8/v2.40/avr/bin/../lib/gcc/avr/5.4.0/avrxmega3/short-calls\libgcc.a(_divmodhi4.o)
 .text.libgcc.mul
                0x0000000000000000        0x0 c:/program files/microchip/xc8/v2.40/avr/bin/../lib/gcc/avr/5.4.0/avrxmega3/short-calls\libgcc.a(_divmodhi4.o)
 .stack.descriptors
                0x0000000000000000       0x19 c:/program files/microchip/xc8/v2.40/avr/bin/../lib/gcc/avr/5.4.0/avrxmega3/short-calls\libgcc.a(_divmodhi4.o)
 .text.libgcc   0x0000000000000000        0x0 c:/program files/microchip/xc8/v2.40/avr/bin/../lib/gcc/avr/5.4.0/avrxmega3/short-calls\libgcc.a(_divmodhi4.o)
 .text.libgcc.prologue
                0x0000000000000000        0x0 c:/program files/microchip/xc8/v2.40/avr/bin/../lib/gcc/avr/5.4.0/avrxmega3/short-calls\libgcc.a(_divmodhi4.o)
 .text.libgcc.builtins
                0x0000000000000000        0x0 c:/program files/microchip/xc8/v2.40/avr/bin/../lib/gcc/avr/5.4.0/avrxmega3/short-calls\libgcc.a(_divmodhi4.o)
 .text.libgcc.fmul
                0x0000000000000000        0x0 c:/program files/microchip/xc8/v2.40/avr/bin/../lib/gcc/avr/5.4.0/avrxmega3/short-calls\libgcc.a(_divmodhi4.o)
 .text.libgcc.fixed
                0x0000000000000000        0x0 c:/program files/microchip/xc8/v2.40/avr/bin/../lib/gcc/avr/5.4.0/avrxmega3/short-calls\libgcc.a(_divmodhi4.o)
 .text          0x0000000000000000        0x0 c:/program files/microchip/xc8/v2.40/avr/bin/../lib/gcc/avr/5.4.0/avrxmega3/short-calls\libgcc.a(_copy_data.o)
 .data          0x0000000000000000        0x0 c:/program files/microchip/xc8/v2.40/avr/bin/../lib/gcc/avr/5.4.0/avrxmega3/short-calls\libgcc.a(_copy_data.o)
 .bss           0x0000000000000000        0x0 c:/program files/microchip/xc8/v2.40/avr/bin/../lib/gcc/avr/5.4.0/avrxmega3/short-calls\libgcc.a(_copy_data.o)
 .text.libgcc.mul
                0x0000000000000000        0x0 c:/program files/microchip/xc8/v2.40/avr/bin/../lib/gcc/avr/5.4.0/avrxmega3/short-calls\libgcc.a(_copy_data.o)
 .text.libgcc.div
                0x0000000000000000        0x0 c:/program files/microchip/xc8/v2.40/avr/bin/../lib/gcc/avr/5.4.0/avrxmega3/short-calls\libgcc.a(_copy_data.o)
 .text.libgcc   0x0000000000000000        0x0 c:/program files/microchip/xc8/v2.40/avr/bin/../lib/gcc/avr/5.4.0/avrxmega3/short-calls\libgcc.a(_copy_data.o)
 .text.libgcc.prologue
                0x0000000000000000        0x0 c:/program files/microchip/xc8/v2.40/avr/bin/../lib/gcc/avr/5.4.0/avrxmega3/short-calls\libgcc.a(_copy_data.o)
 .text.libgcc.builtins
                0x0000000000000000        0x0 c:/program files/microchip/xc8/v2.40/avr/bin/../lib/gcc/avr/5.4.0/avrxmega3/short-calls\libgcc.a(_copy_data.o)
 .text.libgcc.fmul
                0x0000000000000000        0x0 c:/program files/microchip/xc8/v2.40/avr/bin/../lib/gcc/avr/5.4.0/avrxmega3/short-calls\libgcc.a(_copy_data.o)
 .text.libgcc.fixed
                0x0000000000000000        0x0 c:/program files/microchip/xc8/v2.40/avr/bin/../lib/gcc/avr/5.4.0/avrxmega3/short-calls\libgcc.a(_copy_data.o)
 .text          0x0000000000000000        0x0 c:/program files/microchip/xc8/v2.40/avr/bin/../lib/gcc/avr/5.4.0/avrxmega3/short-calls\libgcc.a(_udivmodhi4.o)
 .data          0x0000000000000000        0x0 c:/program files/microchip/xc8/v2.40/avr/bin/../lib/gcc/avr/5.4.0/avrxmega3/short-calls\libgcc.a(_udivmodhi4.o)
 .bss           0x0000000000000000        0x0 c:/program files/microchip/xc8/v2.40/avr/bin/../lib/gcc/avr/5.4.0/avrxmega3/short-calls\libgcc.a(_udivmodhi4.o)
 .text.libgcc.mul
                0x0000000000000000        0x0 c:/program files/microchip/xc8/v2.40/avr/bin/../lib/gcc/avr/5.4.0/avrxmega3/short-calls\libgcc.a(_udivmodhi4.o)
 .stack.descriptors
                0x0000000000000000       0x1a c:/program files/microchip/xc8/v2.40/avr/bin/../lib/gcc/avr/5.4.0/avrxmega3/short-calls\libgcc.a(_udivmodhi4.o)
 .text.libgcc   0x0000000000000000        0x0 c:/program files/microchip/xc8/v2.40/avr/bin/../lib/gcc/avr/5.4.0/avrxmega3/short-calls\libgcc.a(_udivmodhi4.o)
 .text.libgcc.prologue
                0x0000000000000000        0x0 c:/program files/microchip/xc8/v2.40/avr/bin/../lib/gcc/avr/5.4.0/avrxmega3/short-calls\libgcc.a(_udivmodhi4.o)
 .text.libgcc.builtins
                0x0000000000000000        0x0 c:/program files/microchip/xc8/v2.40/avr/bin/../lib/gcc/avr/5.4.0/avrxmega3/short-calls\libgcc.a(_udivmodhi4.o)
 .text.libgcc.fmul
                0x0000000000000000        0x0 c:/program files/microchip/xc8/v2.40/avr/bin/../lib/gcc/avr/5.4.0/avrxmega3/short-calls\libgcc.a(_udivmodhi4.o)
 .text.libgcc.fixed
                0x0000000000000000        0x0 c:/program files/microchip/xc8/v2.40/avr/bin/../lib/gcc/avr/5.4.0/avrxmega3/short-calls\libgcc.a(_udivmodhi4.o)
 .text          0x0000000000000000        0x0 c:/program files/microchip/xc8/v2.40/avr/bin/../lib/gcc/avr/5.4.0/../../../../avr/lib/avrxmega3/short-calls\libc.a(exit.o)
 .data          0x0000000000000000        0x0 c:/program files/microchip/xc8/v2.40/avr/bin/../lib/gcc/avr/5.4.0/../../../../avr/lib/avrxmega3/short-calls\libc.a(exit.o)
 .bss           0x0000000000000000        0x0 c:/program files/microchip/xc8/v2.40/avr/bin/../lib/gcc/avr/5.4.0/../../../../avr/lib/avrxmega3/short-calls\libc.a(exit.o)
 .text          0x0000000000000000        0x0 c:/program files/microchip/xc8/v2.40/avr/bin/../lib/gcc/avr/5.4.0/../../../../avr/lib/avrxmega3/short-calls\libc.a(_Exit.o)
 .data          0x0000000000000000        0x0 c:/program files/microchip/xc8/v2.40/avr/bin/../lib/gcc/avr/5.4.0/../../../../avr/lib/avrxmega3/short-calls\libc.a(_Exit.o)
 .bss           0x0000000000000000        0x0 c:/program files/microchip/xc8/v2.40/avr/bin/../lib/gcc/avr/5.4.0/../../../../avr/lib/avrxmega3/short-calls\libc.a(_Exit.o)
 .text          0x0000000000000000        0x0 c:/program files/microchip/xc8/v2.40/avr/bin/../lib/gcc/avr/5.4.0/avrxmega3/short-calls\libgcc.a(_exit.o)
 .data          0x0000000000000000        0x0 c:/program files/microchip/xc8/v2.40/avr/bin/../lib/gcc/avr/5.4.0/avrxmega3/short-calls\libgcc.a(_exit.o)
 .bss           0x0000000000000000        0x0 c:/program files/microchip/xc8/v2.40/avr/bin/../lib/gcc/avr/5.4.0/avrxmega3/short-calls\libgcc.a(_exit.o)
 .text.libgcc.mul
                0x0000000000000000        0x0 c:/program files/microchip/xc8/v2.40/avr/bin/../lib/gcc/avr/5.4.0/avrxmega3/short-calls\libgcc.a(_exit.o)
 .text.libgcc.div
                0x0000000000000000        0x0 c:/program files/microchip/xc8/v2.40/avr/bin/../lib/gcc/avr/5.4.0/avrxmega3/short-calls\libgcc.a(_exit.o)
 .text.libgcc   0x0000000000000000        0x0 c:/program files/microchip/xc8/v2.40/avr/bin/../lib/gcc/avr/5.4.0/avrxmega3/short-calls\libgcc.a(_exit.o)
 .text.libgcc.prologue
                0x0000000000000000        0x0 c:/program files/microchip/xc8/v2.40/avr/bin/../lib/gcc/avr/5.4.0/avrxmega3/short-calls\libgcc.a(_exit.o)
 .stack.descriptors
                0x0000000000000000       0x13 c:/program files/microchip/xc8/v2.40/avr/bin/../lib/gcc/avr/5.4.0/avrxmega3/short-calls\libgcc.a(_exit.o)
 .text.libgcc.builtins
                0x0000000000000000        0x0 c:/program files/microchip/xc8/v2.40/avr/bin/../lib/gcc/avr/5.4.0/avrxmega3/short-calls\libgcc.a(_exit.o)
 .text.libgcc.fmul
                0x0000000000000000        0x0 c:/program files/microchip/xc8/v2.40/avr/bin/../lib/gcc/avr/5.4.0/avrxmega3/short-calls\libgcc.a(_exit.o)
 .text.libgcc.fixed
                0x0000000000000000        0x0 c:/program files/microchip/xc8/v2.40/avr/bin/../lib/gcc/avr/5.4.0/avrxmega3/short-calls\libgcc.a(_exit.o)

Memory Configuration

Name             Origin             Length             Attributes
text             0x0000000000000000 0x0000000000001000 xr
data             0x0000000000803f00 0x0000000000000100 rw !x
eeprom           0x0000000000810000 0x0000000000000080 rw !x
fuse             0x0000000000820000 0x000000000000000a rw !x
lock             0x0000000000830000 0x0000000000000400 rw !x
signature        0x0000000000840000 0x0000000000000400 rw !x
user_signatures  0x0000000000850000 0x0000000000000400 rw !x
*default*        0x0000000000000000 0xffffffffffffffff

Linker script and memory map

Address of section .data set to 0x803f00
                0x0000000000008000                __RODATA_PM_OFFSET__ = 0x8000
LOAD C:/Program Files/Microchip/MPLABX/v6.00/packs/Microchip/ATtiny_DFP/2.7.128/xc8/avr/lib/avrxmega3/short-calls/crtattiny406.o
                0x0000000000000001                __MPLAB_BUILD = 0x1
LOAD .ca/build/PRO_Comparison/production/mcc_generated_files/examples/twi0_master_example.o
LOAD .ca/build/PRO_Comparison/production/mcc_generated_files/src/protected_io.o
LOAD .ca/build/PRO_Comparison/production/mcc_generated_files/src/pin_manager.o
LOAD .ca/build/PRO_Comparison/production/mcc_generated_files/src/spi0.o
LOAD .ca/build/PRO_Comparison/production/mcc_generated_files/src/cpuint.o
LOAD .ca/build/PRO_Comparison/production/mcc_generated_files/src/twi0_master.o
LOAD .ca/build/PRO_Comparison/production/mcc_generated_files/mcc.o
LOAD .ca/build/PRO_Comparison/production/mcc_generated_files/device_config.o
LOAD .ca/build/PRO_Comparison/production/main.o
START GROUP
LOAD c:/program files/microchip/xc8/v2.40/avr/bin/../lib/gcc/avr/5.4.0/../../../../avr/lib/avrxmega3/short-calls\libm.a
END GROUP
START GROUP
LOAD c:/program files/microchip/xc8/v2.40/avr/bin/../lib/gcc/avr/5.4.0/avrxmega3/short-calls\libgcc.a
LOAD c:/program files/microchip/xc8/v2.40/avr/bin/../lib/gcc/avr/5.4.0/../../../../avr/lib/avrxmega3/short-calls\libm.a
LOAD c:/program files/microchip/xc8/v2.40/avr/bin/../lib/gcc/avr/5.4.0/../../../../avr/lib/avrxmega3/short-calls\libc.a
LOAD C:/Program Files/Microchip/MPLABX/v6.00/packs/Microchip/ATtiny_DFP/2.7.128/xc8/avr/lib/avrxmega3/short-calls\libattiny406.a
END GROUP
                [0x0000000000000000]                __TEXT_REGION_ORIGIN__ = DEFINED (__TEXT_REGION_ORIGIN__)?__TEXT_REGION_ORIGIN__:0x0
                [0x0000000000803f00]                __DATA_REGION_ORIGIN__ = DEFINED (__DATA_REGION_ORIGIN__)?__DATA_REGION_ORIGIN__:0x802000
                [0x0000000000001000]                __TEXT_REGION_LENGTH__ = DEFINED (__TEXT_REGION_LENGTH__)?__TEXT_REGION_LENGTH__:0x100000
                [0x0000000000000100]                __DATA_REGION_LENGTH__ = DEFINED (__DATA_REGION_LENGTH__)?__DATA_REGION_LENGTH__:0xffa0
                [0x0000000000000080]                __EEPROM_REGION_LENGTH__ = DEFINED (__EEPROM_REGION_LENGTH__)?__EEPROM_REGION_LENGTH__:0x10000
                [0x000000000000000a]                __FUSE_REGION_LENGTH__ = DEFINED (__FUSE_REGION_LENGTH__)?__FUSE_REGION_LENGTH__:0x400
                0x0000000000000400                __LOCK_REGION_LENGTH__ = DEFINED (__LOCK_REGION_LENGTH__)?__LOCK_REGION_LENGTH__:0x400
                0x0000000000000400                __SIGNATURE_REGION_LENGTH__ = DEFINED (__SIGNATURE_REGION_LENGTH__)?__SIGNATURE_REGION_LENGTH__:0x400
                0x0000000000000400                __USER_SIGNATURE_REGION_LENGTH__ = DEFINED (__USER_SIGNATURE_REGION_LENGTH__)?__USER_SIGNATURE_REGION_LENGTH__:0x400
                0x0000000000008000                __RODATA_PM_OFFSET__ = DEFINED (__RODATA_PM_OFFSET__)?__RODATA_PM_OFFSET__:0x8000

.hash
 *(.hash)

.dynsym
 *(.dynsym)

.dynstr
 *(.dynstr)

.gnu.version
 *(.gnu.version)

.gnu.version_d
 *(.gnu.version_d)

.gnu.version_r
 *(.gnu.version_r)

.rel.init
 *(.rel.init)

.rela.init
 *(.rela.init)

.rel.text
 *(.rel.text)
 *(.rel.text.*)
 *(.rel.gnu.linkonce.t*)

.rela.text
 *(.rela.text)
 *(.rela.text.*)
 *(.rela.gnu.linkonce.t*)

.rel.fini
 *(.rel.fini)

.rela.fini
 *(.rela.fini)

.rel.rodata
 *(.rel.rodata)
 *(.rel.rodata.*)
 *(.rel.gnu.linkonce.r*)

.rela.rodata
 *(.rela.rodata)
 *(.rela.rodata.*)
 *(.rela.gnu.linkonce.r*)

.rel.data
 *(.rel.data)
 *(.rel.data.*)
 *(.rel.gnu.linkonce.d*)

.rela.data
 *(.rela.data)
 *(.rela.data.*)
 *(.rela.gnu.linkonce.d*)

.rel.ctors
 *(.rel.ctors)

.rela.ctors
 *(.rela.ctors)

.rel.dtors
 *(.rel.dtors)

.rela.dtors
 *(.rela.dtors)

.rel.got
 *(.rel.got)

.rela.got
 *(.rela.got)

.rel.bss
 *(.rel.bss)

.rela.bss
 *(.rela.bss)

.rel.plt
 *(.rel.plt)

.rela.plt
 *(.rela.plt)

.text           0x0000000000000000       0xb0
 *(.vectors)
 .vectors       0x0000000000000000       0x34 C:/Program Files/Microchip/MPLABX/v6.00/packs/Microchip/ATtiny_DFP/2.7.128/xc8/avr/lib/avrxmega3/short-calls/crtattiny406.o
                0x0000000000000000                __vector_default
                0x0000000000000000                __vectors
 *(.vectors)
 *(.progmem.gcc*)
 *(.dinit)
 .dinit         0x0000000000000034       0x2b data_init
                0x0000000000000060                . = ALIGN (0x2)
 *fill*         0x000000000000005f        0x1 
                0x0000000000000060                __trampolines_start = .
 *(.trampolines)
 .trampolines   0x0000000000000060        0x0 linker stubs
 *(.trampolines*)
                0x0000000000000060                __trampolines_end = .
 *libprintf_flt.a:*(.progmem.data)
 *libc.a:*(.progmem.data)
                0x0000000000000060                . = ALIGN (0x2)
 *(.jumptables)
 *(.jumptables*)
 *(.lowtext)
 *(.lowtext*)
                0x0000000000000060                __ctors_start = .
 *(.ctors)
                0x0000000000000060                __ctors_end = .
                0x0000000000000060                __dtors_start = .
 *(.dtors)
                0x0000000000000060                __dtors_end = .
 SORT(*)(.ctors)
 SORT(*)(.dtors)
 *(.init0)
 .init0         0x0000000000000060        0x0 C:/Program Files/Microchip/MPLABX/v6.00/packs/Microchip/ATtiny_DFP/2.7.128/xc8/avr/lib/avrxmega3/short-calls/crtattiny406.o
                0x0000000000000060                __init
 *(.init0)
 *(.init1)
 *(.init1)
 *(.init2)
 .init2         0x0000000000000060        0xc C:/Program Files/Microchip/MPLABX/v6.00/packs/Microchip/ATtiny_DFP/2.7.128/xc8/avr/lib/avrxmega3/short-calls/crtattiny406.o
 *(.init2)
 *(.init3)
 *(.init3)
 *(.init4)
 .init4         0x000000000000006c       0x3c c:/program files/microchip/xc8/v2.40/avr/bin/../lib/gcc/avr/5.4.0/avrxmega3/short-calls\libgcc.a(_copy_data.o)
                0x000000000000006c                __do_copy_data
                0x000000000000009a                __do_clear_bss
 *(.init4)
 *(.init5)
 *(.init5)
 *(.init6)
 *(.init6)
 *(.init7)
 *(.init7)
 *(.init8)
 *(.init8)
 *(.init9)
 .init9         0x00000000000000a8        0x4 C:/Program Files/Microchip/MPLABX/v6.00/packs/Microchip/ATtiny_DFP/2.7.128/xc8/avr/lib/avrxmega3/short-calls/crtattiny406.o
 *(.init9)
                0x00000000000000ac                . = ALIGN (0x2)
 *(.fini9)
 .fini9         0x00000000000000ac        0x0 c:/program files/microchip/xc8/v2.40/avr/bin/../lib/gcc/avr/5.4.0/avrxmega3/short-calls\libgcc.a(_exit.o)
                0x00000000000000ac                _exit
 *(.fini9)
 *(.fini8)
 *(.fini8)
 *(.fini7)
 *(.fini7)
 *(.fini6)
 *(.fini6)
 *(.fini5)
 *(.fini5)
 *(.fini4)
 *(.fini4)
 *(.fini3)
 *(.fini3)
 *(.fini2)
 *(.fini2)
 *(.fini1)
 *(.fini1)
 *(.fini0)
 .fini0         0x00000000000000ac        0x4 c:/program files/microchip/xc8/v2.40/avr/bin/../lib/gcc/avr/5.4.0/avrxmega3/short-calls\libgcc.a(_exit.o)
 *(.fini0)
                0x00000000000000b0                _etext = .

.data           0x0000000000803f00        0x0 load address 0x00000000000000b0
                [!provide]                        PROVIDE (__data_start, .)
 *(.gnu.linkonce.d*)
                0x0000000000803f00                . = ALIGN (0x2)
                0x0000000000803f00                _edata = .
                [!provide]                        PROVIDE (__data_end, .)

.bss            0x0000000000803f00        0x0
                [!provide]                        PROVIDE (__bss_start, .)
 *(COMMON)
                [!provide]                        PROVIDE (__bss_end, .)
                0x00000000000000b0                __data_load_start = LOADADDR (.data)
                0x00000000000000b0                __data_load_end = (__data_load_start + SIZEOF (.data))

.noinit         0x0000000000803f00        0x0
                [!provide]                        PROVIDE (__noinit_start, .)
 *(.noinit*)
                [!provide]                        PROVIDE (__noinit_end, .)
                0x0000000000803f00                _end = .

.eeprom         0x0000000000810000        0x0
 *(.eeprom*)
                0x0000000000810000                __eeprom_end = .

.fuse           0x0000000000820000        0x9
 *(.fuse)
 .fuse          0x0000000000820000        0x9 .ca/build/PRO_Comparison/production/mcc_generated_files/device_config.o
                0x0000000000820000                __fuse
 *(.lfuse)
 *(.hfuse)
 *(.efuse)

.lock
 *(.lock*)

.signature
 *(.signature*)

.user_signatures
 *(.user_signatures*)

.stab
 *(.stab)

.stabstr
 *(.stabstr)

.stab.excl
 *(.stab.excl)

.stab.exclstr
 *(.stab.exclstr)

.stab.index
 *(.stab.index)

.stab.indexstr
 *(.stab.indexstr)

.comment        0x0000000000000000       0x2f
 *(.comment)
 .comment       0x0000000000000000       0x2f .ca/build/PRO_Comparison/production/mcc_generated_files/src/pin_manager.o
                                         0x30 (size before relaxing)
 .comment       0x000000000000002f       0x30 .ca/build/PRO_Comparison/production/mcc_generated_files/src/spi0.o
 .comment       0x000000000000002f       0x30 .ca/build/PRO_Comparison/production/mcc_generated_files/src/cpuint.o
 .comment       0x000000000000002f       0x30 .ca/build/PRO_Comparison/production/mcc_generated_files/src/twi0_master.o
 .comment       0x000000000000002f       0x30 .ca/build/PRO_Comparison/production/mcc_generated_files/mcc.o
 .comment       0x000000000000002f       0x30 .ca/build/PRO_Comparison/production/mcc_generated_files/device_config.o
 .comment       0x000000000000002f       0x30 .ca/build/PRO_Comparison/production/main.o
 .comment       0x000000000000002f       0x30 c:/program files/microchip/xc8/v2.40/avr/bin/../lib/gcc/avr/5.4.0/../../../../avr/lib/avrxmega3/short-calls\libc.a(exit.o)
 .comment       0x000000000000002f       0x30 c:/program files/microchip/xc8/v2.40/avr/bin/../lib/gcc/avr/5.4.0/../../../../avr/lib/avrxmega3/short-calls\libc.a(_Exit.o)

.stack.descriptors.hdr
                0x0000000000000000       0x2a
 .stack.descriptors.hdr
                0x0000000000000000        0xe c:/program files/microchip/xc8/v2.40/avr/bin/../lib/gcc/avr/5.4.0/avrxmega3/short-calls\libgcc.a(_divmodhi4.o)
 .stack.descriptors.hdr
                0x000000000000000e        0xe c:/program files/microchip/xc8/v2.40/avr/bin/../lib/gcc/avr/5.4.0/avrxmega3/short-calls\libgcc.a(_udivmodhi4.o)
 .stack.descriptors.hdr
                0x000000000000001c        0xe c:/program files/microchip/xc8/v2.40/avr/bin/../lib/gcc/avr/5.4.0/avrxmega3/short-calls\libgcc.a(_exit.o)

.note.GNU-stack
                0x0000000000000000        0x0
 .note.GNU-stack
                0x0000000000000000        0x0 c:/program files/microchip/xc8/v2.40/avr/bin/../lib/gcc/avr/5.4.0/../../../../avr/lib/avrxmega3/short-calls\libc.a(exit.o)
 .note.GNU-stack
                0x0000000000000000        0x0 c:/program files/microchip/xc8/v2.40/avr/bin/../lib/gcc/avr/5.4.0/../../../../avr/lib/avrxmega3/short-calls\libc.a(_Exit.o)

.note.gnu.build-id
 *(.note.gnu.build-id)

.debug
 *(.debug)

.line
 *(.line)

.debug_srcinfo
 *(.debug_srcinfo)

.debug_sfnames
 *(.debug_sfnames)

.debug_aranges  0x0000000000000000      0x4c8
 *(.debug_aranges)
 .debug_aranges
                0x0000000000000000       0x20 .ca/build/PRO_Comparison/production/mcc_generated_files/src/protected_io.o
 .debug_aranges
                0x0000000000000020      0x108 .ca/build/PRO_Comparison/production/mcc_generated_files/src/pin_manager.o
 .debug_aranges
                0x0000000000000128       0x98 .ca/build/PRO_Comparison/production/mcc_generated_files/src/spi0.o
 .debug_aranges
                0x00000000000001c0       0x20 .ca/build/PRO_Comparison/production/mcc_generated_files/src/cpuint.o
 .debug_aranges
                0x00000000000001e0      0x1f8 .ca/build/PRO_Comparison/production/mcc_generated_files/src/twi0_master.o
 .debug_aranges
                0x00000000000003d8       0x48 .ca/build/PRO_Comparison/production/mcc_generated_files/mcc.o
 .debug_aranges
                0x0000000000000420       0x18 .ca/build/PRO_Comparison/production/mcc_generated_files/device_config.o
 .debug_aranges
                0x0000000000000438       0x90 .ca/build/PRO_Comparison/production/main.o

.debug_pubnames
 *(.debug_pubnames)

.debug_info     0x0000000000000000     0x746c
 *(.debug_info .gnu.linkonce.wi.*)
 .debug_info    0x0000000000000000     0x1482 C:/Program Files/Microchip/MPLABX/v6.00/packs/Microchip/ATtiny_DFP/2.7.128/xc8/avr/lib/avrxmega3/short-calls/crtattiny406.o
 .debug_info    0x0000000000001482       0x7f .ca/build/PRO_Comparison/production/mcc_generated_files/src/protected_io.o
 .debug_info    0x0000000000001501      0xf5b .ca/build/PRO_Comparison/production/mcc_generated_files/src/pin_manager.o
 .debug_info    0x000000000000245c      0x7a8 .ca/build/PRO_Comparison/production/mcc_generated_files/src/spi0.o
 .debug_info    0x0000000000002c04      0x3dc .ca/build/PRO_Comparison/production/mcc_generated_files/src/cpuint.o
 .debug_info    0x0000000000002fe0     0x1a1d .ca/build/PRO_Comparison/production/mcc_generated_files/src/twi0_master.o
 .debug_info    0x00000000000049fd      0x8a3 .ca/build/PRO_Comparison/production/mcc_generated_files/mcc.o
 .debug_info    0x00000000000052a0      0x810 .ca/build/PRO_Comparison/production/mcc_generated_files/device_config.o
 .debug_info    0x0000000000005ab0     0x19bc .ca/build/PRO_Comparison/production/main.o

.debug_abbrev   0x0000000000000000     0x1fc6
 *(.debug_abbrev)
 .debug_abbrev  0x0000000000000000     0x1366 C:/Program Files/Microchip/MPLABX/v6.00/packs/Microchip/ATtiny_DFP/2.7.128/xc8/avr/lib/avrxmega3/short-calls/crtattiny406.o
 .debug_abbrev  0x0000000000001366       0x14 .ca/build/PRO_Comparison/production/mcc_generated_files/src/protected_io.o
 .debug_abbrev  0x000000000000137a      0x198 .ca/build/PRO_Comparison/production/mcc_generated_files/src/pin_manager.o
 .debug_abbrev  0x0000000000001512      0x1c4 .ca/build/PRO_Comparison/production/mcc_generated_files/src/spi0.o
 .debug_abbrev  0x00000000000016d6       0xfa .ca/build/PRO_Comparison/production/mcc_generated_files/src/cpuint.o
 .debug_abbrev  0x00000000000017d0      0x383 .ca/build/PRO_Comparison/production/mcc_generated_files/src/twi0_master.o
 .debug_abbrev  0x0000000000001b53      0x193 .ca/build/PRO_Comparison/production/mcc_generated_files/mcc.o
 .debug_abbrev  0x0000000000001ce6       0x97 .ca/build/PRO_Comparison/production/mcc_generated_files/device_config.o
 .debug_abbrev  0x0000000000001d7d      0x249 .ca/build/PRO_Comparison/production/main.o

.debug_line     0x0000000000000000     0x21d2
 *(.debug_line .debug_line.* .debug_line_end)
 .debug_line    0x0000000000000000      0x136 C:/Program Files/Microchip/MPLABX/v6.00/packs/Microchip/ATtiny_DFP/2.7.128/xc8/avr/lib/avrxmega3/short-calls/crtattiny406.o
 .debug_line    0x0000000000000136       0x66 .ca/build/PRO_Comparison/production/mcc_generated_files/src/protected_io.o
 .debug_line    0x000000000000019c      0x414 .ca/build/PRO_Comparison/production/mcc_generated_files/src/pin_manager.o
 .debug_line    0x00000000000005b0      0x364 .ca/build/PRO_Comparison/production/mcc_generated_files/src/spi0.o
 .debug_line    0x0000000000000914      0x18a .ca/build/PRO_Comparison/production/mcc_generated_files/src/cpuint.o
 .debug_line    0x0000000000000a9e      0xac8 .ca/build/PRO_Comparison/production/mcc_generated_files/src/twi0_master.o
 .debug_line    0x0000000000001566      0x25d .ca/build/PRO_Comparison/production/mcc_generated_files/mcc.o
 .debug_line    0x00000000000017c3       0xf5 .ca/build/PRO_Comparison/production/mcc_generated_files/device_config.o
 .debug_line    0x00000000000018b8      0x91a .ca/build/PRO_Comparison/production/main.o

.debug_frame    0x0000000000000000      0x92c
 *(.debug_frame)
 .debug_frame   0x0000000000000000      0x200 .ca/build/PRO_Comparison/production/mcc_generated_files/src/pin_manager.o
 .debug_frame   0x0000000000000200      0x114 .ca/build/PRO_Comparison/production/mcc_generated_files/src/spi0.o
 .debug_frame   0x0000000000000314       0x24 .ca/build/PRO_Comparison/production/mcc_generated_files/src/cpuint.o
 .debug_frame   0x0000000000000338      0x400 .ca/build/PRO_Comparison/production/mcc_generated_files/src/twi0_master.o
 .debug_frame   0x0000000000000738       0x74 .ca/build/PRO_Comparison/production/mcc_generated_files/mcc.o
 .debug_frame   0x00000000000007ac      0x180 .ca/build/PRO_Comparison/production/main.o

.debug_str      0x0000000000000000      0xa03
 *(.debug_str)
 .debug_str     0x0000000000000000      0x8b5 C:/Program Files/Microchip/MPLABX/v6.00/packs/Microchip/ATtiny_DFP/2.7.128/xc8/avr/lib/avrxmega3/short-calls/crtattiny406.o
 .debug_str     0x00000000000008b5       0x1c .ca/build/PRO_Comparison/production/mcc_generated_files/src/pin_manager.o
 .debug_str     0x00000000000008d1       0x17 .ca/build/PRO_Comparison/production/mcc_generated_files/src/spi0.o
 .debug_str     0x00000000000008e8       0x13 .ca/build/PRO_Comparison/production/mcc_generated_files/src/cpuint.o
 .debug_str     0x00000000000008fb        0xf .ca/build/PRO_Comparison/production/mcc_generated_files/src/twi0_master.o
 .debug_str     0x000000000000090a       0x72 .ca/build/PRO_Comparison/production/mcc_generated_files/mcc.o
 .debug_str     0x000000000000097c        0x0 .ca/build/PRO_Comparison/production/mcc_generated_files/device_config.o
 .debug_str     0x000000000000097c       0x87 .ca/build/PRO_Comparison/production/main.o

.debug_loc      0x0000000000000000      0xe6a
 *(.debug_loc)
 .debug_loc     0x0000000000000000       0x36 .ca/build/PRO_Comparison/production/mcc_generated_files/src/pin_manager.o
 .debug_loc     0x0000000000000036      0x27a .ca/build/PRO_Comparison/production/mcc_generated_files/src/spi0.o
 .debug_loc     0x00000000000002b0       0x2a .ca/build/PRO_Comparison/production/mcc_generated_files/src/cpuint.o
 .debug_loc     0x00000000000002da      0x507 .ca/build/PRO_Comparison/production/mcc_generated_files/src/twi0_master.o
 .debug_loc     0x00000000000007e1      0x11f .ca/build/PRO_Comparison/production/mcc_generated_files/mcc.o
 .debug_loc     0x0000000000000900      0x56a .ca/build/PRO_Comparison/production/main.o

.debug_macinfo
 *(.debug_macinfo)

.debug_weaknames
 *(.debug_weaknames)

.debug_funcnames
 *(.debug_funcnames)

.debug_typenames
 *(.debug_typenames)

.debug_varnames
 *(.debug_varnames)

.debug_pubtypes
 *(.debug_pubtypes)

.debug_ranges   0x0000000000000000      0x430
 *(.debug_ranges)
 .debug_ranges  0x0000000000000000       0xf8 .ca/build/PRO_Comparison/production/mcc_generated_files/src/pin_manager.o
 .debug_ranges  0x00000000000000f8       0x88 .ca/build/PRO_Comparison/production/mcc_generated_files/src/spi0.o
 .debug_ranges  0x0000000000000180       0x10 .ca/build/PRO_Comparison/production/mcc_generated_files/src/cpuint.o
 .debug_ranges  0x0000000000000190      0x1e8 .ca/build/PRO_Comparison/production/mcc_generated_files/src/twi0_master.o
 .debug_ranges  0x0000000000000378       0x38 .ca/build/PRO_Comparison/production/mcc_generated_files/mcc.o
 .debug_ranges  0x00000000000003b0       0x80 .ca/build/PRO_Comparison/production/main.o

.debug_macro
 *(.debug_macro)
OUTPUT(.ca/dist/PRO_Comparison/production/attiny406_moniteur_V3.X.production.elf elf32-avr)
LOAD linker stubs
LOAD data_init

.note.gnu.avr.deviceinfo
                0x0000000000000000       0x3c
 .note.gnu.avr.deviceinfo
                0x0000000000000000       0x3c C:/Program Files/Microchip/MPLABX/v6.00/packs/Microchip/ATtiny_DFP/2.7.128/xc8/avr/lib/avrxmega3/short-calls/crtattiny406.o

.bss.spi0_desc  0x0000000000803f81        0x1
 .bss.spi0_desc
                0x0000000000803f81        0x1 .ca/build/PRO_Comparison/production/mcc_generated_files/src/spi0.o

.bss.I2C0_status
                0x0000000000803f24       0x24
 .bss.I2C0_status
                0x0000000000803f24       0x24 .ca/build/PRO_Comparison/production/mcc_generated_files/src/twi0_master.o
                0x0000000000803f24                I2C0_status

.bss.compte_pts
                0x0000000000803f7f        0x2
 .bss.compte_pts
                0x0000000000803f7f        0x2 .ca/build/PRO_Comparison/production/main.o
                0x0000000000803f7f                compte_pts

.bss.data_read  0x0000000000803f85        0x1
 .bss.data_read
                0x0000000000803f85        0x1 .ca/build/PRO_Comparison/production/main.o
                0x0000000000803f85                data_read

.text.init_nrf  0x00000000000000b0      0x2cc
 .text.init_nrf
                0x00000000000000b0      0x2cc .ca/build/PRO_Comparison/production/main.o
                0x00000000000000b0                init_nrf

.text.main      0x000000000000037c      0x21e
 .text.main     0x000000000000037c      0x21e .ca/build/PRO_Comparison/production/main.o
                0x000000000000037c                main

.text.I2C0_DO_RX
                0x000000000000059a       0x96
 .text.I2C0_DO_RX
                0x000000000000059a       0x96 .ca/build/PRO_Comparison/production/mcc_generated_files/src/twi0_master.o

.text.PIN_MANAGER_Initialize
                0x0000000000000630       0x88
 .text.PIN_MANAGER_Initialize
                0x0000000000000630       0x88 .ca/build/PRO_Comparison/production/mcc_generated_files/src/pin_manager.o
                0x0000000000000630                PIN_MANAGER_Initialize

.text.I2C0_DO_TX_EMPTY
                0x00000000000006b8       0x6c
 .text.I2C0_DO_TX_EMPTY
                0x00000000000006b8       0x6c .ca/build/PRO_Comparison/production/mcc_generated_files/src/twi0_master.o

.text.itoa_custom
                0x0000000000000724       0x6a
 .text.itoa_custom
                0x0000000000000724       0x6a .ca/build/PRO_Comparison/production/main.o
                0x0000000000000724                itoa_custom

.text.I2C0_DO_TX
                0x000000000000078e       0x68
 .text.I2C0_DO_TX
                0x000000000000078e       0x68 .ca/build/PRO_Comparison/production/mcc_generated_files/src/twi0_master.o

.text.I2C0_Open
                0x00000000000007f6       0x64
 .text.I2C0_Open
                0x00000000000007f6       0x64 .ca/build/PRO_Comparison/production/mcc_generated_files/src/twi0_master.o
                0x00000000000007f6                I2C0_Open

.text.I2C0_MasterIsr
                0x000000000000085a       0x52
 .text.I2C0_MasterIsr
                0x000000000000085a       0x52 .ca/build/PRO_Comparison/production/mcc_generated_files/src/twi0_master.o

.rodata         0x00000000008088ac       0x4d load address 0x00000000000008ac
 .rodata        0x00000000008088ac       0x4d .ca/build/PRO_Comparison/production/main.o

.data.datasend  0x0000000000803f82        0x1 load address 0x00000000000008f9
 .data.datasend
                0x0000000000803f82        0x1 .ca/build/PRO_Comparison/production/main.o
                0x0000000000803f82                datasend

.text.printing  0x00000000000008fa       0x4c
 .text.printing
                0x00000000000008fa       0x4c .ca/build/PRO_Comparison/production/main.o
                0x00000000000008fa                printing

.text.nrf_read  0x0000000000000946       0x46
 .text.nrf_read
                0x0000000000000946       0x46 .ca/build/PRO_Comparison/production/main.o
                0x0000000000000946                nrf_read

.text.I2C0_Close
                0x000000000000098c       0x42
 .text.I2C0_Close
                0x000000000000098c       0x42 .ca/build/PRO_Comparison/production/mcc_generated_files/src/twi0_master.o
                0x000000000000098c                I2C0_Close

.text.affichage
                0x00000000000009ce       0x42
 .text.affichage
                0x00000000000009ce       0x42 .ca/build/PRO_Comparison/production/main.o
                0x00000000000009ce                affichage

.text.I2C0_DO_ADDRESS_NACK
                0x0000000000000a10       0x3e
 .text.I2C0_DO_ADDRESS_NACK
                0x0000000000000a10       0x3e .ca/build/PRO_Comparison/production/mcc_generated_files/src/twi0_master.o

.text.PORT_Initialize
                0x0000000000000a4e       0x38
 .text.PORT_Initialize
                0x0000000000000a4e       0x38 .ca/build/PRO_Comparison/production/mcc_generated_files/src/pin_manager.o
                0x0000000000000a4e                PORT_Initialize

.text.writing_2
                0x0000000000000a86       0x38
 .text.writing_2
                0x0000000000000a86       0x38 .ca/build/PRO_Comparison/production/main.o
                0x0000000000000a86                writing_2

.text.I2C0_DO_BUS_COLLISION
                0x0000000000000abe       0x36
 .text.I2C0_DO_BUS_COLLISION
                0x0000000000000abe       0x36 .ca/build/PRO_Comparison/production/mcc_generated_files/src/twi0_master.o

.text.CLKCTRL_Initialize
                0x0000000000000af4       0x36
 .text.CLKCTRL_Initialize
                0x0000000000000af4       0x36 .ca/build/PRO_Comparison/production/mcc_generated_files/mcc.o
                0x0000000000000af4                CLKCTRL_Initialize

.text.writing   0x0000000000000b2a       0x32
 .text.writing  0x0000000000000b2a       0x32 .ca/build/PRO_Comparison/production/main.o
                0x0000000000000b2a                writing

.text.I2C0_MasterOperation
                0x0000000000000b5c       0x2e
 .text.I2C0_MasterOperation
                0x0000000000000b5c       0x2e .ca/build/PRO_Comparison/production/mcc_generated_files/src/twi0_master.o
                0x0000000000000b5c                I2C0_MasterOperation

.text.libgcc.div
                0x0000000000000b8a       0x28
 .text.libgcc.div
                0x0000000000000b8a       0x28 c:/program files/microchip/xc8/v2.40/avr/bin/../lib/gcc/avr/5.4.0/avrxmega3/short-calls\libgcc.a(_udivmodhi4.o)
                0x0000000000000b8a                __udivmodhi4

.text.libgcc.div
                0x0000000000000bb2       0x26
 .text.libgcc.div
                0x0000000000000bb2       0x26 c:/program files/microchip/xc8/v2.40/avr/bin/../lib/gcc/avr/5.4.0/avrxmega3/short-calls\libgcc.a(_divmodhi4.o)
                0x0000000000000bb2                _div
                0x0000000000000bb2                __divmodhi4

.text.SPI0_WriteBlock
                0x0000000000000bd8       0x24
 .text.SPI0_WriteBlock
                0x0000000000000bd8       0x24 .ca/build/PRO_Comparison/production/mcc_generated_files/src/spi0.o
                0x0000000000000bd8                SPI0_WriteBlock

.text.I2C0_SetBuffer
                0x0000000000000bfc       0x22
 .text.I2C0_SetBuffer
                0x0000000000000bfc       0x22 .ca/build/PRO_Comparison/production/mcc_generated_files/src/twi0_master.o
                0x0000000000000bfc                I2C0_SetBuffer

.text.Ciz_init  0x0000000000000c1e       0x22
 .text.Ciz_init
                0x0000000000000c1e       0x22 .ca/build/PRO_Comparison/production/main.o
                0x0000000000000c1e                Ciz_init

.text.I2C0_Poller
                0x0000000000000c40       0x20
 .text.I2C0_Poller
                0x0000000000000c40       0x20 .ca/build/PRO_Comparison/production/mcc_generated_files/src/twi0_master.o
                0x0000000000000c40                I2C0_Poller

.text.LED_OUT   0x0000000000000c60       0x20
 .text.LED_OUT  0x0000000000000c60       0x20 .ca/build/PRO_Comparison/production/main.o
                0x0000000000000c60                LED_OUT

.text.LED_ROUGE
                0x0000000000000c80       0x20
 .text.LED_ROUGE
                0x0000000000000c80       0x20 .ca/build/PRO_Comparison/production/main.o
                0x0000000000000c80                LED_ROUGE

.text.LED_VERTE
                0x0000000000000ca0       0x20
 .text.LED_VERTE
                0x0000000000000ca0       0x20 .ca/build/PRO_Comparison/production/main.o
                0x0000000000000ca0                LED_VERTE

.text.LED_JAUNE
                0x0000000000000cc0       0x20
 .text.LED_JAUNE
                0x0000000000000cc0       0x20 .ca/build/PRO_Comparison/production/main.o
                0x0000000000000cc0                LED_JAUNE

.text.SPI0_Open
                0x0000000000000ce0       0x1e
 .text.SPI0_Open
                0x0000000000000ce0       0x1e .ca/build/PRO_Comparison/production/mcc_generated_files/src/spi0.o
                0x0000000000000ce0                SPI0_Open

.text.I2C0_Initialize
                0x0000000000000cfe       0x1c
 .text.I2C0_Initialize
                0x0000000000000cfe       0x1c .ca/build/PRO_Comparison/production/mcc_generated_files/src/twi0_master.o
                0x0000000000000cfe                I2C0_Initialize

.text.I2C0_DO_SEND_ADR_READ
                0x0000000000000d1a       0x1a
 .text.I2C0_DO_SEND_ADR_READ
                0x0000000000000d1a       0x1a .ca/build/PRO_Comparison/production/mcc_generated_files/src/twi0_master.o

.text.I2C0_DO_SEND_ADR_WRITE
                0x0000000000000d34       0x18
 .text.I2C0_DO_SEND_ADR_WRITE
                0x0000000000000d34       0x18 .ca/build/PRO_Comparison/production/mcc_generated_files/src/twi0_master.o

.text.SPI0_Initialize
                0x0000000000000d4c       0x16
 .text.SPI0_Initialize
                0x0000000000000d4c       0x16 .ca/build/PRO_Comparison/production/mcc_generated_files/src/spi0.o
                0x0000000000000d4c                SPI0_Initialize

.text.CPUINT_Initialize
                0x0000000000000d62       0x16
 .text.CPUINT_Initialize
                0x0000000000000d62       0x16 .ca/build/PRO_Comparison/production/mcc_generated_files/src/cpuint.o
                0x0000000000000d62                CPUINT_Initialize

.text.I2C0_DO_BUS_ERROR
                0x0000000000000d78       0x16
 .text.I2C0_DO_BUS_ERROR
                0x0000000000000d78       0x16 .ca/build/PRO_Comparison/production/mcc_generated_files/src/twi0_master.o

.text.I2C0_DO_RX_NACK_STOP
                0x0000000000000d8e       0x16
 .text.I2C0_DO_RX_NACK_STOP
                0x0000000000000d8e       0x16 .ca/build/PRO_Comparison/production/mcc_generated_files/src/twi0_master.o

.text.BOD_Initialize
                0x0000000000000da4       0x16
 .text.BOD_Initialize
                0x0000000000000da4       0x16 .ca/build/PRO_Comparison/production/mcc_generated_files/mcc.o
                0x0000000000000da4                BOD_Initialize

.text.proch_ligne
                0x0000000000000dba       0x16
 .text.proch_ligne
                0x0000000000000dba       0x16 .ca/build/PRO_Comparison/production/main.o
                0x0000000000000dba                proch_ligne

.text.clear_LCD
                0x0000000000000dd0       0x16
 .text.clear_LCD
                0x0000000000000dd0       0x16 .ca/build/PRO_Comparison/production/main.o
                0x0000000000000dd0                clear_LCD

.text.SPI0_OpenConfiguration
                0x0000000000000de6       0x14
 .text.SPI0_OpenConfiguration
                0x0000000000000de6       0x14 .ca/build/PRO_Comparison/production/mcc_generated_files/src/spi0.o
                0x0000000000000de6                SPI0_OpenConfiguration

.text.I2C0_DO_RESET
                0x0000000000000dfa       0x14
 .text.I2C0_DO_RESET
                0x0000000000000dfa       0x14 .ca/build/PRO_Comparison/production/mcc_generated_files/src/twi0_master.o

.text.I2C0_DO_SEND_STOP
                0x0000000000000e0e       0x14
 .text.I2C0_DO_SEND_STOP
                0x0000000000000e0e       0x14 .ca/build/PRO_Comparison/production/mcc_generated_files/src/twi0_master.o

.text.I2C0_DO_IDLE
                0x0000000000000e22       0x12
 .text.I2C0_DO_IDLE
                0x0000000000000e22       0x12 .ca/build/PRO_Comparison/production/mcc_generated_files/src/twi0_master.o

.text.I2C0_MasterResetBus
                0x0000000000000e34       0x12
 .text.I2C0_MasterResetBus
                0x0000000000000e34       0x12 .ca/build/PRO_Comparison/production/mcc_generated_files/src/twi0_master.o
                0x0000000000000e34                I2C0_MasterResetBus

.text.I2C0_MasterWaitForEvent
                0x0000000000000e46       0x12
 .text.I2C0_MasterWaitForEvent
                0x0000000000000e46       0x12 .ca/build/PRO_Comparison/production/mcc_generated_files/src/twi0_master.o
                0x0000000000000e46                I2C0_MasterWaitForEvent

.text.SYSTEM_Initialize
                0x0000000000000e58       0x10
 .text.SYSTEM_Initialize
                0x0000000000000e58       0x10 .ca/build/PRO_Comparison/production/mcc_generated_files/mcc.o
                0x0000000000000e58                SYSTEM_Initialize

.text.SLPCTRL_Initialize
                0x0000000000000e68        0xe
 .text.SLPCTRL_Initialize
                0x0000000000000e68        0xe .ca/build/PRO_Comparison/production/mcc_generated_files/mcc.o
                0x0000000000000e68                SLPCTRL_Initialize

.text.exit      0x0000000000000e76        0xe
 .text.exit     0x0000000000000e76        0xe c:/program files/microchip/xc8/v2.40/avr/bin/../lib/gcc/avr/5.4.0/../../../../avr/lib/avrxmega3/short-calls\libc.a(exit.o)
                0x0000000000000e76                exit

.text.I2C0_MasterDisableIrq
                0x0000000000000e84        0xc
 .text.I2C0_MasterDisableIrq
                0x0000000000000e84        0xc .ca/build/PRO_Comparison/production/mcc_generated_files/src/twi0_master.o
                0x0000000000000e84                I2C0_MasterDisableIrq

.text.I2C0_MasterClearIrq
                0x0000000000000e90        0xc
 .text.I2C0_MasterClearIrq
                0x0000000000000e90        0xc .ca/build/PRO_Comparison/production/mcc_generated_files/src/twi0_master.o
                0x0000000000000e90                I2C0_MasterClearIrq

.text.I2C0_MasterBusErrorOverride
                0x0000000000000e9c        0xc
 .text.I2C0_MasterBusErrorOverride
                0x0000000000000e9c        0xc .ca/build/PRO_Comparison/production/mcc_generated_files/src/twi0_master.o
                0x0000000000000e9c                I2C0_MasterBusErrorOverride

.text.I2C0_MasterArbitrationlostOverride
                0x0000000000000ea8        0xc
 .text.I2C0_MasterArbitrationlostOverride
                0x0000000000000ea8        0xc .ca/build/PRO_Comparison/production/mcc_generated_files/src/twi0_master.o
                0x0000000000000ea8                I2C0_MasterArbitrationlostOverride

.text.I2C0_MasterIsRxOrTx
                0x0000000000000eb4        0xc
 .text.I2C0_MasterIsRxOrTx
                0x0000000000000eb4        0xc .ca/build/PRO_Comparison/production/mcc_generated_files/src/twi0_master.o
                0x0000000000000eb4                I2C0_MasterIsRxOrTx

.text.I2C0_MasterClearBusCollision
                0x0000000000000ec0        0xc
 .text.I2C0_MasterClearBusCollision
                0x0000000000000ec0        0xc .ca/build/PRO_Comparison/production/mcc_generated_files/src/twi0_master.o
                0x0000000000000ec0                I2C0_MasterClearBusCollision

.text.I2C0_MasterStop
                0x0000000000000ecc        0xc
 .text.I2C0_MasterStop
                0x0000000000000ecc        0xc .ca/build/PRO_Comparison/production/mcc_generated_files/src/twi0_master.o
                0x0000000000000ecc                I2C0_MasterStop

.text.I2C0_MasterSendAck
                0x0000000000000ed8        0xc
 .text.I2C0_MasterSendAck
                0x0000000000000ed8        0xc .ca/build/PRO_Comparison/production/mcc_generated_files/src/twi0_master.o
                0x0000000000000ed8                I2C0_MasterSendAck

.text.I2C0_MasterSendNack
                0x0000000000000ee4        0xc
 .text.I2C0_MasterSendNack
                0x0000000000000ee4        0xc .ca/build/PRO_Comparison/production/mcc_generated_files/src/twi0_master.o
                0x0000000000000ee4                I2C0_MasterSendNack

.text.__vector_2
                0x0000000000000ef0        0xc
 .text.__vector_2
                0x0000000000000ef0        0xc .ca/build/PRO_Comparison/production/mcc_generated_files/mcc.o
                0x0000000000000ef0                __vector_2

.text.I2C0_MasterIsNack
                0x0000000000000efc        0xa
 .text.I2C0_MasterIsNack
                0x0000000000000efc        0xa .ca/build/PRO_Comparison/production/mcc_generated_files/src/twi0_master.o
                0x0000000000000efc                I2C0_MasterIsNack

.text.protected_write_io
                0x0000000000000f06        0x8
 .text.protected_write_io
                0x0000000000000f06        0x8 .ca/build/PRO_Comparison/production/mcc_generated_files/src/protected_io.o
                0x0000000000000f06                protected_write_io

.text.SPI0_Close
                0x0000000000000f0e        0x6
 .text.SPI0_Close
                0x0000000000000f0e        0x6 .ca/build/PRO_Comparison/production/mcc_generated_files/src/spi0.o
                0x0000000000000f0e                SPI0_Close

.text.SPI0_ReadByte
                0x0000000000000f14        0x6
 .text.SPI0_ReadByte
                0x0000000000000f14        0x6 .ca/build/PRO_Comparison/production/mcc_generated_files/src/spi0.o
                0x0000000000000f14                SPI0_ReadByte

.text.I2C0_MasterWrite
                0x0000000000000f1a        0x6
 .text.I2C0_MasterWrite
                0x0000000000000f1a        0x6 .ca/build/PRO_Comparison/production/mcc_generated_files/src/twi0_master.o
                0x0000000000000f1a                I2C0_MasterWrite

.text.I2C0_DO_TX_ACK
                0x0000000000000f20        0x6
 .text.I2C0_DO_TX_ACK
                0x0000000000000f20        0x6 .ca/build/PRO_Comparison/production/mcc_generated_files/src/twi0_master.o

.text.I2C0_DO_RX_ACK
                0x0000000000000f26        0x6
 .text.I2C0_DO_RX_ACK
                0x0000000000000f26        0x6 .ca/build/PRO_Comparison/production/mcc_generated_files/src/twi0_master.o

.text.I2C0_DO_RX_NACK_RESTART
                0x0000000000000f2c        0x6
 .text.I2C0_DO_RX_NACK_RESTART
                0x0000000000000f2c        0x6 .ca/build/PRO_Comparison/production/mcc_generated_files/src/twi0_master.o

.text.I2C0_RETURN_STOP
                0x0000000000000f32        0x4
 .text.I2C0_RETURN_STOP
                0x0000000000000f32        0x4 .ca/build/PRO_Comparison/production/mcc_generated_files/src/twi0_master.o

.text.I2C0_RETURN_RESET
                0x0000000000000f36        0x4
 .text.I2C0_RETURN_RESET
                0x0000000000000f36        0x4 .ca/build/PRO_Comparison/production/mcc_generated_files/src/twi0_master.o

.text.I2C0_DO_SEND_RESTART
                0x0000000000000f3a        0x4
 .text.I2C0_DO_SEND_RESTART
                0x0000000000000f3a        0x4 .ca/build/PRO_Comparison/production/mcc_generated_files/src/twi0_master.o

.text.I2C0_DO_SEND_RESTART_READ
                0x0000000000000f3e        0x4
 .text.I2C0_DO_SEND_RESTART_READ
                0x0000000000000f3e        0x4 .ca/build/PRO_Comparison/production/mcc_generated_files/src/twi0_master.o

.text.I2C0_DO_SEND_RESTART_WRITE
                0x0000000000000f42        0x4
 .text.I2C0_DO_SEND_RESTART_WRITE
                0x0000000000000f42        0x4 .ca/build/PRO_Comparison/production/mcc_generated_files/src/twi0_master.o

.text           0x0000000000000f46        0x2
 .text          0x0000000000000f46        0x2 C:/Program Files/Microchip/MPLABX/v6.00/packs/Microchip/ATtiny_DFP/2.7.128/xc8/avr/lib/avrxmega3/short-calls/crtattiny406.o
                0x0000000000000f46                __vector_22
                0x0000000000000f46                __vector_1
                0x0000000000000f46                __vector_24
                0x0000000000000f46                __vector_12
                0x0000000000000f46                __bad_interrupt
                0x0000000000000f46                __vector_6
                0x0000000000000f46                __vector_3
                0x0000000000000f46                __vector_23
                0x0000000000000f46                __vector_25
                0x0000000000000f46                __vector_11
                0x0000000000000f46                __vector_13
                0x0000000000000f46                __vector_17
                0x0000000000000f46                __vector_19
                0x0000000000000f46                __vector_7
                0x0000000000000f46                __vector_5
                0x0000000000000f46                __vector_4
                0x0000000000000f46                __vector_9
                0x0000000000000f46                __vector_21
                0x0000000000000f46                __vector_15
                0x0000000000000f46                __vector_8
                0x0000000000000f46                __vector_14
                0x0000000000000f46                __vector_10
                0x0000000000000f46                __vector_16
                0x0000000000000f46                __vector_18
                0x0000000000000f46                __vector_20

.text.__dummy_fini
                0x0000000000000f48        0x2
 .text.__dummy_fini
                0x0000000000000f48        0x2 c:/program files/microchip/xc8/v2.40/avr/bin/../lib/gcc/avr/5.4.0/../../../../avr/lib/avrxmega3/short-calls\libc.a(exit.o)
                0x0000000000000f48                _fini

.text.__dummy_funcs_on_exit
                0x0000000000000f4a        0x2
 .text.__dummy_funcs_on_exit
                0x0000000000000f4a        0x2 c:/program files/microchip/xc8/v2.40/avr/bin/../lib/gcc/avr/5.4.0/../../../../avr/lib/avrxmega3/short-calls\libc.a(exit.o)
                0x0000000000000f4a                __funcs_on_exit

.text.__dummy_simulator_exit
                0x0000000000000f4c        0x2
 .text.__dummy_simulator_exit
                0x0000000000000f4c        0x2 c:/program files/microchip/xc8/v2.40/avr/bin/../lib/gcc/avr/5.4.0/../../../../avr/lib/avrxmega3/short-calls\libc.a(exit.o)
                0x0000000000000f4c                __simulator_exit

.text._Exit     0x0000000000000f4e        0x2
 .text._Exit    0x0000000000000f4e        0x2 c:/program files/microchip/xc8/v2.40/avr/bin/../lib/gcc/avr/5.4.0/../../../../avr/lib/avrxmega3/short-calls\libc.a(_Exit.o)
                0x0000000000000f4e                _Exit

.data.I2C0_fsmStateTable
                0x0000000000803f00       0x24 load address 0x0000000000000f50
 .data.I2C0_fsmStateTable
                0x0000000000803f00       0x24 .ca/build/PRO_Comparison/production/mcc_generated_files/src/twi0_master.o
                0x0000000000803f00                I2C0_fsmStateTable

.data.FinJ      0x0000000000803f48       0x14 load address 0x0000000000000f74
 .data.FinJ     0x0000000000803f48       0x14 .ca/build/PRO_Comparison/production/main.o
                0x0000000000803f48                FinJ

.data.texte_score
                0x0000000000803f5c       0x14 load address 0x0000000000000f88
 .data.texte_score
                0x0000000000803f5c       0x14 .ca/build/PRO_Comparison/production/main.o
                0x0000000000803f5c                texte_score

.data.buffer2   0x0000000000803f70        0x7 load address 0x0000000000000f9c
 .data.buffer2  0x0000000000803f70        0x7 .ca/build/PRO_Comparison/production/main.o
                0x0000000000803f70                buffer2

.data.spi0_configurations
                0x0000000000803f77        0x2 load address 0x0000000000000fa3
 .data.spi0_configurations
                0x0000000000803f77        0x2 .ca/build/PRO_Comparison/production/mcc_generated_files/src/spi0.o
                0x0000000000803f77                spi0_configurations

.data.switch_line
                0x0000000000803f79        0x2 load address 0x0000000000000fa5
 .data.switch_line
                0x0000000000803f79        0x2 .ca/build/PRO_Comparison/production/main.o
                0x0000000000803f79                switch_line

.data.clear_lcd
                0x0000000000803f7b        0x2 load address 0x0000000000000fa7
 .data.clear_lcd
                0x0000000000803f7b        0x2 .ca/build/PRO_Comparison/production/main.o
                0x0000000000803f7b                clear_lcd

.data.buffer1   0x0000000000803f7d        0x2 load address 0x0000000000000fa9
 .data.buffer1  0x0000000000803f7d        0x2 .ca/build/PRO_Comparison/production/main.o
                0x0000000000803f7d                buffer1

.data.slave2write
                0x0000000000803f83        0x1 load address 0x0000000000000fab
 .data.slave2write
                0x0000000000803f83        0x1 .ca/build/PRO_Comparison/production/main.o
                0x0000000000803f83                slave2write

.data.compteur_t
                0x0000000000803f84        0x1 load address 0x0000000000000fac
 .data.compteur_t
                0x0000000000803f84        0x1 .ca/build/PRO_Comparison/production/main.o
                0x0000000000803f84                compteur_t
