Archive member included to satisfy reference by file (symbol)

c:/program files/microchip/xc8/v2.40/avr/bin/../lib/gcc/avr/5.4.0/avrxmega3/short-calls\libgcc.a(_copy_data.o)
                              build/default/production/mcc_generated_files/src/spi0.o (__do_copy_data)
c:/program files/microchip/xc8/v2.40/avr/bin/../lib/gcc/avr/5.4.0/../../../../avr/lib/avrxmega3/short-calls\libc.a(exit.o)
                              C:/Program Files/Microchip/MPLABX/v6.00/packs/Microchip/ATtiny_DFP/2.7.128/xc8/avr/lib/avrxmega3/short-calls/crtattiny406.o (exit)
c:/program files/microchip/xc8/v2.40/avr/bin/../lib/gcc/avr/5.4.0/../../../../avr/lib/avrxmega3/short-calls\libc.a(_Exit.o)
                              c:/program files/microchip/xc8/v2.40/avr/bin/../lib/gcc/avr/5.4.0/../../../../avr/lib/avrxmega3/short-calls\libc.a(exit.o) (_Exit)
c:/program files/microchip/xc8/v2.40/avr/bin/../lib/gcc/avr/5.4.0/avrxmega3/short-calls\libgcc.a(_exit.o)
                              c:/program files/microchip/xc8/v2.40/avr/bin/../lib/gcc/avr/5.4.0/../../../../avr/lib/avrxmega3/short-calls\libc.a(_Exit.o) (_exit)

Discarded input sections

 .data          0x0000000000000000        0x0 C:/Program Files/Microchip/MPLABX/v6.00/packs/Microchip/ATtiny_DFP/2.7.128/xc8/avr/lib/avrxmega3/short-calls/crtattiny406.o
 .bss           0x0000000000000000        0x0 C:/Program Files/Microchip/MPLABX/v6.00/packs/Microchip/ATtiny_DFP/2.7.128/xc8/avr/lib/avrxmega3/short-calls/crtattiny406.o
 .text          0x0000000000000000        0x0 build/default/production/mcc_generated_files/src/protected_io.o
 .data          0x0000000000000000        0x0 build/default/production/mcc_generated_files/src/protected_io.o
 .bss           0x0000000000000000        0x0 build/default/production/mcc_generated_files/src/protected_io.o
 .text          0x0000000000000000        0x0 build/default/production/mcc_generated_files/src/spi0.o
 .data          0x0000000000000000        0x0 build/default/production/mcc_generated_files/src/spi0.o
 .bss           0x0000000000000000        0x0 build/default/production/mcc_generated_files/src/spi0.o
 .text.SPI0_Enable
                0x0000000000000000        0xc build/default/production/mcc_generated_files/src/spi0.o
 .text.SPI0_Disable
                0x0000000000000000        0xc build/default/production/mcc_generated_files/src/spi0.o
 .text.SPI0_ExchangeByte
                0x0000000000000000       0x14 build/default/production/mcc_generated_files/src/spi0.o
 .text.SPI0_Selected
                0x0000000000000000        0x4 build/default/production/mcc_generated_files/src/spi0.o
 .text.SPI0_GetRxData
                0x0000000000000000        0x6 build/default/production/mcc_generated_files/src/spi0.o
 .text.SPI0_WriteTxData
                0x0000000000000000        0x6 build/default/production/mcc_generated_files/src/spi0.o
 .text.SPI0_WaitDataready
                0x0000000000000000        0xc build/default/production/mcc_generated_files/src/spi0.o
 .text.SPI0_ExchangeBlock
                0x0000000000000000       0x26 build/default/production/mcc_generated_files/src/spi0.o
 .text.SPI0_ReadBlock
                0x0000000000000000       0x24 build/default/production/mcc_generated_files/src/spi0.o
 .text.SPI0_WriteByte
                0x0000000000000000        0x6 build/default/production/mcc_generated_files/src/spi0.o
 .text.SPI0_ReadByte
                0x0000000000000000        0x6 build/default/production/mcc_generated_files/src/spi0.o
 .text          0x0000000000000000        0x0 build/default/production/mcc_generated_files/src/cpuint.o
 .data          0x0000000000000000        0x0 build/default/production/mcc_generated_files/src/cpuint.o
 .bss           0x0000000000000000        0x0 build/default/production/mcc_generated_files/src/cpuint.o
 .text          0x0000000000000000        0x0 build/default/production/mcc_generated_files/src/pin_manager.o
 .data          0x0000000000000000        0x0 build/default/production/mcc_generated_files/src/pin_manager.o
 .bss           0x0000000000000000        0x0 build/default/production/mcc_generated_files/src/pin_manager.o
 .text.PORTA_PA2_DefaultInterruptHandler
                0x0000000000000000        0x2 build/default/production/mcc_generated_files/src/pin_manager.o
 .text.PORTA_PA1_DefaultInterruptHandler
                0x0000000000000000        0x2 build/default/production/mcc_generated_files/src/pin_manager.o
 .text.PORTA_NRF_CE_DefaultInterruptHandler
                0x0000000000000000        0x2 build/default/production/mcc_generated_files/src/pin_manager.o
 .text.PORTA_PA3_DefaultInterruptHandler
                0x0000000000000000        0x2 build/default/production/mcc_generated_files/src/pin_manager.o
 .text.PORTA_NRF_IRQ_DefaultInterruptHandler
                0x0000000000000000        0x2 build/default/production/mcc_generated_files/src/pin_manager.o
 .text.PORTA_NRF_CSN_DefaultInterruptHandler
                0x0000000000000000        0x2 build/default/production/mcc_generated_files/src/pin_manager.o
 .text.PORTA_PA2_SetInterruptHandler
                0x0000000000000000        0x2 build/default/production/mcc_generated_files/src/pin_manager.o
 .text.PORTC_LED_verte_SetInterruptHandler
                0x0000000000000000        0xa build/default/production/mcc_generated_files/src/pin_manager.o
 .text.PORTA_PA1_SetInterruptHandler
                0x0000000000000000        0x2 build/default/production/mcc_generated_files/src/pin_manager.o
 .text.PORTA_NRF_CE_SetInterruptHandler
                0x0000000000000000        0x2 build/default/production/mcc_generated_files/src/pin_manager.o
 .text.PORTA_PA3_SetInterruptHandler
                0x0000000000000000        0x2 build/default/production/mcc_generated_files/src/pin_manager.o
 .text.PORTA_NRF_IRQ_SetInterruptHandler
                0x0000000000000000        0x2 build/default/production/mcc_generated_files/src/pin_manager.o
 .text.PORTA_NRF_CSN_SetInterruptHandler
                0x0000000000000000        0x2 build/default/production/mcc_generated_files/src/pin_manager.o
 .text.PORTC_LED_jaune_SetInterruptHandler
                0x0000000000000000        0xa build/default/production/mcc_generated_files/src/pin_manager.o
 .text.PORTC_LED_rouge_SetInterruptHandler
                0x0000000000000000        0xa build/default/production/mcc_generated_files/src/pin_manager.o
 .text          0x0000000000000000        0x0 build/default/production/mcc_generated_files/mcc.o
 .data          0x0000000000000000        0x0 build/default/production/mcc_generated_files/mcc.o
 .bss           0x0000000000000000        0x0 build/default/production/mcc_generated_files/mcc.o
 .text.WDT_Initialize
                0x0000000000000000        0x4 build/default/production/mcc_generated_files/mcc.o
 .text          0x0000000000000000        0x0 build/default/production/mcc_generated_files/device_config.o
 .data          0x0000000000000000        0x0 build/default/production/mcc_generated_files/device_config.o
 .bss           0x0000000000000000        0x0 build/default/production/mcc_generated_files/device_config.o
 .text          0x0000000000000000        0x0 build/default/production/main.o
 .data          0x0000000000000000        0x0 build/default/production/main.o
 .bss           0x0000000000000000        0x0 build/default/production/main.o
 .data.defaults
                0x0000000000000000        0x2 build/default/production/main.o
 .bss.total_points
                0x0000000000000000        0x2 build/default/production/main.o
 .data.compteur_tir
                0x0000000000000000        0x2 build/default/production/main.o
 .text          0x0000000000000000        0x0 c:/program files/microchip/xc8/v2.40/avr/bin/../lib/gcc/avr/5.4.0/avrxmega3/short-calls\libgcc.a(_copy_data.o)
 .data          0x0000000000000000        0x0 c:/program files/microchip/xc8/v2.40/avr/bin/../lib/gcc/avr/5.4.0/avrxmega3/short-calls\libgcc.a(_copy_data.o)
 .bss           0x0000000000000000        0x0 c:/program files/microchip/xc8/v2.40/avr/bin/../lib/gcc/avr/5.4.0/avrxmega3/short-calls\libgcc.a(_copy_data.o)
 .text.libgcc.mul
                0x0000000000000000        0x0 c:/program files/microchip/xc8/v2.40/avr/bin/../lib/gcc/avr/5.4.0/avrxmega3/short-calls\libgcc.a(_copy_data.o)
 .text.libgcc.div
                0x0000000000000000        0x0 c:/program files/microchip/xc8/v2.40/avr/bin/../lib/gcc/avr/5.4.0/avrxmega3/short-calls\libgcc.a(_copy_data.o)
 .text.libgcc   0x0000000000000000        0x0 c:/program files/microchip/xc8/v2.40/avr/bin/../lib/gcc/avr/5.4.0/avrxmega3/short-calls\libgcc.a(_copy_data.o)
 .text.libgcc.prologue
                0x0000000000000000        0x0 c:/program files/microchip/xc8/v2.40/avr/bin/../lib/gcc/avr/5.4.0/avrxmega3/short-calls\libgcc.a(_copy_data.o)
 .text.libgcc.builtins
                0x0000000000000000        0x0 c:/program files/microchip/xc8/v2.40/avr/bin/../lib/gcc/avr/5.4.0/avrxmega3/short-calls\libgcc.a(_copy_data.o)
 .text.libgcc.fmul
                0x0000000000000000        0x0 c:/program files/microchip/xc8/v2.40/avr/bin/../lib/gcc/avr/5.4.0/avrxmega3/short-calls\libgcc.a(_copy_data.o)
 .text.libgcc.fixed
                0x0000000000000000        0x0 c:/program files/microchip/xc8/v2.40/avr/bin/../lib/gcc/avr/5.4.0/avrxmega3/short-calls\libgcc.a(_copy_data.o)
 .text          0x0000000000000000        0x0 c:/program files/microchip/xc8/v2.40/avr/bin/../lib/gcc/avr/5.4.0/../../../../avr/lib/avrxmega3/short-calls\libc.a(exit.o)
 .data          0x0000000000000000        0x0 c:/program files/microchip/xc8/v2.40/avr/bin/../lib/gcc/avr/5.4.0/../../../../avr/lib/avrxmega3/short-calls\libc.a(exit.o)
 .bss           0x0000000000000000        0x0 c:/program files/microchip/xc8/v2.40/avr/bin/../lib/gcc/avr/5.4.0/../../../../avr/lib/avrxmega3/short-calls\libc.a(exit.o)
 .text          0x0000000000000000        0x0 c:/program files/microchip/xc8/v2.40/avr/bin/../lib/gcc/avr/5.4.0/../../../../avr/lib/avrxmega3/short-calls\libc.a(_Exit.o)
 .data          0x0000000000000000        0x0 c:/program files/microchip/xc8/v2.40/avr/bin/../lib/gcc/avr/5.4.0/../../../../avr/lib/avrxmega3/short-calls\libc.a(_Exit.o)
 .bss           0x0000000000000000        0x0 c:/program files/microchip/xc8/v2.40/avr/bin/../lib/gcc/avr/5.4.0/../../../../avr/lib/avrxmega3/short-calls\libc.a(_Exit.o)
 .text          0x0000000000000000        0x0 c:/program files/microchip/xc8/v2.40/avr/bin/../lib/gcc/avr/5.4.0/avrxmega3/short-calls\libgcc.a(_exit.o)
 .data          0x0000000000000000        0x0 c:/program files/microchip/xc8/v2.40/avr/bin/../lib/gcc/avr/5.4.0/avrxmega3/short-calls\libgcc.a(_exit.o)
 .bss           0x0000000000000000        0x0 c:/program files/microchip/xc8/v2.40/avr/bin/../lib/gcc/avr/5.4.0/avrxmega3/short-calls\libgcc.a(_exit.o)
 .text.libgcc.mul
                0x0000000000000000        0x0 c:/program files/microchip/xc8/v2.40/avr/bin/../lib/gcc/avr/5.4.0/avrxmega3/short-calls\libgcc.a(_exit.o)
 .text.libgcc.div
                0x0000000000000000        0x0 c:/program files/microchip/xc8/v2.40/avr/bin/../lib/gcc/avr/5.4.0/avrxmega3/short-calls\libgcc.a(_exit.o)
 .text.libgcc   0x0000000000000000        0x0 c:/program files/microchip/xc8/v2.40/avr/bin/../lib/gcc/avr/5.4.0/avrxmega3/short-calls\libgcc.a(_exit.o)
 .text.libgcc.prologue
                0x0000000000000000        0x0 c:/program files/microchip/xc8/v2.40/avr/bin/../lib/gcc/avr/5.4.0/avrxmega3/short-calls\libgcc.a(_exit.o)
 .stack.descriptors
                0x0000000000000000       0x13 c:/program files/microchip/xc8/v2.40/avr/bin/../lib/gcc/avr/5.4.0/avrxmega3/short-calls\libgcc.a(_exit.o)
 .text.libgcc.builtins
                0x0000000000000000        0x0 c:/program files/microchip/xc8/v2.40/avr/bin/../lib/gcc/avr/5.4.0/avrxmega3/short-calls\libgcc.a(_exit.o)
 .text.libgcc.fmul
                0x0000000000000000        0x0 c:/program files/microchip/xc8/v2.40/avr/bin/../lib/gcc/avr/5.4.0/avrxmega3/short-calls\libgcc.a(_exit.o)
 .text.libgcc.fixed
                0x0000000000000000        0x0 c:/program files/microchip/xc8/v2.40/avr/bin/../lib/gcc/avr/5.4.0/avrxmega3/short-calls\libgcc.a(_exit.o)

Memory Configuration

Name             Origin             Length             Attributes
text             0x0000000000000000 0x0000000000001000 xr
data             0x0000000000803f00 0x0000000000000100 rw !x
eeprom           0x0000000000810000 0x0000000000000080 rw !x
fuse             0x0000000000820000 0x000000000000000a rw !x
lock             0x0000000000830000 0x0000000000000400 rw !x
signature        0x0000000000840000 0x0000000000000400 rw !x
user_signatures  0x0000000000850000 0x0000000000000400 rw !x
*default*        0x0000000000000000 0xffffffffffffffff

Linker script and memory map

Address of section .data set to 0x803f00
                0x0000000000008000                __RODATA_PM_OFFSET__ = 0x8000
LOAD C:/Program Files/Microchip/MPLABX/v6.00/packs/Microchip/ATtiny_DFP/2.7.128/xc8/avr/lib/avrxmega3/short-calls/crtattiny406.o
                0x0000000000000001                __MPLAB_BUILD = 0x1
LOAD build/default/production/mcc_generated_files/src/protected_io.o
LOAD build/default/production/mcc_generated_files/src/spi0.o
LOAD build/default/production/mcc_generated_files/src/cpuint.o
LOAD build/default/production/mcc_generated_files/src/pin_manager.o
LOAD build/default/production/mcc_generated_files/mcc.o
LOAD build/default/production/mcc_generated_files/device_config.o
LOAD build/default/production/main.o
START GROUP
LOAD c:/program files/microchip/xc8/v2.40/avr/bin/../lib/gcc/avr/5.4.0/../../../../avr/lib/avrxmega3/short-calls\libm.a
END GROUP
START GROUP
LOAD c:/program files/microchip/xc8/v2.40/avr/bin/../lib/gcc/avr/5.4.0/avrxmega3/short-calls\libgcc.a
LOAD c:/program files/microchip/xc8/v2.40/avr/bin/../lib/gcc/avr/5.4.0/../../../../avr/lib/avrxmega3/short-calls\libm.a
LOAD c:/program files/microchip/xc8/v2.40/avr/bin/../lib/gcc/avr/5.4.0/../../../../avr/lib/avrxmega3/short-calls\libc.a
LOAD C:/Program Files/Microchip/MPLABX/v6.00/packs/Microchip/ATtiny_DFP/2.7.128/xc8/avr/lib/avrxmega3/short-calls\libattiny406.a
END GROUP
                [0x0000000000000000]                __TEXT_REGION_ORIGIN__ = DEFINED (__TEXT_REGION_ORIGIN__)?__TEXT_REGION_ORIGIN__:0x0
                [0x0000000000803f00]                __DATA_REGION_ORIGIN__ = DEFINED (__DATA_REGION_ORIGIN__)?__DATA_REGION_ORIGIN__:0x802000
                [0x0000000000001000]                __TEXT_REGION_LENGTH__ = DEFINED (__TEXT_REGION_LENGTH__)?__TEXT_REGION_LENGTH__:0x100000
                [0x0000000000000100]                __DATA_REGION_LENGTH__ = DEFINED (__DATA_REGION_LENGTH__)?__DATA_REGION_LENGTH__:0xffa0
                [0x0000000000000080]                __EEPROM_REGION_LENGTH__ = DEFINED (__EEPROM_REGION_LENGTH__)?__EEPROM_REGION_LENGTH__:0x10000
                [0x000000000000000a]                __FUSE_REGION_LENGTH__ = DEFINED (__FUSE_REGION_LENGTH__)?__FUSE_REGION_LENGTH__:0x400
                0x0000000000000400                __LOCK_REGION_LENGTH__ = DEFINED (__LOCK_REGION_LENGTH__)?__LOCK_REGION_LENGTH__:0x400
                0x0000000000000400                __SIGNATURE_REGION_LENGTH__ = DEFINED (__SIGNATURE_REGION_LENGTH__)?__SIGNATURE_REGION_LENGTH__:0x400
                0x0000000000000400                __USER_SIGNATURE_REGION_LENGTH__ = DEFINED (__USER_SIGNATURE_REGION_LENGTH__)?__USER_SIGNATURE_REGION_LENGTH__:0x400
                0x0000000000008000                __RODATA_PM_OFFSET__ = DEFINED (__RODATA_PM_OFFSET__)?__RODATA_PM_OFFSET__:0x8000

.hash
 *(.hash)

.dynsym
 *(.dynsym)

.dynstr
 *(.dynstr)

.gnu.version
 *(.gnu.version)

.gnu.version_d
 *(.gnu.version_d)

.gnu.version_r
 *(.gnu.version_r)

.rel.init
 *(.rel.init)

.rela.init
 *(.rela.init)

.rel.text
 *(.rel.text)
 *(.rel.text.*)
 *(.rel.gnu.linkonce.t*)

.rela.text
 *(.rela.text)
 *(.rela.text.*)
 *(.rela.gnu.linkonce.t*)

.rel.fini
 *(.rel.fini)

.rela.fini
 *(.rela.fini)

.rel.rodata
 *(.rel.rodata)
 *(.rel.rodata.*)
 *(.rel.gnu.linkonce.r*)

.rela.rodata
 *(.rela.rodata)
 *(.rela.rodata.*)
 *(.rela.gnu.linkonce.r*)

.rel.data
 *(.rel.data)
 *(.rel.data.*)
 *(.rel.gnu.linkonce.d*)

.rela.data
 *(.rela.data)
 *(.rela.data.*)
 *(.rela.gnu.linkonce.d*)

.rel.ctors
 *(.rel.ctors)

.rela.ctors
 *(.rela.ctors)

.rel.dtors
 *(.rel.dtors)

.rela.dtors
 *(.rela.dtors)

.rel.got
 *(.rel.got)

.rela.got
 *(.rela.got)

.rel.bss
 *(.rel.bss)

.rela.bss
 *(.rela.bss)

.rel.plt
 *(.rel.plt)

.rela.plt
 *(.rela.plt)

.text           0x0000000000000000       0x9c
 *(.vectors)
 .vectors       0x0000000000000000       0x34 C:/Program Files/Microchip/MPLABX/v6.00/packs/Microchip/ATtiny_DFP/2.7.128/xc8/avr/lib/avrxmega3/short-calls/crtattiny406.o
                0x0000000000000000                __vector_default
                0x0000000000000000                __vectors
 *(.vectors)
 *(.progmem.gcc*)
 *(.dinit)
 .dinit         0x0000000000000034       0x18 data_init
                0x000000000000004c                . = ALIGN (0x2)
 *fill*         0x000000000000004c        0x0 
                0x000000000000004c                __trampolines_start = .
 *(.trampolines)
 .trampolines   0x000000000000004c        0x0 linker stubs
 *(.trampolines*)
                0x000000000000004c                __trampolines_end = .
 *libprintf_flt.a:*(.progmem.data)
 *libc.a:*(.progmem.data)
                0x000000000000004c                . = ALIGN (0x2)
 *(.jumptables)
 *(.jumptables*)
 *(.lowtext)
 *(.lowtext*)
                0x000000000000004c                __ctors_start = .
 *(.ctors)
                0x000000000000004c                __ctors_end = .
                0x000000000000004c                __dtors_start = .
 *(.dtors)
                0x000000000000004c                __dtors_end = .
 SORT(*)(.ctors)
 SORT(*)(.dtors)
 *(.init0)
 .init0         0x000000000000004c        0x0 C:/Program Files/Microchip/MPLABX/v6.00/packs/Microchip/ATtiny_DFP/2.7.128/xc8/avr/lib/avrxmega3/short-calls/crtattiny406.o
                0x000000000000004c                __init
 *(.init0)
 *(.init1)
 *(.init1)
 *(.init2)
 .init2         0x000000000000004c        0xc C:/Program Files/Microchip/MPLABX/v6.00/packs/Microchip/ATtiny_DFP/2.7.128/xc8/avr/lib/avrxmega3/short-calls/crtattiny406.o
 *(.init2)
 *(.init3)
 *(.init3)
 *(.init4)
 .init4         0x0000000000000058       0x3c c:/program files/microchip/xc8/v2.40/avr/bin/../lib/gcc/avr/5.4.0/avrxmega3/short-calls\libgcc.a(_copy_data.o)
                0x0000000000000058                __do_copy_data
                0x0000000000000086                __do_clear_bss
 *(.init4)
 *(.init5)
 *(.init5)
 *(.init6)
 *(.init6)
 *(.init7)
 *(.init7)
 *(.init8)
 *(.init8)
 *(.init9)
 .init9         0x0000000000000094        0x4 C:/Program Files/Microchip/MPLABX/v6.00/packs/Microchip/ATtiny_DFP/2.7.128/xc8/avr/lib/avrxmega3/short-calls/crtattiny406.o
 *(.init9)
                0x0000000000000098                . = ALIGN (0x2)
 *(.fini9)
 .fini9         0x0000000000000098        0x0 c:/program files/microchip/xc8/v2.40/avr/bin/../lib/gcc/avr/5.4.0/avrxmega3/short-calls\libgcc.a(_exit.o)
                0x0000000000000098                _exit
 *(.fini9)
 *(.fini8)
 *(.fini8)
 *(.fini7)
 *(.fini7)
 *(.fini6)
 *(.fini6)
 *(.fini5)
 *(.fini5)
 *(.fini4)
 *(.fini4)
 *(.fini3)
 *(.fini3)
 *(.fini2)
 *(.fini2)
 *(.fini1)
 *(.fini1)
 *(.fini0)
 .fini0         0x0000000000000098        0x4 c:/program files/microchip/xc8/v2.40/avr/bin/../lib/gcc/avr/5.4.0/avrxmega3/short-calls\libgcc.a(_exit.o)
 *(.fini0)
                0x000000000000009c                _etext = .

.data           0x0000000000803f00        0x0 load address 0x000000000000009c
                [!provide]                        PROVIDE (__data_start, .)
 *(.gnu.linkonce.d*)
                0x0000000000803f00                . = ALIGN (0x2)
                0x0000000000803f00                _edata = .
                [!provide]                        PROVIDE (__data_end, .)

.bss            0x0000000000803f00        0x0
                [!provide]                        PROVIDE (__bss_start, .)
 *(COMMON)
                [!provide]                        PROVIDE (__bss_end, .)
                0x000000000000009c                __data_load_start = LOADADDR (.data)
                0x000000000000009c                __data_load_end = (__data_load_start + SIZEOF (.data))

.noinit         0x0000000000803f00        0x0
                [!provide]                        PROVIDE (__noinit_start, .)
 *(.noinit*)
                [!provide]                        PROVIDE (__noinit_end, .)
                0x0000000000803f00                _end = .

.eeprom         0x0000000000810000        0x0
 *(.eeprom*)
                0x0000000000810000                __eeprom_end = .

.fuse           0x0000000000820000        0x9
 *(.fuse)
 .fuse          0x0000000000820000        0x9 build/default/production/mcc_generated_files/device_config.o
                0x0000000000820000                __fuse
 *(.lfuse)
 *(.hfuse)
 *(.efuse)

.lock
 *(.lock*)

.signature
 *(.signature*)

.user_signatures
 *(.user_signatures*)

.stab
 *(.stab)

.stabstr
 *(.stabstr)

.stab.excl
 *(.stab.excl)

.stab.exclstr
 *(.stab.exclstr)

.stab.index
 *(.stab.index)

.stab.indexstr
 *(.stab.indexstr)

.comment        0x0000000000000000       0x2f
 *(.comment)
 .comment       0x0000000000000000       0x2f build/default/production/mcc_generated_files/src/spi0.o
                                         0x30 (size before relaxing)
 .comment       0x000000000000002f       0x30 build/default/production/mcc_generated_files/src/cpuint.o
 .comment       0x000000000000002f       0x30 build/default/production/mcc_generated_files/src/pin_manager.o
 .comment       0x000000000000002f       0x30 build/default/production/mcc_generated_files/mcc.o
 .comment       0x000000000000002f       0x30 build/default/production/mcc_generated_files/device_config.o
 .comment       0x000000000000002f       0x30 build/default/production/main.o
 .comment       0x000000000000002f       0x30 c:/program files/microchip/xc8/v2.40/avr/bin/../lib/gcc/avr/5.4.0/../../../../avr/lib/avrxmega3/short-calls\libc.a(exit.o)
 .comment       0x000000000000002f       0x30 c:/program files/microchip/xc8/v2.40/avr/bin/../lib/gcc/avr/5.4.0/../../../../avr/lib/avrxmega3/short-calls\libc.a(_Exit.o)

.note.GNU-stack
                0x0000000000000000        0x0
 .note.GNU-stack
                0x0000000000000000        0x0 c:/program files/microchip/xc8/v2.40/avr/bin/../lib/gcc/avr/5.4.0/../../../../avr/lib/avrxmega3/short-calls\libc.a(exit.o)
 .note.GNU-stack
                0x0000000000000000        0x0 c:/program files/microchip/xc8/v2.40/avr/bin/../lib/gcc/avr/5.4.0/../../../../avr/lib/avrxmega3/short-calls\libc.a(_Exit.o)

.stack.descriptors.hdr
                0x0000000000000000        0xe
 .stack.descriptors.hdr
                0x0000000000000000        0xe c:/program files/microchip/xc8/v2.40/avr/bin/../lib/gcc/avr/5.4.0/avrxmega3/short-calls\libgcc.a(_exit.o)

.note.gnu.build-id
 *(.note.gnu.build-id)

.debug
 *(.debug)

.line
 *(.line)

.debug_srcinfo
 *(.debug_srcinfo)

.debug_sfnames
 *(.debug_sfnames)

.debug_aranges  0x0000000000000000      0x2d0
 *(.debug_aranges)
 .debug_aranges
                0x0000000000000000       0x20 build/default/production/mcc_generated_files/src/protected_io.o
 .debug_aranges
                0x0000000000000020       0x98 build/default/production/mcc_generated_files/src/spi0.o
 .debug_aranges
                0x00000000000000b8       0x20 build/default/production/mcc_generated_files/src/cpuint.o
 .debug_aranges
                0x00000000000000d8      0x128 build/default/production/mcc_generated_files/src/pin_manager.o
 .debug_aranges
                0x0000000000000200       0x48 build/default/production/mcc_generated_files/mcc.o
 .debug_aranges
                0x0000000000000248       0x18 build/default/production/mcc_generated_files/device_config.o
 .debug_aranges
                0x0000000000000260       0x70 build/default/production/main.o

.debug_pubnames
 *(.debug_pubnames)

.debug_info     0x0000000000000000     0x5ce7
 *(.debug_info .gnu.linkonce.wi.*)
 .debug_info    0x0000000000000000     0x1482 C:/Program Files/Microchip/MPLABX/v6.00/packs/Microchip/ATtiny_DFP/2.7.128/xc8/avr/lib/avrxmega3/short-calls/crtattiny406.o
 .debug_info    0x0000000000001482       0x7c build/default/production/mcc_generated_files/src/protected_io.o
 .debug_info    0x00000000000014fe      0x7a5 build/default/production/mcc_generated_files/src/spi0.o
 .debug_info    0x0000000000001ca3      0x3d9 build/default/production/mcc_generated_files/src/cpuint.o
 .debug_info    0x000000000000207c     0x117e build/default/production/mcc_generated_files/src/pin_manager.o
 .debug_info    0x00000000000031fa      0x878 build/default/production/mcc_generated_files/mcc.o
 .debug_info    0x0000000000003a72      0x80d build/default/production/mcc_generated_files/device_config.o
 .debug_info    0x000000000000427f     0x1a68 build/default/production/main.o

.debug_abbrev   0x0000000000000000     0x1c54
 *(.debug_abbrev)
 .debug_abbrev  0x0000000000000000     0x1366 C:/Program Files/Microchip/MPLABX/v6.00/packs/Microchip/ATtiny_DFP/2.7.128/xc8/avr/lib/avrxmega3/short-calls/crtattiny406.o
 .debug_abbrev  0x0000000000001366       0x14 build/default/production/mcc_generated_files/src/protected_io.o
 .debug_abbrev  0x000000000000137a      0x1c4 build/default/production/mcc_generated_files/src/spi0.o
 .debug_abbrev  0x000000000000153e       0xfa build/default/production/mcc_generated_files/src/cpuint.o
 .debug_abbrev  0x0000000000001638      0x1c8 build/default/production/mcc_generated_files/src/pin_manager.o
 .debug_abbrev  0x0000000000001800      0x193 build/default/production/mcc_generated_files/mcc.o
 .debug_abbrev  0x0000000000001993       0x97 build/default/production/mcc_generated_files/device_config.o
 .debug_abbrev  0x0000000000001a2a      0x22a build/default/production/main.o

.debug_line     0x0000000000000000     0x1606
 *(.debug_line .debug_line.* .debug_line_end)
 .debug_line    0x0000000000000000      0x136 C:/Program Files/Microchip/MPLABX/v6.00/packs/Microchip/ATtiny_DFP/2.7.128/xc8/avr/lib/avrxmega3/short-calls/crtattiny406.o
 .debug_line    0x0000000000000136       0x66 build/default/production/mcc_generated_files/src/protected_io.o
 .debug_line    0x000000000000019c      0x364 build/default/production/mcc_generated_files/src/spi0.o
 .debug_line    0x0000000000000500      0x18a build/default/production/mcc_generated_files/src/cpuint.o
 .debug_line    0x000000000000068a      0x549 build/default/production/mcc_generated_files/src/pin_manager.o
 .debug_line    0x0000000000000bd3      0x246 build/default/production/mcc_generated_files/mcc.o
 .debug_line    0x0000000000000e19       0xf5 build/default/production/mcc_generated_files/device_config.o
 .debug_line    0x0000000000000f0e      0x6f8 build/default/production/main.o

.debug_frame    0x0000000000000000      0x580
 *(.debug_frame)
 .debug_frame   0x0000000000000000      0x114 build/default/production/mcc_generated_files/src/spi0.o
 .debug_frame   0x0000000000000114       0x24 build/default/production/mcc_generated_files/src/cpuint.o
 .debug_frame   0x0000000000000138      0x2d0 build/default/production/mcc_generated_files/src/pin_manager.o
 .debug_frame   0x0000000000000408       0x74 build/default/production/mcc_generated_files/mcc.o
 .debug_frame   0x000000000000047c      0x104 build/default/production/main.o

.debug_str      0x0000000000000000      0xa79
 *(.debug_str)
 .debug_str     0x0000000000000000      0x8b5 C:/Program Files/Microchip/MPLABX/v6.00/packs/Microchip/ATtiny_DFP/2.7.128/xc8/avr/lib/avrxmega3/short-calls/crtattiny406.o
 .debug_str     0x00000000000008b5       0x17 build/default/production/mcc_generated_files/src/spi0.o
 .debug_str     0x00000000000008cc       0x13 build/default/production/mcc_generated_files/src/cpuint.o
 .debug_str     0x00000000000008df       0x25 build/default/production/mcc_generated_files/src/pin_manager.o
 .debug_str     0x0000000000000904       0x62 build/default/production/mcc_generated_files/mcc.o
 .debug_str     0x0000000000000966        0x0 build/default/production/mcc_generated_files/device_config.o
 .debug_str     0x0000000000000966      0x113 build/default/production/main.o

.debug_loc      0x0000000000000000      0x697
 *(.debug_loc)
 .debug_loc     0x0000000000000000      0x27a build/default/production/mcc_generated_files/src/spi0.o
 .debug_loc     0x000000000000027a       0x2a build/default/production/mcc_generated_files/src/cpuint.o
 .debug_loc     0x00000000000002a4       0x36 build/default/production/mcc_generated_files/src/pin_manager.o
 .debug_loc     0x00000000000002da      0x11f build/default/production/mcc_generated_files/mcc.o
 .debug_loc     0x00000000000003f9      0x29e build/default/production/main.o

.debug_macinfo
 *(.debug_macinfo)

.debug_weaknames
 *(.debug_weaknames)

.debug_funcnames
 *(.debug_funcnames)

.debug_typenames
 *(.debug_typenames)

.debug_varnames
 *(.debug_varnames)

.debug_pubtypes
 *(.debug_pubtypes)

.debug_ranges   0x0000000000000000      0x248
 *(.debug_ranges)
 .debug_ranges  0x0000000000000000       0x88 build/default/production/mcc_generated_files/src/spi0.o
 .debug_ranges  0x0000000000000088       0x10 build/default/production/mcc_generated_files/src/cpuint.o
 .debug_ranges  0x0000000000000098      0x118 build/default/production/mcc_generated_files/src/pin_manager.o
 .debug_ranges  0x00000000000001b0       0x38 build/default/production/mcc_generated_files/mcc.o
 .debug_ranges  0x00000000000001e8       0x60 build/default/production/main.o

.debug_macro
 *(.debug_macro)
OUTPUT(dist/default/production/Attiny406_cible_V1.X.production.elf elf32-avr)
LOAD linker stubs
LOAD data_init

.note.gnu.avr.deviceinfo
                0x0000000000000000       0x3c
 .note.gnu.avr.deviceinfo
                0x0000000000000000       0x3c C:/Program Files/Microchip/MPLABX/v6.00/packs/Microchip/ATtiny_DFP/2.7.128/xc8/avr/lib/avrxmega3/short-calls/crtattiny406.o

.bss.spi0_desc  0x0000000000803f16        0x1
 .bss.spi0_desc
                0x0000000000803f16        0x1 build/default/production/mcc_generated_files/src/spi0.o

.bss.PORTC_LED_rouge_InterruptHandler
                0x0000000000803f02        0x2
 .bss.PORTC_LED_rouge_InterruptHandler
                0x0000000000803f02        0x2 build/default/production/mcc_generated_files/src/pin_manager.o

.bss.PORTB_fast_InterruptHandler
                0x0000000000803f04        0x2
 .bss.PORTB_fast_InterruptHandler
                0x0000000000803f04        0x2 build/default/production/mcc_generated_files/src/pin_manager.o

.bss.PORTC_LED_jaune_InterruptHandler
                0x0000000000803f06        0x2
 .bss.PORTC_LED_jaune_InterruptHandler
                0x0000000000803f06        0x2 build/default/production/mcc_generated_files/src/pin_manager.o

.bss.PORTB_slow_1_InterruptHandler
                0x0000000000803f08        0x2
 .bss.PORTB_slow_1_InterruptHandler
                0x0000000000803f08        0x2 build/default/production/mcc_generated_files/src/pin_manager.o

.bss.PORTC_BTN_NIV_InterruptHandler
                0x0000000000803f0a        0x2
 .bss.PORTC_BTN_NIV_InterruptHandler
                0x0000000000803f0a        0x2 build/default/production/mcc_generated_files/src/pin_manager.o

.bss.PORTB_slow_4_InterruptHandler
                0x0000000000803f0c        0x2
 .bss.PORTB_slow_4_InterruptHandler
                0x0000000000803f0c        0x2 build/default/production/mcc_generated_files/src/pin_manager.o

.bss.PORTC_LED_verte_InterruptHandler
                0x0000000000803f0e        0x2
 .bss.PORTC_LED_verte_InterruptHandler
                0x0000000000803f0e        0x2 build/default/production/mcc_generated_files/src/pin_manager.o

.bss.PORTB_slow_2_InterruptHandler
                0x0000000000803f10        0x2
 .bss.PORTB_slow_2_InterruptHandler
                0x0000000000803f10        0x2 build/default/production/mcc_generated_files/src/pin_manager.o

.bss.PORTB_slow_3_InterruptHandler
                0x0000000000803f12        0x2
 .bss.PORTB_slow_3_InterruptHandler
                0x0000000000803f12        0x2 build/default/production/mcc_generated_files/src/pin_manager.o

.bss.is_slow4   0x0000000000803f17        0x1
 .bss.is_slow4  0x0000000000803f17        0x1 build/default/production/main.o
                0x0000000000803f17                is_slow4

.bss.is_slow3   0x0000000000803f18        0x1
 .bss.is_slow3  0x0000000000803f18        0x1 build/default/production/main.o
                0x0000000000803f18                is_slow3

.bss.is_slow2   0x0000000000803f19        0x1
 .bss.is_slow2  0x0000000000803f19        0x1 build/default/production/main.o
                0x0000000000803f19                is_slow2

.bss.is_slow1   0x0000000000803f1a        0x1
 .bss.is_slow1  0x0000000000803f1a        0x1 build/default/production/main.o
                0x0000000000803f1a                is_slow1

.bss.is_fast    0x0000000000803f1b        0x1
 .bss.is_fast   0x0000000000803f1b        0x1 build/default/production/main.o
                0x0000000000803f1b                is_fast

.text.init_nrf  0x000000000000009c      0x516
 .text.init_nrf
                0x000000000000009c      0x516 build/default/production/main.o
                0x000000000000009c                init_nrf

.text.main      0x00000000000005b2      0x232
 .text.main     0x00000000000005b2      0x232 build/default/production/main.o
                0x00000000000005b2                main

.text.PIN_MANAGER_Initialize
                0x00000000000007e4       0xf8
 .text.PIN_MANAGER_Initialize
                0x00000000000007e4       0xf8 build/default/production/mcc_generated_files/src/pin_manager.o
                0x00000000000007e4                PIN_MANAGER_Initialize

.text.__vector_4
                0x00000000000008dc       0x8e
 .text.__vector_4
                0x00000000000008dc       0x8e build/default/production/mcc_generated_files/src/pin_manager.o
                0x00000000000008dc                __vector_4

.text.__vector_5
                0x000000000000096a       0x80
 .text.__vector_5
                0x000000000000096a       0x80 build/default/production/mcc_generated_files/src/pin_manager.o
                0x000000000000096a                __vector_5

.text.writing_2
                0x00000000000009ea       0x40
 .text.writing_2
                0x00000000000009ea       0x40 build/default/production/main.o
                0x00000000000009ea                writing_2

.text.set_level
                0x0000000000000a2a       0x3a
 .text.set_level
                0x0000000000000a2a       0x3a build/default/production/main.o
                0x0000000000000a2a                set_level

.text.PORT_Initialize
                0x0000000000000a64       0x38
 .text.PORT_Initialize
                0x0000000000000a64       0x38 build/default/production/mcc_generated_files/src/pin_manager.o
                0x0000000000000a64                PORT_Initialize

.text.CLKCTRL_Initialize
                0x0000000000000a9c       0x36
 .text.CLKCTRL_Initialize
                0x0000000000000a9c       0x36 build/default/production/mcc_generated_files/mcc.o
                0x0000000000000a9c                CLKCTRL_Initialize

.text.writing   0x0000000000000ad2       0x32
 .text.writing  0x0000000000000ad2       0x32 build/default/production/main.o
                0x0000000000000ad2                writing

.text.turn_false
                0x0000000000000b04       0x28
 .text.turn_false
                0x0000000000000b04       0x28 build/default/production/main.o
                0x0000000000000b04                turn_false

.text.SPI0_WriteBlock
                0x0000000000000b2c       0x24
 .text.SPI0_WriteBlock
                0x0000000000000b2c       0x24 build/default/production/mcc_generated_files/src/spi0.o
                0x0000000000000b2c                SPI0_WriteBlock

.rodata         0x0000000000808b50       0x24 load address 0x0000000000000b50
 .rodata        0x0000000000808b50       0x24 build/default/production/main.o

.text.SPI0_Open
                0x0000000000000b74       0x1e
 .text.SPI0_Open
                0x0000000000000b74       0x1e build/default/production/mcc_generated_files/src/spi0.o
                0x0000000000000b74                SPI0_Open

.text.confirm_fast
                0x0000000000000b92       0x1a
 .text.confirm_fast
                0x0000000000000b92       0x1a build/default/production/main.o
                0x0000000000000b92                confirm_fast

.text.SPI0_Initialize
                0x0000000000000bac       0x16
 .text.SPI0_Initialize
                0x0000000000000bac       0x16 build/default/production/mcc_generated_files/src/spi0.o
                0x0000000000000bac                SPI0_Initialize

.text.CPUINT_Initialize
                0x0000000000000bc2       0x16
 .text.CPUINT_Initialize
                0x0000000000000bc2       0x16 build/default/production/mcc_generated_files/src/cpuint.o
                0x0000000000000bc2                CPUINT_Initialize

.text.BOD_Initialize
                0x0000000000000bd8       0x16
 .text.BOD_Initialize
                0x0000000000000bd8       0x16 build/default/production/mcc_generated_files/mcc.o
                0x0000000000000bd8                BOD_Initialize

.text.SPI0_OpenConfiguration
                0x0000000000000bee       0x14
 .text.SPI0_OpenConfiguration
                0x0000000000000bee       0x14 build/default/production/mcc_generated_files/src/spi0.o
                0x0000000000000bee                SPI0_OpenConfiguration

.text.SLPCTRL_Initialize
                0x0000000000000c02        0xe
 .text.SLPCTRL_Initialize
                0x0000000000000c02        0xe build/default/production/mcc_generated_files/mcc.o
                0x0000000000000c02                SLPCTRL_Initialize

.text.SYSTEM_Initialize
                0x0000000000000c10        0xe
 .text.SYSTEM_Initialize
                0x0000000000000c10        0xe build/default/production/mcc_generated_files/mcc.o
                0x0000000000000c10                SYSTEM_Initialize

.text.exit      0x0000000000000c1e        0xe
 .text.exit     0x0000000000000c1e        0xe c:/program files/microchip/xc8/v2.40/avr/bin/../lib/gcc/avr/5.4.0/../../../../avr/lib/avrxmega3/short-calls\libc.a(exit.o)
                0x0000000000000c1e                exit

.text.__vector_2
                0x0000000000000c2c        0xc
 .text.__vector_2
                0x0000000000000c2c        0xc build/default/production/mcc_generated_files/mcc.o
                0x0000000000000c2c                __vector_2

.text.PORTB_slow_3_SetInterruptHandler
                0x0000000000000c38        0xa
 .text.PORTB_slow_3_SetInterruptHandler
                0x0000000000000c38        0xa build/default/production/mcc_generated_files/src/pin_manager.o
                0x0000000000000c38                PORTB_slow_3_SetInterruptHandler

.text.PORTB_slow_2_SetInterruptHandler
                0x0000000000000c42        0xa
 .text.PORTB_slow_2_SetInterruptHandler
                0x0000000000000c42        0xa build/default/production/mcc_generated_files/src/pin_manager.o
                0x0000000000000c42                PORTB_slow_2_SetInterruptHandler

.text.PORTB_slow_4_SetInterruptHandler
                0x0000000000000c4c        0xa
 .text.PORTB_slow_4_SetInterruptHandler
                0x0000000000000c4c        0xa build/default/production/mcc_generated_files/src/pin_manager.o
                0x0000000000000c4c                PORTB_slow_4_SetInterruptHandler

.text.PORTC_BTN_NIV_SetInterruptHandler
                0x0000000000000c56        0xa
 .text.PORTC_BTN_NIV_SetInterruptHandler
                0x0000000000000c56        0xa build/default/production/mcc_generated_files/src/pin_manager.o
                0x0000000000000c56                PORTC_BTN_NIV_SetInterruptHandler

.text.PORTB_slow_1_SetInterruptHandler
                0x0000000000000c60        0xa
 .text.PORTB_slow_1_SetInterruptHandler
                0x0000000000000c60        0xa build/default/production/mcc_generated_files/src/pin_manager.o
                0x0000000000000c60                PORTB_slow_1_SetInterruptHandler

.text.PORTB_fast_SetInterruptHandler
                0x0000000000000c6a        0xa
 .text.PORTB_fast_SetInterruptHandler
                0x0000000000000c6a        0xa build/default/production/mcc_generated_files/src/pin_manager.o
                0x0000000000000c6a                PORTB_fast_SetInterruptHandler

.text.protected_write_io
                0x0000000000000c74        0x8
 .text.protected_write_io
                0x0000000000000c74        0x8 build/default/production/mcc_generated_files/src/protected_io.o
                0x0000000000000c74                protected_write_io

.text.send_slow1
                0x0000000000000c7c        0x8
 .text.send_slow1
                0x0000000000000c7c        0x8 build/default/production/main.o
                0x0000000000000c7c                send_slow1

.text.send_slow2
                0x0000000000000c84        0x8
 .text.send_slow2
                0x0000000000000c84        0x8 build/default/production/main.o
                0x0000000000000c84                send_slow2

.text.send_slow3
                0x0000000000000c8c        0x8
 .text.send_slow3
                0x0000000000000c8c        0x8 build/default/production/main.o
                0x0000000000000c8c                send_slow3

.text.send_slow4
                0x0000000000000c94        0x8
 .text.send_slow4
                0x0000000000000c94        0x8 build/default/production/main.o
                0x0000000000000c94                send_slow4

.text.SPI0_Close
                0x0000000000000c9c        0x6
 .text.SPI0_Close
                0x0000000000000c9c        0x6 build/default/production/mcc_generated_files/src/spi0.o
                0x0000000000000c9c                SPI0_Close

.text           0x0000000000000ca2        0x2
 .text          0x0000000000000ca2        0x2 C:/Program Files/Microchip/MPLABX/v6.00/packs/Microchip/ATtiny_DFP/2.7.128/xc8/avr/lib/avrxmega3/short-calls/crtattiny406.o
                0x0000000000000ca2                __vector_22
                0x0000000000000ca2                __vector_1
                0x0000000000000ca2                __vector_24
                0x0000000000000ca2                __vector_12
                0x0000000000000ca2                __bad_interrupt
                0x0000000000000ca2                __vector_6
                0x0000000000000ca2                __vector_3
                0x0000000000000ca2                __vector_23
                0x0000000000000ca2                __vector_25
                0x0000000000000ca2                __vector_11
                0x0000000000000ca2                __vector_13
                0x0000000000000ca2                __vector_17
                0x0000000000000ca2                __vector_19
                0x0000000000000ca2                __vector_7
                0x0000000000000ca2                __vector_9
                0x0000000000000ca2                __vector_21
                0x0000000000000ca2                __vector_15
                0x0000000000000ca2                __vector_8
                0x0000000000000ca2                __vector_14
                0x0000000000000ca2                __vector_10
                0x0000000000000ca2                __vector_16
                0x0000000000000ca2                __vector_18
                0x0000000000000ca2                __vector_20

.text.PORTB_slow_3_DefaultInterruptHandler
                0x0000000000000ca4        0x2
 .text.PORTB_slow_3_DefaultInterruptHandler
                0x0000000000000ca4        0x2 build/default/production/mcc_generated_files/src/pin_manager.o
                0x0000000000000ca4                PORTB_slow_3_DefaultInterruptHandler

.text.PORTB_slow_2_DefaultInterruptHandler
                0x0000000000000ca6        0x2
 .text.PORTB_slow_2_DefaultInterruptHandler
                0x0000000000000ca6        0x2 build/default/production/mcc_generated_files/src/pin_manager.o
                0x0000000000000ca6                PORTB_slow_2_DefaultInterruptHandler

.text.PORTC_LED_verte_DefaultInterruptHandler
                0x0000000000000ca8        0x2
 .text.PORTC_LED_verte_DefaultInterruptHandler
                0x0000000000000ca8        0x2 build/default/production/mcc_generated_files/src/pin_manager.o
                0x0000000000000ca8                PORTC_LED_verte_DefaultInterruptHandler

.text.PORTB_slow_4_DefaultInterruptHandler
                0x0000000000000caa        0x2
 .text.PORTB_slow_4_DefaultInterruptHandler
                0x0000000000000caa        0x2 build/default/production/mcc_generated_files/src/pin_manager.o
                0x0000000000000caa                PORTB_slow_4_DefaultInterruptHandler

.text.PORTC_BTN_NIV_DefaultInterruptHandler
                0x0000000000000cac        0x2
 .text.PORTC_BTN_NIV_DefaultInterruptHandler
                0x0000000000000cac        0x2 build/default/production/mcc_generated_files/src/pin_manager.o
                0x0000000000000cac                PORTC_BTN_NIV_DefaultInterruptHandler

.text.PORTB_slow_1_DefaultInterruptHandler
                0x0000000000000cae        0x2
 .text.PORTB_slow_1_DefaultInterruptHandler
                0x0000000000000cae        0x2 build/default/production/mcc_generated_files/src/pin_manager.o
                0x0000000000000cae                PORTB_slow_1_DefaultInterruptHandler

.text.PORTC_LED_jaune_DefaultInterruptHandler
                0x0000000000000cb0        0x2
 .text.PORTC_LED_jaune_DefaultInterruptHandler
                0x0000000000000cb0        0x2 build/default/production/mcc_generated_files/src/pin_manager.o
                0x0000000000000cb0                PORTC_LED_jaune_DefaultInterruptHandler

.text.PORTB_fast_DefaultInterruptHandler
                0x0000000000000cb2        0x2
 .text.PORTB_fast_DefaultInterruptHandler
                0x0000000000000cb2        0x2 build/default/production/mcc_generated_files/src/pin_manager.o
                0x0000000000000cb2                PORTB_fast_DefaultInterruptHandler

.text.PORTC_LED_rouge_DefaultInterruptHandler
                0x0000000000000cb4        0x2
 .text.PORTC_LED_rouge_DefaultInterruptHandler
                0x0000000000000cb4        0x2 build/default/production/mcc_generated_files/src/pin_manager.o
                0x0000000000000cb4                PORTC_LED_rouge_DefaultInterruptHandler

.text.__dummy_fini
                0x0000000000000cb6        0x2
 .text.__dummy_fini
                0x0000000000000cb6        0x2 c:/program files/microchip/xc8/v2.40/avr/bin/../lib/gcc/avr/5.4.0/../../../../avr/lib/avrxmega3/short-calls\libc.a(exit.o)
                0x0000000000000cb6                _fini

.text.__dummy_funcs_on_exit
                0x0000000000000cb8        0x2
 .text.__dummy_funcs_on_exit
                0x0000000000000cb8        0x2 c:/program files/microchip/xc8/v2.40/avr/bin/../lib/gcc/avr/5.4.0/../../../../avr/lib/avrxmega3/short-calls\libc.a(exit.o)
                0x0000000000000cb8                __funcs_on_exit

.text.__dummy_simulator_exit
                0x0000000000000cba        0x2
 .text.__dummy_simulator_exit
                0x0000000000000cba        0x2 c:/program files/microchip/xc8/v2.40/avr/bin/../lib/gcc/avr/5.4.0/../../../../avr/lib/avrxmega3/short-calls\libc.a(exit.o)
                0x0000000000000cba                __simulator_exit

.text._Exit     0x0000000000000cbc        0x2
 .text._Exit    0x0000000000000cbc        0x2 c:/program files/microchip/xc8/v2.40/avr/bin/../lib/gcc/avr/5.4.0/../../../../avr/lib/avrxmega3/short-calls\libc.a(_Exit.o)
                0x0000000000000cbc                _Exit

.data.spi0_configurations
                0x0000000000803f00        0x2 load address 0x0000000000000cbe
 .data.spi0_configurations
                0x0000000000803f00        0x2 build/default/production/mcc_generated_files/src/spi0.o
                0x0000000000803f00                spi0_configurations

.data.niveau    0x0000000000803f14        0x2 load address 0x0000000000000cc0
 .data.niveau   0x0000000000803f14        0x2 build/default/production/main.o
                0x0000000000803f14                niveau
